Archive member included to satisfy reference by file (symbol)

f:/work/arm-none-eabi-gcc/gcc-arm-none-eabi-10.3-2021.10-win32/gcc-arm-none-eabi-10.3-2021.10/bin/../lib/gcc/arm-none-eabi/10.3.1/thumb/v7e-m/nofp\libgcc.a(_arm_muldf3.o)
                              CMakeFiles/S15909_H750.elf.dir/Core/Src/cJSON.c.obj (__aeabi_dmul)
f:/work/arm-none-eabi-gcc/gcc-arm-none-eabi-10.3-2021.10-win32/gcc-arm-none-eabi-10.3-2021.10/bin/../lib/gcc/arm-none-eabi/10.3.1/thumb/v7e-m/nofp\libgcc.a(_arm_mulsf3.o)
                              CMakeFiles/S15909_H750.elf.dir/Core/Src/system_stm32h7xx.c.obj (__aeabi_fmul)
f:/work/arm-none-eabi-gcc/gcc-arm-none-eabi-10.3-2021.10-win32/gcc-arm-none-eabi-10.3-2021.10/bin/../lib/gcc/arm-none-eabi/10.3.1/thumb/v7e-m/nofp\libgcc.a(_arm_addsubdf3.o)
                              CMakeFiles/S15909_H750.elf.dir/Core/Src/cJSON.c.obj (__aeabi_dsub)
f:/work/arm-none-eabi-gcc/gcc-arm-none-eabi-10.3-2021.10-win32/gcc-arm-none-eabi-10.3-2021.10/bin/../lib/gcc/arm-none-eabi/10.3.1/thumb/v7e-m/nofp\libgcc.a(_arm_cmpdf2.o)
                              CMakeFiles/S15909_H750.elf.dir/Core/Src/cJSON.c.obj (__aeabi_dcmpeq)
f:/work/arm-none-eabi-gcc/gcc-arm-none-eabi-10.3-2021.10-win32/gcc-arm-none-eabi-10.3-2021.10/bin/../lib/gcc/arm-none-eabi/10.3.1/thumb/v7e-m/nofp\libgcc.a(_arm_unorddf2.o)
                              CMakeFiles/S15909_H750.elf.dir/Core/Src/cJSON.c.obj (__aeabi_dcmpun)
f:/work/arm-none-eabi-gcc/gcc-arm-none-eabi-10.3-2021.10-win32/gcc-arm-none-eabi-10.3-2021.10/bin/../lib/gcc/arm-none-eabi/10.3.1/thumb/v7e-m/nofp\libgcc.a(_arm_fixdfsi.o)
                              CMakeFiles/S15909_H750.elf.dir/Core/Src/cJSON.c.obj (__aeabi_d2iz)
f:/work/arm-none-eabi-gcc/gcc-arm-none-eabi-10.3-2021.10-win32/gcc-arm-none-eabi-10.3-2021.10/bin/../lib/gcc/arm-none-eabi/10.3.1/thumb/v7e-m/nofp\libgcc.a(_arm_addsubsf3.o)
                              CMakeFiles/S15909_H750.elf.dir/Core/Src/system_stm32h7xx.c.obj (__aeabi_fadd)
f:/work/arm-none-eabi-gcc/gcc-arm-none-eabi-10.3-2021.10-win32/gcc-arm-none-eabi-10.3-2021.10/bin/../lib/gcc/arm-none-eabi/10.3.1/thumb/v7e-m/nofp\libgcc.a(_arm_muldivsf3.o)
                              CMakeFiles/S15909_H750.elf.dir/Core/Src/system_stm32h7xx.c.obj (__aeabi_fdiv)
f:/work/arm-none-eabi-gcc/gcc-arm-none-eabi-10.3-2021.10-win32/gcc-arm-none-eabi-10.3-2021.10/bin/../lib/gcc/arm-none-eabi/10.3.1/thumb/v7e-m/nofp\libgcc.a(_arm_fixunssfsi.o)
                              CMakeFiles/S15909_H750.elf.dir/Core/Src/system_stm32h7xx.c.obj (__aeabi_f2uiz)
f:/work/arm-none-eabi-gcc/gcc-arm-none-eabi-10.3-2021.10-win32/gcc-arm-none-eabi-10.3-2021.10/bin/../lib/gcc/arm-none-eabi/10.3.1/thumb/v7e-m/nofp\libgcc.a(_aeabi_uldivmod.o)
                              CMakeFiles/S15909_H750.elf.dir/Drivers/STM32H7xx_HAL_Driver/Src/stm32h7xx_hal_uart.c.obj (__aeabi_uldivmod)
f:/work/arm-none-eabi-gcc/gcc-arm-none-eabi-10.3-2021.10-win32/gcc-arm-none-eabi-10.3-2021.10/bin/../lib/gcc/arm-none-eabi/10.3.1/thumb/v7e-m/nofp\libgcc.a(_udivmoddi4.o)
                              f:/work/arm-none-eabi-gcc/gcc-arm-none-eabi-10.3-2021.10-win32/gcc-arm-none-eabi-10.3-2021.10/bin/../lib/gcc/arm-none-eabi/10.3.1/thumb/v7e-m/nofp\libgcc.a(_aeabi_uldivmod.o) (__udivmoddi4)
f:/work/arm-none-eabi-gcc/gcc-arm-none-eabi-10.3-2021.10-win32/gcc-arm-none-eabi-10.3-2021.10/bin/../lib/gcc/arm-none-eabi/10.3.1/thumb/v7e-m/nofp\libgcc.a(_dvmd_tls.o)
                              f:/work/arm-none-eabi-gcc/gcc-arm-none-eabi-10.3-2021.10-win32/gcc-arm-none-eabi-10.3-2021.10/bin/../lib/gcc/arm-none-eabi/10.3.1/thumb/v7e-m/nofp\libgcc.a(_aeabi_uldivmod.o) (__aeabi_ldiv0)
f:/work/arm-none-eabi-gcc/gcc-arm-none-eabi-10.3-2021.10-win32/gcc-arm-none-eabi-10.3-2021.10/bin/../lib/gcc/arm-none-eabi/10.3.1/../../../../arm-none-eabi/lib/thumb/v7e-m/nofp\libg.a(lib_a-ctype_.o)
                              CMakeFiles/S15909_H750.elf.dir/Core/Src/cJSON.c.obj (_ctype_)
f:/work/arm-none-eabi-gcc/gcc-arm-none-eabi-10.3-2021.10-win32/gcc-arm-none-eabi-10.3-2021.10/bin/../lib/gcc/arm-none-eabi/10.3.1/../../../../arm-none-eabi/lib/thumb/v7e-m/nofp\libg.a(lib_a-errno.o)
                              CMakeFiles/S15909_H750.elf.dir/Core/Src/retarget.c.obj (__errno)
f:/work/arm-none-eabi-gcc/gcc-arm-none-eabi-10.3-2021.10-win32/gcc-arm-none-eabi-10.3-2021.10/bin/../lib/gcc/arm-none-eabi/10.3.1/../../../../arm-none-eabi/lib/thumb/v7e-m/nofp\libg.a(lib_a-exit.o)
                              f:/work/arm-none-eabi-gcc/gcc-arm-none-eabi-10.3-2021.10-win32/gcc-arm-none-eabi-10.3-2021.10/bin/../lib/gcc/arm-none-eabi/10.3.1/../../../../arm-none-eabi/lib/thumb/v7e-m/nofp/crt0.o (exit)
f:/work/arm-none-eabi-gcc/gcc-arm-none-eabi-10.3-2021.10-win32/gcc-arm-none-eabi-10.3-2021.10/bin/../lib/gcc/arm-none-eabi/10.3.1/../../../../arm-none-eabi/lib/thumb/v7e-m/nofp\libg.a(lib_a-impure.o)
[...]
Memory Configuration

Name             Origin             Length             Attributes
FLASH            0x08000000         0x00020000         xr
DTCMRAM          0x20000000         0x00020000         xrw
RAM_D1           0x24000000         0x00080000         xrw
RAM_D2           0x30000000         0x00048000         xrw
RAM_D3           0x38000000         0x00010000         xrw
ITCMRAM          0x00000000         0x00010000         xrw
*default*        0x00000000         0xffffffff

Linker script and memory map

LOAD f:/work/arm-none-eabi-gcc/gcc-arm-none-eabi-10.3-2021.10-win32/gcc-arm-none-eabi-10.3-2021.10/bin/../lib/gcc/arm-none-eabi/10.3.1/thumb/v7e-m/nofp/crti.o
LOAD f:/work/arm-none-eabi-gcc/gcc-arm-none-eabi-10.3-2021.10-win32/gcc-arm-none-eabi-10.3-2021.10/bin/../lib/gcc/arm-none-eabi/10.3.1/thumb/v7e-m/nofp/crtbegin.o
LOAD f:/work/arm-none-eabi-gcc/gcc-arm-none-eabi-10.3-2021.10-win32/gcc-arm-none-eabi-10.3-2021.10/bin/../lib/gcc/arm-none-eabi/10.3.1/../../../../arm-none-eabi/lib/thumb/v7e-m/nofp/crt0.o
LOAD CMakeFiles/S15909_H750.elf.dir/Core/Src/Communication_Protocol.c.obj
LOAD CMakeFiles/S15909_H750.elf.dir/Core/Src/Control_Adjustment.c.obj
LOAD CMakeFiles/S15909_H750.elf.dir/Core/Src/Dma_Send.c.obj
LOAD CMakeFiles/S15909_H750.elf.dir/Core/Src/Get_Parameters.c.obj
LOAD CMakeFiles/S15909_H750.elf.dir/Core/Src/Judge.c.obj
LOAD CMakeFiles/S15909_H750.elf.dir/Core/Src/SerialDataProcess.c.obj
LOAD CMakeFiles/S15909_H750.elf.dir/Core/Src/Store_Information.c.obj
LOAD CMakeFiles/S15909_H750.elf.dir/Core/Src/adc.c.obj
LOAD CMakeFiles/S15909_H750.elf.dir/Core/Src/cJSON.c.obj
LOAD CMakeFiles/S15909_H750.elf.dir/Core/Src/cJSON_Test.c.obj
LOAD CMakeFiles/S15909_H750.elf.dir/Core/Src/dma.c.obj
LOAD CMakeFiles/S15909_H750.elf.dir/Core/Src/gpio.c.obj
LOAD CMakeFiles/S15909_H750.elf.dir/Core/Src/main.c.obj
LOAD CMakeFiles/S15909_H750.elf.dir/Core/Src/retarget.c.obj
LOAD CMakeFiles/S15909_H750.elf.dir/Core/Src/stm32h7xx_hal_msp.c.obj
LOAD CMakeFiles/S15909_H750.elf.dir/Core/Src/stm32h7xx_it.c.obj
LOAD CMakeFiles/S15909_H750.elf.dir/Core/Src/syscalls.c.obj
LOAD CMakeFiles/S15909_H750.elf.dir/Core/Src/sysmem.c.obj
LOAD CMakeFiles/S15909_H750.elf.dir/Core/Src/system_stm32h7xx.c.obj
LOAD CMakeFiles/S15909_H750.elf.dir/Core/Src/tim.c.obj
LOAD CMakeFiles/S15909_H750.elf.dir/Core/Src/usart.c.obj
LOAD CMakeFiles/S15909_H750.elf.dir/Core/Startup/startup_stm32h750vbtx.s.obj
LOAD CMakeFiles/S15909_H750.elf.dir/Drivers/STM32H7xx_HAL_Driver/Src/stm32h7xx_hal.c.obj
LOAD CMakeFiles/S15909_H750.elf.dir/Drivers/STM32H7xx_HAL_Driver/Src/stm32h7xx_hal_adc.c.obj
LOAD CMakeFiles/S15909_H750.elf.dir/Drivers/STM32H7xx_HAL_Driver/Src/stm32h7xx_hal_adc_ex.c.obj
LOAD CMakeFiles/S15909_H750.elf.dir/Drivers/STM32H7xx_HAL_Driver/Src/stm32h7xx_hal_cortex.c.obj
LOAD CMakeFiles/S15909_H750.elf.dir/Drivers/STM32H7xx_HAL_Driver/Src/stm32h7xx_hal_dma.c.obj
LOAD CMakeFiles/S15909_H750.elf.dir/Drivers/STM32H7xx_HAL_Driver/Src/stm32h7xx_hal_dma_ex.c.obj
LOAD CMakeFiles/S15909_H750.elf.dir/Drivers/STM32H7xx_HAL_Driver/Src/stm32h7xx_hal_exti.c.obj
LOAD CMakeFiles/S15909_H750.elf.dir/Drivers/STM32H7xx_HAL_Driver/Src/stm32h7xx_hal_flash.c.obj
LOAD CMakeFiles/S15909_H750.elf.dir/Drivers/STM32H7xx_HAL_Driver/Src/stm32h7xx_hal_flash_ex.c.obj
LOAD CMakeFiles/S15909_H750.elf.dir/Drivers/STM32H7xx_HAL_Driver/Src/stm32h7xx_hal_gpio.c.obj
LOAD CMakeFiles/S15909_H750.elf.dir/Drivers/STM32H7xx_HAL_Driver/Src/stm32h7xx_hal_hsem.c.obj
LOAD CMakeFiles/S15909_H750.elf.dir/Drivers/STM32H7xx_HAL_Driver/Src/stm32h7xx_hal_i2c.c.obj
LOAD CMakeFiles/S15909_H750.elf.dir/Drivers/STM32H7xx_HAL_Driver/Src/stm32h7xx_hal_i2c_ex.c.obj
LOAD CMakeFiles/S15909_H750.elf.dir/Drivers/STM32H7xx_HAL_Driver/Src/stm32h7xx_hal_mdma.c.obj
LOAD CMakeFiles/S15909_H750.elf.dir/Drivers/STM32H7xx_HAL_Driver/Src/stm32h7xx_hal_pwr.c.obj
LOAD CMakeFiles/S15909_H750.elf.dir/Drivers/STM32H7xx_HAL_Driver/Src/stm32h7xx_hal_pwr_ex.c.obj
LOAD CMakeFiles/S15909_H750.elf.dir/Drivers/STM32H7xx_HAL_Driver/Src/stm32h7xx_hal_rcc.c.obj
LOAD CMakeFiles/S15909_H750.elf.dir/Drivers/STM32H7xx_HAL_Driver/Src/stm32h7xx_hal_rcc_ex.c.obj
LOAD CMakeFiles/S15909_H750.elf.dir/Drivers/STM32H7xx_HAL_Driver/Src/stm32h7xx_hal_tim.c.obj
LOAD CMakeFiles/S15909_H750.elf.dir/Drivers/STM32H7xx_HAL_Driver/Src/stm32h7xx_hal_tim_ex.c.obj
LOAD CMakeFiles/S15909_H750.elf.dir/Drivers/STM32H7xx_HAL_Driver/Src/stm32h7xx_hal_uart.c.obj
LOAD CMakeFiles/S15909_H750.elf.dir/Drivers/STM32H7xx_HAL_Driver/Src/stm32h7xx_hal_uart_ex.c.obj
START GROUP
LOAD f:/work/arm-none-eabi-gcc/gcc-arm-none-eabi-10.3-2021.10-win32/gcc-arm-none-eabi-10.3-2021.10/bin/../lib/gcc/arm-none-eabi/10.3.1/thumb/v7e-m/nofp\libgcc.a
LOAD f:/work/arm-none-eabi-gcc/gcc-arm-none-eabi-10.3-2021.10-win32/gcc-arm-none-eabi-10.3-2021.10/bin/../lib/gcc/arm-none-eabi/10.3.1/../../../../arm-none-eabi/lib/thumb/v7e-m/nofp\libg.a
LOAD f:/work/arm-none-eabi-gcc/gcc-arm-none-eabi-10.3-2021.10-win32/gcc-arm-none-eabi-10.3-2021.10/bin/../lib/gcc/arm-none-eabi/10.3.1/../../../../arm-none-eabi/lib/thumb/v7e-m/nofp\libc.a
END GROUP
LOAD f:/work/arm-none-eabi-gcc/gcc-arm-none-eabi-10.3-2021.10-win32/gcc-arm-none-eabi-10.3-2021.10/bin/../lib/gcc/arm-none-eabi/10.3.1/thumb/v7e-m/nofp/crtend.o
LOAD f:/work/arm-none-eabi-gcc/gcc-arm-none-eabi-10.3-2021.10-win32/gcc-arm-none-eabi-10.3-2021.10/bin/../lib/gcc/arm-none-eabi/10.3.1/thumb/v7e-m/nofp/crtn.o
                0x24080000                _estack = (ORIGIN (RAM_D1) + LENGTH (RAM_D1))
                0x00000400                _Min_Heap_Size = 0x400
                0x00000400                _Min_Stack_Size = 0x400

.isr_vector     0x08000000      0x298
                0x08000000                . = ALIGN (0x4)
 *(.isr_vector)
 .isr_vector    0x08000000      0x298 CMakeFiles/S15909_H750.elf.dir/Core/Startup/startup_stm32h750vbtx.s.obj
                0x08000000                g_pfnVectors
                0x08000298                . = ALIGN (0x4)

.text           0x080002c0    0x15f84
                0x080002c0                . = ALIGN (0x4)
 *(.text)
 .text          0x080002c0       0x40 f:/work/arm-none-eabi-gcc/gcc-arm-none-eabi-10.3-2021.10-win32/gcc-arm-none-eabi-10.3-2021.10/bin/../lib/gcc/arm-none-eabi/10.3.1/thumb/v7e-m/nofp/crtbegin.o
 .text          0x08000300      0x378 f:/work/arm-none-eabi-gcc/gcc-arm-none-eabi-10.3-2021.10-win32/gcc-arm-none-eabi-10.3-2021.10/bin/../lib/gcc/arm-none-eabi/10.3.1/thumb/v7e-m/nofp\libgcc.a(_arm_addsubdf3.o)
                0x08000300                __aeabi_drsub
                0x08000308                __aeabi_dsub
                0x08000308                __subdf3
                0x0800030c                __aeabi_dadd
                0x0800030c                __adddf3
                0x08000584                __floatunsidf
                0x08000584                __aeabi_ui2d
                0x080005a4                __floatsidf
                0x080005a4                __aeabi_i2d
                0x080005c8                __aeabi_f2d
                0x080005c8                __extendsfdf2
                0x0800060c                __floatundidf
                0x0800060c                __aeabi_ul2d
                0x0800061c                __floatdidf
                0x0800061c                __aeabi_l2d
 .text          0x08000678      0x110 f:/work/arm-none-eabi-gcc/gcc-arm-none-eabi-10.3-2021.10-win32/gcc-arm-none-eabi-10.3-2021.10/bin/../lib/gcc/arm-none-eabi/10.3.1/thumb/v7e-m/nofp\libgcc.a(_arm_cmpdf2.o)
                0x08000678                __gtdf2
                0x08000678                __gedf2
                0x08000680                __ltdf2
                0x08000680                __ledf2
                0x08000688                __nedf2
                0x08000688                __eqdf2
                0x08000688                __cmpdf2
                0x08000704                __aeabi_cdrcmple
                0x08000714                __aeabi_cdcmpeq
                0x08000714                __aeabi_cdcmple
                0x08000724                __aeabi_dcmpeq
                0x08000738                __aeabi_dcmplt
                0x0800074c                __aeabi_dcmple
                0x08000760                __aeabi_dcmpge
                0x08000774                __aeabi_dcmpgt
 .text          0x08000788       0x2c f:/work/arm-none-eabi-gcc/gcc-arm-none-eabi-10.3-2021.10-win32/gcc-arm-none-eabi-10.3-2021.10/bin/../lib/gcc/arm-none-eabi/10.3.1/thumb/v7e-m/nofp\libgcc.a(_arm_unorddf2.o)
                0x08000788                __unorddf2
                0x08000788                __aeabi_dcmpun
 .text          0x080007b4       0x50 f:/work/arm-none-eabi-gcc/gcc-arm-none-eabi-10.3-2021.10-win32/gcc-arm-none-eabi-10.3-2021.10/bin/../lib/gcc/arm-none-eabi/10.3.1/thumb/v7e-m/nofp\libgcc.a(_arm_fixdfsi.o)
                0x080007b4                __aeabi_d2iz
                0x080007b4                __fixdfsi
 .text          0x08000804      0x21c f:/work/arm-none-eabi-gcc/gcc-arm-none-eabi-10.3-2021.10-win32/gcc-arm-none-eabi-10.3-2021.10/bin/../lib/gcc/arm-none-eabi/10.3.1/thumb/v7e-m/nofp\libgcc.a(_arm_addsubsf3.o)
                0x08000804                __aeabi_frsub
                0x0800080c                __subsf3
                0x0800080c                __aeabi_fsub
                0x08000810                __aeabi_fadd
                0x08000810                __addsf3
                0x08000970                __aeabi_ui2f
                0x08000970                __floatunsisf
                0x08000978                __aeabi_i2f
                0x08000978                __floatsisf
                0x08000994                __aeabi_ul2f
                0x08000994                __floatundisf
                0x080009a4                __aeabi_l2f
                0x080009a4                __floatdisf
 .text          0x08000a20      0x2a0 f:/work/arm-none-eabi-gcc/gcc-arm-none-eabi-10.3-2021.10-win32/gcc-arm-none-eabi-10.3-2021.10/bin/../lib/gcc/arm-none-eabi/10.3.1/thumb/v7e-m/nofp\libgcc.a(_arm_muldivsf3.o)
                0x08000a20                __mulsf3
                0x08000a20                __aeabi_fmul
                0x08000b88                __aeabi_fdiv
                0x08000b88                __divsf3
 .text          0x08000cc0       0x40 f:/work/arm-none-eabi-gcc/gcc-arm-none-eabi-10.3-2021.10-win32/gcc-arm-none-eabi-10.3-2021.10/bin/../lib/gcc/arm-none-eabi/10.3.1/thumb/v7e-m/nofp\libgcc.a(_arm_fixunssfsi.o)
                0x08000cc0                __fixunssfsi
                0x08000cc0                __aeabi_f2uiz
 .text          0x08000d00       0x30 f:/work/arm-none-eabi-gcc/gcc-arm-none-eabi-10.3-2021.10-win32/gcc-arm-none-eabi-10.3-2021.10/bin/../lib/gcc/arm-none-eabi/10.3.1/thumb/v7e-m/nofp\libgcc.a(_aeabi_uldivmod.o)
                0x08000d00                __aeabi_uldivmod
 .text          0x08000d30      0x2d0 f:/work/arm-none-eabi-gcc/gcc-arm-none-eabi-10.3-2021.10-win32/gcc-arm-none-eabi-10.3-2021.10/bin/../lib/gcc/arm-none-eabi/10.3.1/thumb/v7e-m/nofp\libgcc.a(_udivmoddi4.o)
                0x08000d30                __udivmoddi4
 .text          0x08001000        0x4 f:/work/arm-none-eabi-gcc/gcc-arm-none-eabi-10.3-2021.10-win32/gcc-arm-none-eabi-10.3-2021.10/bin/../lib/gcc/arm-none-eabi/10.3.1/thumb/v7e-m/nofp\libgcc.a(_dvmd_tls.o)
                0x08001000                __aeabi_idiv0
                0x08001000                __aeabi_ldiv0
 .text          0x08001004      0x134 f:/work/arm-none-eabi-gcc/gcc-arm-none-eabi-10.3-2021.10-win32/gcc-arm-none-eabi-10.3-2021.10/bin/../lib/gcc/arm-none-eabi/10.3.1/../../../../arm-none-eabi/lib/thumb/v7e-m/nofp\libg.a(lib_a-memcpy.o)
                0x08001004                memcpy
 *fill*         0x08001138        0x8 
 .text          0x08001140      0x2dc f:/work/arm-none-eabi-gcc/gcc-arm-none-eabi-10.3-2021.10-win32/gcc-arm-none-eabi-10.3-2021.10/bin/../lib/gcc/arm-none-eabi/10.3.1/../../../../arm-none-eabi/lib/thumb/v7e-m/nofp\libg.a(lib_a-strcmp.o)
                0x08001148                strcmp
 *fill*         0x0800141c       0x24 
 .text          0x08001440       0xdc f:/work/arm-none-eabi-gcc/gcc-arm-none-eabi-10.3-2021.10-win32/gcc-arm-none-eabi-10.3-2021.10/bin/../lib/gcc/arm-none-eabi/10.3.1/../../../../arm-none-eabi/lib/thumb/v7e-m/nofp\libg.a(lib_a-strlen.o)
                0x08001440                strlen
 *fill*         0x0800151c        0x4 
 .text          0x08001520       0xa0 f:/work/arm-none-eabi-gcc/gcc-arm-none-eabi-10.3-2021.10-win32/gcc-arm-none-eabi-10.3-2021.10/bin/../lib/gcc/arm-none-eabi/10.3.1/../../../../arm-none-eabi/lib/thumb/v7e-m/nofp\libg.a(lib_a-memchr.o)
                0x08001520                memchr
 .text          0x080015c0      0x424 f:/work/arm-none-eabi-gcc/gcc-arm-none-eabi-10.3-2021.10-win32/gcc-arm-none-eabi-10.3-2021.10/bin/../lib/gcc/arm-none-eabi/10.3.1/thumb/v7e-m/nofp\libgcc.a(_arm_muldivdf3.o)
                0x080015c0                __aeabi_dmul
                0x080015c0                __muldf3
                0x08001814                __divdf3
                0x08001814                __aeabi_ddiv
 .text          0x080019e4       0x40 f:/work/arm-none-eabi-gcc/gcc-arm-none-eabi-10.3-2021.10-win32/gcc-arm-none-eabi-10.3-2021.10/bin/../lib/gcc/arm-none-eabi/10.3.1/thumb/v7e-m/nofp\libgcc.a(_arm_fixunsdfsi.o)
                0x080019e4                __aeabi_d2uiz
                0x080019e4                __fixunsdfsi
 .text          0x08001a24       0xa0 f:/work/arm-none-eabi-gcc/gcc-arm-none-eabi-10.3-2021.10-win32/gcc-arm-none-eabi-10.3-2021.10/bin/../lib/gcc/arm-none-eabi/10.3.1/thumb/v7e-m/nofp\libgcc.a(_arm_truncdfsf2.o)
                0x08001a24                __truncdfsf2
                0x08001a24                __aeabi_d2f
 .text          0x08001ac4       0x34 f:/work/arm-none-eabi-gcc/gcc-arm-none-eabi-10.3-2021.10-win32/gcc-arm-none-eabi-10.3-2021.10/bin/../lib/gcc/arm-none-eabi/10.3.1/thumb/v7e-m/nofp\libgcc.a(_fixdfdi.o)
                0x08001ac4                __fixdfdi
                0x08001ac4                __aeabi_d2lz
 .text          0x08001af8       0x3c f:/work/arm-none-eabi-gcc/gcc-arm-none-eabi-10.3-2021.10-win32/gcc-arm-none-eabi-10.3-2021.10/bin/../lib/gcc/arm-none-eabi/10.3.1/thumb/v7e-m/nofp\libgcc.a(_fixunsdfdi.o)
                0x08001af8                __fixunsdfdi
                0x08001af8                __aeabi_d2ulz
 *(.text*)
 .text.IRIS_Cut_Befor_Header
                0x08001b34       0x54 CMakeFiles/S15909_H750.elf.dir/Core/Src/Communication_Protocol.c.obj
                0x08001b34                IRIS_Cut_Befor_Header
 .text.IRIS_calcCRC
                0x08001b88       0x42 CMakeFiles/S15909_H750.elf.dir/Core/Src/Communication_Protocol.c.obj
                0x08001b88                IRIS_calcCRC
 .text.IRIS_Protocol_Pack
                0x08001bca       0x56 CMakeFiles/S15909_H750.elf.dir/Core/Src/Communication_Protocol.c.obj
                0x08001bca                IRIS_Protocol_Pack
 .text.IRIS_Protocol_Unpack
                0x08001c20       0xa4 CMakeFiles/S15909_H750.elf.dir/Core/Src/Communication_Protocol.c.obj
                0x08001c20                IRIS_Protocol_Unpack
 .text.DMA_Send
                0x08001cc4      0x180 CMakeFiles/S15909_H750.elf.dir/Core/Src/Dma_Send.c.obj
                0x08001cc4                DMA_Send
 *fill*         0x08001e44        0x4 
 .text.Judge    0x08001e48      0x65c CMakeFiles/S15909_H750.elf.dir/Core/Src/Judge.c.obj
                0x08001e48                Judge
 .text.SerialDataProcess
                0x080024a4       0x68 CMakeFiles/S15909_H750.elf.dir/Core/Src/SerialDataProcess.c.obj
                0x080024a4                SerialDataProcess
 .text.MX_ADC1_Init
                0x0800250c       0xc0 CMakeFiles/S15909_H750.elf.dir/Core/Src/adc.c.obj
                0x0800250c                MX_ADC1_Init
 .text.HAL_ADC_MspInit
                0x080025cc       0xa8 CMakeFiles/S15909_H750.elf.dir/Core/Src/adc.c.obj
                0x080025cc                HAL_ADC_MspInit
 .text.case_insensitive_strcmp
                0x08002674       0x64 CMakeFiles/S15909_H750.elf.dir/Core/Src/cJSON.c.obj
 .text.get_decimal_point
                0x080026d8        0x4 CMakeFiles/S15909_H750.elf.dir/Core/Src/cJSON.c.obj
 .text.compare_double
                0x080026dc       0x64 CMakeFiles/S15909_H750.elf.dir/Core/Src/cJSON.c.obj
 .text.parse_hex4
                0x08002740       0x4c CMakeFiles/S15909_H750.elf.dir/Core/Src/cJSON.c.obj
 .text.utf16_literal_to_utf8
                0x0800278c       0xec CMakeFiles/S15909_H750.elf.dir/Core/Src/cJSON.c.obj
 .text.parse_string
                0x08002878      0x15c CMakeFiles/S15909_H750.elf.dir/Core/Src/cJSON.c.obj
 .text.buffer_skip_whitespace
                0x080029d4       0x3c CMakeFiles/S15909_H750.elf.dir/Core/Src/cJSON.c.obj
 .text.suffix_object
                0x08002a10        0x6 CMakeFiles/S15909_H750.elf.dir/Core/Src/cJSON.c.obj
 .text.add_item_to_array
                0x08002a16       0x3c CMakeFiles/S15909_H750.elf.dir/Core/Src/cJSON.c.obj
 .text.cast_away_const
                0x08002a52        0x2 CMakeFiles/S15909_H750.elf.dir/Core/Src/cJSON.c.obj
 .text.update_offset
                0x08002a54       0x1a CMakeFiles/S15909_H750.elf.dir/Core/Src/cJSON.c.obj
 .text.cJSON_strdup
                0x08002a6e       0x28 CMakeFiles/S15909_H750.elf.dir/Core/Src/cJSON.c.obj
 .text.add_item_to_object
                0x08002a96       0x74 CMakeFiles/S15909_H750.elf.dir/Core/Src/cJSON.c.obj
 .text.ensure   0x08002b0a       0xa6 CMakeFiles/S15909_H750.elf.dir/Core/Src/cJSON.c.obj
 .text.cJSON_New_Item
                0x08002bb0       0x18 CMakeFiles/S15909_H750.elf.dir/Core/Src/cJSON.c.obj
 .text.skip_utf8_bom
                0x08002bc8       0x38 CMakeFiles/S15909_H750.elf.dir/Core/Src/cJSON.c.obj
 .text.parse_number
                0x08002c00      0x164 CMakeFiles/S15909_H750.elf.dir/Core/Src/cJSON.c.obj
 .text.print_string_ptr
                0x08002d64      0x14c CMakeFiles/S15909_H750.elf.dir/Core/Src/cJSON.c.obj
 .text.print_string
                0x08002eb0        0xa CMakeFiles/S15909_H750.elf.dir/Core/Src/cJSON.c.obj
 *fill*         0x08002eba        0x2 
 .text.print_number
                0x08002ebc      0x140 CMakeFiles/S15909_H750.elf.dir/Core/Src/cJSON.c.obj
 .text.print_value
                0x08002ffc      0x10c CMakeFiles/S15909_H750.elf.dir/Core/Src/cJSON.c.obj
 .text.print    0x08003108       0xa4 CMakeFiles/S15909_H750.elf.dir/Core/Src/cJSON.c.obj
 .text.print_array
                0x080031ac       0xa8 CMakeFiles/S15909_H750.elf.dir/Core/Src/cJSON.c.obj
 .text.print_object
                0x08003254      0x16a CMakeFiles/S15909_H750.elf.dir/Core/Src/cJSON.c.obj
 .text.get_object_item
                0x080033be       0x4c CMakeFiles/S15909_H750.elf.dir/Core/Src/cJSON.c.obj
 *fill*         0x0800340a        0x2 
 .text.cJSON_Delete
                0x0800340c       0x54 CMakeFiles/S15909_H750.elf.dir/Core/Src/cJSON.c.obj
                0x0800340c                cJSON_Delete
 .text.parse_object
                0x08003460      0x130 CMakeFiles/S15909_H750.elf.dir/Core/Src/cJSON.c.obj
 .text.parse_value
                0x08003590      0x108 CMakeFiles/S15909_H750.elf.dir/Core/Src/cJSON.c.obj
 .text.parse_array
                0x08003698       0xec CMakeFiles/S15909_H750.elf.dir/Core/Src/cJSON.c.obj
 .text.cJSON_ParseWithLengthOpts
                0x08003784       0xd0 CMakeFiles/S15909_H750.elf.dir/Core/Src/cJSON.c.obj
                0x08003784                cJSON_ParseWithLengthOpts
 .text.cJSON_ParseWithOpts
                0x08003854       0x1c CMakeFiles/S15909_H750.elf.dir/Core/Src/cJSON.c.obj
                0x08003854                cJSON_ParseWithOpts
 .text.cJSON_Parse
                0x08003870        0xc CMakeFiles/S15909_H750.elf.dir/Core/Src/cJSON.c.obj
                0x08003870                cJSON_Parse
 .text.cJSON_Print
                0x0800387c       0x10 CMakeFiles/S15909_H750.elf.dir/Core/Src/cJSON.c.obj
                0x0800387c                cJSON_Print
 .text.cJSON_GetObjectItem
                0x0800388c        0xa CMakeFiles/S15909_H750.elf.dir/Core/Src/cJSON.c.obj
                0x0800388c                cJSON_GetObjectItem
 .text.cJSON_GetObjectItemCaseSensitive
                0x08003896        0xa CMakeFiles/S15909_H750.elf.dir/Core/Src/cJSON.c.obj
                0x08003896                cJSON_GetObjectItemCaseSensitive
 .text.cJSON_CreateNumber
                0x080038a0       0x68 CMakeFiles/S15909_H750.elf.dir/Core/Src/cJSON.c.obj
                0x080038a0                cJSON_CreateNumber
 .text.cJSON_AddNumberToObject
                0x08003908       0x38 CMakeFiles/S15909_H750.elf.dir/Core/Src/cJSON.c.obj
                0x08003908                cJSON_AddNumberToObject
 .text.cJSON_CreateString
                0x08003940       0x34 CMakeFiles/S15909_H750.elf.dir/Core/Src/cJSON.c.obj
                0x08003940                cJSON_CreateString
 .text.cJSON_AddStringToObject
                0x08003974       0x38 CMakeFiles/S15909_H750.elf.dir/Core/Src/cJSON.c.obj
                0x08003974                cJSON_AddStringToObject
 .text.cJSON_CreateObject
                0x080039ac       0x14 CMakeFiles/S15909_H750.elf.dir/Core/Src/cJSON.c.obj
                0x080039ac                cJSON_CreateObject
 .text.cJSON_IsNumber
                0x080039c0       0x12 CMakeFiles/S15909_H750.elf.dir/Core/Src/cJSON.c.obj
                0x080039c0                cJSON_IsNumber
 .text.cJSON_IsObject
                0x080039d2       0x12 CMakeFiles/S15909_H750.elf.dir/Core/Src/cJSON.c.obj
                0x080039d2                cJSON_IsObject
 .text.cjson    0x080039e4       0xdc CMakeFiles/S15909_H750.elf.dir/Core/Src/cJSON_Test.c.obj
                0x080039e4                cjson
 .text.GetParametesptr
                0x08003ac0        0x8 CMakeFiles/S15909_H750.elf.dir/Core/Src/cJSON_Test.c.obj
                0x08003ac0                GetParametesptr
 .text.MX_DMA_Init
                0x08003ac8       0x38 CMakeFiles/S15909_H750.elf.dir/Core/Src/dma.c.obj
                0x08003ac8                MX_DMA_Init
 .text.MX_GPIO_Init
                0x08003b00       0xe0 CMakeFiles/S15909_H750.elf.dir/Core/Src/gpio.c.obj
                0x08003b00                MX_GPIO_Init
 .text.MPU_Config
                0x08003be0       0x56 CMakeFiles/S15909_H750.elf.dir/Core/Src/main.c.obj
 .text.Error_Handler
                0x08003c36        0x4 CMakeFiles/S15909_H750.elf.dir/Core/Src/main.c.obj
                0x08003c36                Error_Handler
 *fill*         0x08003c3a        0x2 
 .text.SystemClock_Config
                0x08003c3c      0x118 CMakeFiles/S15909_H750.elf.dir/Core/Src/main.c.obj
                0x08003c3c                SystemClock_Config
 .text.PeriphCommonClock_Config
                0x08003d54       0x2a CMakeFiles/S15909_H750.elf.dir/Core/Src/main.c.obj
                0x08003d54                PeriphCommonClock_Config
 *fill*         0x08003d7e        0x2 
 .text.main     0x08003d80       0xfc CMakeFiles/S15909_H750.elf.dir/Core/Src/main.c.obj
                0x08003d80                main
 .text.RetargetInit
                0x08003e7c       0x20 CMakeFiles/S15909_H750.elf.dir/Core/Src/retarget.c.obj
                0x08003e7c                RetargetInit
 .text._isatty  0x08003e9c       0x16 CMakeFiles/S15909_H750.elf.dir/Core/Src/retarget.c.obj
                0x08003e9c                _isatty
 *fill*         0x08003eb2        0x2 
 .text._write   0x08003eb4       0x34 CMakeFiles/S15909_H750.elf.dir/Core/Src/retarget.c.obj
                0x08003eb4                _write
 .text._close   0x08003ee8       0x18 CMakeFiles/S15909_H750.elf.dir/Core/Src/retarget.c.obj
                0x08003ee8                _close
 .text._lseek   0x08003f00       0x10 CMakeFiles/S15909_H750.elf.dir/Core/Src/retarget.c.obj
                0x08003f00                _lseek
 .text._read    0x08003f10       0x30 CMakeFiles/S15909_H750.elf.dir/Core/Src/retarget.c.obj
                0x08003f10                _read
 .text._fstat   0x08003f40       0x1a CMakeFiles/S15909_H750.elf.dir/Core/Src/retarget.c.obj
                0x08003f40                _fstat
 *fill*         0x08003f5a        0x2 
 .text.HAL_MspInit
                0x08003f5c       0x24 CMakeFiles/S15909_H750.elf.dir/Core/Src/stm32h7xx_hal_msp.c.obj
                0x08003f5c                HAL_MspInit
 .text.NMI_Handler
                0x08003f80        0x2 CMakeFiles/S15909_H750.elf.dir/Core/Src/stm32h7xx_it.c.obj
                0x08003f80                NMI_Handler
 .text.HardFault_Handler
                0x08003f82        0x2 CMakeFiles/S15909_H750.elf.dir/Core/Src/stm32h7xx_it.c.obj
                0x08003f82                HardFault_Handler
 .text.MemManage_Handler
                0x08003f84        0x2 CMakeFiles/S15909_H750.elf.dir/Core/Src/stm32h7xx_it.c.obj
                0x08003f84                MemManage_Handler
 .text.BusFault_Handler
                0x08003f86        0x2 CMakeFiles/S15909_H750.elf.dir/Core/Src/stm32h7xx_it.c.obj
                0x08003f86                BusFault_Handler
 .text.UsageFault_Handler
                0x08003f88        0x2 CMakeFiles/S15909_H750.elf.dir/Core/Src/stm32h7xx_it.c.obj
                0x08003f88                UsageFault_Handler
 .text.SVC_Handler
                0x08003f8a        0x2 CMakeFiles/S15909_H750.elf.dir/Core/Src/stm32h7xx_it.c.obj
                0x08003f8a                SVC_Handler
 .text.DebugMon_Handler
                0x08003f8c        0x2 CMakeFiles/S15909_H750.elf.dir/Core/Src/stm32h7xx_it.c.obj
                0x08003f8c                DebugMon_Handler
 .text.PendSV_Handler
                0x08003f8e        0x2 CMakeFiles/S15909_H750.elf.dir/Core/Src/stm32h7xx_it.c.obj
                0x08003f8e                PendSV_Handler
 .text.SysTick_Handler
                0x08003f90        0x8 CMakeFiles/S15909_H750.elf.dir/Core/Src/stm32h7xx_it.c.obj
                0x08003f90                SysTick_Handler
 .text.DMA1_Stream0_IRQHandler
                0x08003f98       0x10 CMakeFiles/S15909_H750.elf.dir/Core/Src/stm32h7xx_it.c.obj
                0x08003f98                DMA1_Stream0_IRQHandler
 .text.ADC_IRQHandler
                0x08003fa8       0x10 CMakeFiles/S15909_H750.elf.dir/Core/Src/stm32h7xx_it.c.obj
                0x08003fa8                ADC_IRQHandler
 .text.TIM1_TRG_COM_IRQHandler
                0x08003fb8       0x10 CMakeFiles/S15909_H750.elf.dir/Core/Src/stm32h7xx_it.c.obj
                0x08003fb8                TIM1_TRG_COM_IRQHandler
 .text.TIM1_CC_IRQHandler
                0x08003fc8       0x10 CMakeFiles/S15909_H750.elf.dir/Core/Src/stm32h7xx_it.c.obj
                0x08003fc8                TIM1_CC_IRQHandler
 .text.TIM3_IRQHandler
                0x08003fd8       0x10 CMakeFiles/S15909_H750.elf.dir/Core/Src/stm32h7xx_it.c.obj
                0x08003fd8                TIM3_IRQHandler
 .text.USART1_IRQHandler
                0x08003fe8       0x10 CMakeFiles/S15909_H750.elf.dir/Core/Src/stm32h7xx_it.c.obj
                0x08003fe8                USART1_IRQHandler
 .text.TIM8_BRK_TIM12_IRQHandler
                0x08003ff8       0x10 CMakeFiles/S15909_H750.elf.dir/Core/Src/stm32h7xx_it.c.obj
                0x08003ff8                TIM8_BRK_TIM12_IRQHandler
 .text._getpid  0x08004008        0x4 CMakeFiles/S15909_H750.elf.dir/Core/Src/syscalls.c.obj
                0x08004008                _getpid
 .text._kill    0x0800400c       0x10 CMakeFiles/S15909_H750.elf.dir/Core/Src/syscalls.c.obj
                0x0800400c                _kill
 .text._exit    0x0800401c        0xc CMakeFiles/S15909_H750.elf.dir/Core/Src/syscalls.c.obj
                0x0800401c                _exit
 .text._sbrk    0x08004028       0x48 CMakeFiles/S15909_H750.elf.dir/Core/Src/sysmem.c.obj
                0x08004028                _sbrk
 .text.SystemInit
                0x08004070       0xbc CMakeFiles/S15909_H750.elf.dir/Core/Src/system_stm32h7xx.c.obj
                0x08004070                SystemInit
 .text.MX_TIM1_Init
                0x0800412c       0xb8 CMakeFiles/S15909_H750.elf.dir/Core/Src/tim.c.obj
                0x0800412c                MX_TIM1_Init
 .text.MX_TIM3_Init
                0x080041e4       0xb4 CMakeFiles/S15909_H750.elf.dir/Core/Src/tim.c.obj
                0x080041e4                MX_TIM3_Init
 .text.MX_TIM12_Init
                0x08004298       0xb0 CMakeFiles/S15909_H750.elf.dir/Core/Src/tim.c.obj
                0x08004298                MX_TIM12_Init
 .text.HAL_TIM_Base_MspInit
                0x08004348      0x160 CMakeFiles/S15909_H750.elf.dir/Core/Src/tim.c.obj
                0x08004348                HAL_TIM_Base_MspInit
 .text.HAL_TIM_PWM_MspInit
                0x080044a8       0x30 CMakeFiles/S15909_H750.elf.dir/Core/Src/tim.c.obj
                0x080044a8                HAL_TIM_PWM_MspInit
 .text.HAL_TIM_MspPostInit
                0x080044d8       0x54 CMakeFiles/S15909_H750.elf.dir/Core/Src/tim.c.obj
                0x080044d8                HAL_TIM_MspPostInit
 .text.MX_TIM2_Init
                0x0800452c       0x80 CMakeFiles/S15909_H750.elf.dir/Core/Src/tim.c.obj
                0x0800452c                MX_TIM2_Init
 .text.HAL_TIM_IC_CaptureCallback
                0x080045ac      0x150 CMakeFiles/S15909_H750.elf.dir/Core/Src/tim.c.obj
                0x080045ac                HAL_TIM_IC_CaptureCallback
 .text.MX_USART1_UART_Init
                0x080046fc       0x78 CMakeFiles/S15909_H750.elf.dir/Core/Src/usart.c.obj
                0x080046fc                MX_USART1_UART_Init
 .text.HAL_UART_MspInit
                0x08004774       0xf0 CMakeFiles/S15909_H750.elf.dir/Core/Src/usart.c.obj
                0x08004774                HAL_UART_MspInit
 .text.HAL_UART_RxCpltCallback
                0x08004864       0x8c CMakeFiles/S15909_H750.elf.dir/Core/Src/usart.c.obj
                0x08004864                HAL_UART_RxCpltCallback
 .text.Reset_Handler
                0x080048f0       0x50 CMakeFiles/S15909_H750.elf.dir/Core/Startup/startup_stm32h750vbtx.s.obj
                0x080048f0                Reset_Handler
 .text.Default_Handler
                0x08004940        0x2 CMakeFiles/S15909_H750.elf.dir/Core/Startup/startup_stm32h750vbtx.s.obj
                0x08004940                RTC_Alarm_IRQHandler
                0x08004940                HASH_RNG_IRQHandler
                0x08004940                EXTI2_IRQHandler
                0x08004940                TIM8_CC_IRQHandler
                0x08004940                HRTIM1_Master_IRQHandler
                0x08004940                UART8_IRQHandler
                0x08004940                SPI4_IRQHandler
                0x08004940                BDMA_Channel6_IRQHandler
                0x08004940                DMA2_Stream5_IRQHandler
                0x08004940                HRTIM1_FLT_IRQHandler
                0x08004940                JPEG_IRQHandler
                0x08004940                DMA1_Stream5_IRQHandler
                0x08004940                BDMA_Channel1_IRQHandler
                0x08004940                HRTIM1_TIMD_IRQHandler
                0x08004940                TAMP_STAMP_IRQHandler
                0x08004940                EXTI3_IRQHandler
                0x08004940                LPTIM4_IRQHandler
                0x08004940                TIM8_TRG_COM_TIM14_IRQHandler
                0x08004940                LPTIM2_IRQHandler
                0x08004940                DFSDM1_FLT1_IRQHandler
                0x08004940                DMAMUX2_OVR_IRQHandler
                0x08004940                TIM8_UP_TIM13_IRQHandler
                0x08004940                I2C3_ER_IRQHandler
                0x08004940                DFSDM1_FLT2_IRQHandler
                0x08004940                MDMA_IRQHandler
                0x08004940                LPTIM3_IRQHandler
                0x08004940                HSEM1_IRQHandler
                0x08004940                EXTI0_IRQHandler
                0x08004940                I2C2_EV_IRQHandler
                0x08004940                DMA1_Stream2_IRQHandler
                0x08004940                FPU_IRQHandler
                0x08004940                OTG_HS_WKUP_IRQHandler
                0x08004940                FDCAN1_IT1_IRQHandler
                0x08004940                LTDC_ER_IRQHandler
                0x08004940                DMA2_Stream2_IRQHandler
                0x08004940                HRTIM1_TIME_IRQHandler
                0x08004940                SPI1_IRQHandler
                0x08004940                TIM6_DAC_IRQHandler
                0x08004940                DCMI_IRQHandler
                0x08004940                HRTIM1_TIMC_IRQHandler
                0x08004940                DMA2_Stream3_IRQHandler
                0x08004940                SAI2_IRQHandler
                0x08004940                DFSDM1_FLT3_IRQHandler
                0x08004940                USART6_IRQHandler
                0x08004940                TIM17_IRQHandler
                0x08004940                USART3_IRQHandler
                0x08004940                BDMA_Channel7_IRQHandler
                0x08004940                CRYP_IRQHandler
                0x08004940                LPTIM5_IRQHandler
                0x08004940                UART5_IRQHandler
                0x08004940                ADC3_IRQHandler
                0x08004940                DMA2_Stream0_IRQHandler
                0x08004940                TIM4_IRQHandler
                0x08004940                BDMA_Channel2_IRQHandler
                0x08004940                QUADSPI_IRQHandler
                0x08004940                I2C1_EV_IRQHandler
                0x08004940                DMA1_Stream6_IRQHandler
                0x08004940                DMAMUX1_OVR_IRQHandler
                0x08004940                DMA1_Stream1_IRQHandler
                0x08004940                TIM16_IRQHandler
                0x08004940                UART4_IRQHandler
                0x08004940                BDMA_Channel5_IRQHandler
                0x08004940                RCC_IRQHandler
                0x08004940                Default_Handler
                0x08004940                ECC_IRQHandler
                0x08004940                CEC_IRQHandler
                0x08004940                EXTI15_10_IRQHandler
                0x08004940                BDMA_Channel0_IRQHandler
                0x08004940                DMA1_Stream7_IRQHandler
                0x08004940                HRTIM1_TIMA_IRQHandler
                0x08004940                SPI5_IRQHandler
                0x08004940                TIM7_IRQHandler
                0x08004940                SDMMC1_IRQHandler
                0x08004940                TIM5_IRQHandler
                0x08004940                DMA2_Stream7_IRQHandler
                0x08004940                TIM15_IRQHandler
                0x08004940                PVD_AVD_IRQHandler
                0x08004940                I2C3_EV_IRQHandler
                0x08004940                EXTI9_5_IRQHandler
                0x08004940                RTC_WKUP_IRQHandler
                0x08004940                LTDC_IRQHandler
                0x08004940                SAI3_IRQHandler
                0x08004940                ETH_WKUP_IRQHandler
                0x08004940                SPDIF_RX_IRQHandler
                0x08004940                SPI2_IRQHandler
                0x08004940                OTG_HS_EP1_IN_IRQHandler
                0x08004940                CRS_IRQHandler
                0x08004940                EXTI4_IRQHandler
                0x08004940                HRTIM1_TIMB_IRQHandler
                0x08004940                FDCAN2_IT1_IRQHandler
                0x08004940                ETH_IRQHandler
                0x08004940                TIM1_UP_IRQHandler
                0x08004940                BDMA_Channel4_IRQHandler
                0x08004940                OTG_HS_EP1_OUT_IRQHandler
                0x08004940                WWDG_IRQHandler
                0x08004940                SPI6_IRQHandler
                0x08004940                MDIOS_IRQHandler
                0x08004940                I2C4_EV_IRQHandler
                0x08004940                FDCAN2_IT0_IRQHandler
                0x08004940                LPUART1_IRQHandler
                0x08004940                FDCAN1_IT0_IRQHandler
                0x08004940                TIM2_IRQHandler
                0x08004940                OTG_FS_WKUP_IRQHandler
                0x08004940                OTG_HS_IRQHandler
                0x08004940                DMA2D_IRQHandler
                0x08004940                TIM1_BRK_IRQHandler
                0x08004940                EXTI1_IRQHandler
                0x08004940                SDMMC2_IRQHandler
                0x08004940                OTG_FS_EP1_OUT_IRQHandler
                0x08004940                BDMA_Channel3_IRQHandler
                0x08004940                UART7_IRQHandler
                0x08004940                MDIOS_WKUP_IRQHandler
                0x08004940                USART2_IRQHandler
                0x08004940                DFSDM1_FLT0_IRQHandler
                0x08004940                SAI4_IRQHandler
                0x08004940                I2C2_ER_IRQHandler
                0x08004940                DMA2_Stream1_IRQHandler
                0x08004940                FLASH_IRQHandler
                0x08004940                DMA2_Stream4_IRQHandler
                0x08004940                OTG_FS_IRQHandler
                0x08004940                SPI3_IRQHandler
                0x08004940                WAKEUP_PIN_IRQHandler
                0x08004940                DMA1_Stream4_IRQHandler
                0x08004940                OTG_FS_EP1_IN_IRQHandler
                0x08004940                I2C1_ER_IRQHandler
                0x08004940                FMC_IRQHandler
                0x08004940                FDCAN_CAL_IRQHandler
                0x08004940                SWPMI1_IRQHandler
                0x08004940                COMP1_IRQHandler
                0x08004940                LPTIM1_IRQHandler
                0x08004940                I2C4_ER_IRQHandler
                0x08004940                DMA2_Stream6_IRQHandler
                0x08004940                SAI1_IRQHandler
                0x08004940                DMA1_Stream3_IRQHandler
 *fill*         0x08004942        0x2 
 .text.HAL_InitTick
                0x08004944       0x50 CMakeFiles/S15909_H750.elf.dir/Drivers/STM32H7xx_HAL_Driver/Src/stm32h7xx_hal.c.obj
                0x08004944                HAL_InitTick
 .text.HAL_Init
                0x08004994       0x5c CMakeFiles/S15909_H750.elf.dir/Drivers/STM32H7xx_HAL_Driver/Src/stm32h7xx_hal.c.obj
                0x08004994                HAL_Init
 .text.HAL_IncTick
                0x080049f0       0x18 CMakeFiles/S15909_H750.elf.dir/Drivers/STM32H7xx_HAL_Driver/Src/stm32h7xx_hal.c.obj
                0x080049f0                HAL_IncTick
 .text.HAL_GetTick
                0x08004a08        0xc CMakeFiles/S15909_H750.elf.dir/Drivers/STM32H7xx_HAL_Driver/Src/stm32h7xx_hal.c.obj
                0x08004a08                HAL_GetTick
 .text.HAL_Delay
                0x08004a14       0x28 CMakeFiles/S15909_H750.elf.dir/Drivers/STM32H7xx_HAL_Driver/Src/stm32h7xx_hal.c.obj
                0x08004a14                HAL_Delay
 .text.HAL_GetREVID
                0x08004a3c        0xc CMakeFiles/S15909_H750.elf.dir/Drivers/STM32H7xx_HAL_Driver/Src/stm32h7xx_hal.c.obj
                0x08004a3c                HAL_GetREVID
 .text.HAL_ADC_PollForConversion
                0x08004a48      0x12c CMakeFiles/S15909_H750.elf.dir/Drivers/STM32H7xx_HAL_Driver/Src/stm32h7xx_hal_adc.c.obj
                0x08004a48                HAL_ADC_PollForConversion
 .text.HAL_ADC_GetValue
                0x08004b74        0x6 CMakeFiles/S15909_H750.elf.dir/Drivers/STM32H7xx_HAL_Driver/Src/stm32h7xx_hal_adc.c.obj
                0x08004b74                HAL_ADC_GetValue
 .text.HAL_ADC_ConvCpltCallback
                0x08004b7a        0x2 CMakeFiles/S15909_H750.elf.dir/Drivers/STM32H7xx_HAL_Driver/Src/stm32h7xx_hal_adc.c.obj
                0x08004b7a                HAL_ADC_ConvCpltCallback
 .text.HAL_ADC_LevelOutOfWindowCallback
                0x08004b7c        0x2 CMakeFiles/S15909_H750.elf.dir/Drivers/STM32H7xx_HAL_Driver/Src/stm32h7xx_hal_adc.c.obj
                0x08004b7c                HAL_ADC_LevelOutOfWindowCallback
 .text.HAL_ADC_ErrorCallback
                0x08004b7e        0x2 CMakeFiles/S15909_H750.elf.dir/Drivers/STM32H7xx_HAL_Driver/Src/stm32h7xx_hal_adc.c.obj
                0x08004b7e                HAL_ADC_ErrorCallback
 .text.HAL_ADC_IRQHandler
                0x08004b80      0x2d8 CMakeFiles/S15909_H750.elf.dir/Drivers/STM32H7xx_HAL_Driver/Src/stm32h7xx_hal_adc.c.obj
                0x08004b80                HAL_ADC_IRQHandler
 .text.HAL_ADC_ConfigChannel
                0x08004e58      0x4e8 CMakeFiles/S15909_H750.elf.dir/Drivers/STM32H7xx_HAL_Driver/Src/stm32h7xx_hal_adc.c.obj
                0x08004e58                HAL_ADC_ConfigChannel
 .text.ADC_Enable
                0x08005340       0xd4 CMakeFiles/S15909_H750.elf.dir/Drivers/STM32H7xx_HAL_Driver/Src/stm32h7xx_hal_adc.c.obj
                0x08005340                ADC_Enable
 .text.HAL_ADC_Start
                0x08005414      0x110 CMakeFiles/S15909_H750.elf.dir/Drivers/STM32H7xx_HAL_Driver/Src/stm32h7xx_hal_adc.c.obj
                0x08005414                HAL_ADC_Start
 .text.ADC_ConfigureBoostMode
                0x08005524      0x164 CMakeFiles/S15909_H750.elf.dir/Drivers/STM32H7xx_HAL_Driver/Src/stm32h7xx_hal_adc.c.obj
                0x08005524                ADC_ConfigureBoostMode
 .text.HAL_ADC_Init
                0x08005688      0x264 CMakeFiles/S15909_H750.elf.dir/Drivers/STM32H7xx_HAL_Driver/Src/stm32h7xx_hal_adc.c.obj
                0x08005688                HAL_ADC_Init
 .text.HAL_ADCEx_InjectedConvCpltCallback
                0x080058ec        0x2 CMakeFiles/S15909_H750.elf.dir/Drivers/STM32H7xx_HAL_Driver/Src/stm32h7xx_hal_adc_ex.c.obj
                0x080058ec                HAL_ADCEx_InjectedConvCpltCallback
 .text.HAL_ADCEx_InjectedQueueOverflowCallback
                0x080058ee        0x2 CMakeFiles/S15909_H750.elf.dir/Drivers/STM32H7xx_HAL_Driver/Src/stm32h7xx_hal_adc_ex.c.obj
                0x080058ee                HAL_ADCEx_InjectedQueueOverflowCallback
 .text.HAL_ADCEx_LevelOutOfWindow2Callback
                0x080058f0        0x2 CMakeFiles/S15909_H750.elf.dir/Drivers/STM32H7xx_HAL_Driver/Src/stm32h7xx_hal_adc_ex.c.obj
                0x080058f0                HAL_ADCEx_LevelOutOfWindow2Callback
 .text.HAL_ADCEx_LevelOutOfWindow3Callback
                0x080058f2        0x2 CMakeFiles/S15909_H750.elf.dir/Drivers/STM32H7xx_HAL_Driver/Src/stm32h7xx_hal_adc_ex.c.obj
                0x080058f2                HAL_ADCEx_LevelOutOfWindow3Callback
 .text.HAL_ADCEx_EndOfSamplingCallback
                0x080058f4        0x2 CMakeFiles/S15909_H750.elf.dir/Drivers/STM32H7xx_HAL_Driver/Src/stm32h7xx_hal_adc_ex.c.obj
                0x080058f4                HAL_ADCEx_EndOfSamplingCallback
 *fill*         0x080058f6        0x2 
 .text.HAL_ADCEx_MultiModeConfigChannel
                0x080058f8      0x164 CMakeFiles/S15909_H750.elf.dir/Drivers/STM32H7xx_HAL_Driver/Src/stm32h7xx_hal_adc_ex.c.obj
                0x080058f8                HAL_ADCEx_MultiModeConfigChannel
 .text.HAL_NVIC_SetPriorityGrouping
                0x08005a5c       0x24 CMakeFiles/S15909_H750.elf.dir/Drivers/STM32H7xx_HAL_Driver/Src/stm32h7xx_hal_cortex.c.obj
                0x08005a5c                HAL_NVIC_SetPriorityGrouping
 .text.HAL_NVIC_SetPriority
                0x08005a80       0x6c CMakeFiles/S15909_H750.elf.dir/Drivers/STM32H7xx_HAL_Driver/Src/stm32h7xx_hal_cortex.c.obj
                0x08005a80                HAL_NVIC_SetPriority
 .text.HAL_NVIC_EnableIRQ
                0x08005aec       0x1c CMakeFiles/S15909_H750.elf.dir/Drivers/STM32H7xx_HAL_Driver/Src/stm32h7xx_hal_cortex.c.obj
                0x08005aec                HAL_NVIC_EnableIRQ
 .text.HAL_SYSTICK_Config
                0x08005b08       0x28 CMakeFiles/S15909_H750.elf.dir/Drivers/STM32H7xx_HAL_Driver/Src/stm32h7xx_hal_cortex.c.obj
                0x08005b08                HAL_SYSTICK_Config
 .text.HAL_MPU_Disable
                0x08005b30       0x1c CMakeFiles/S15909_H750.elf.dir/Drivers/STM32H7xx_HAL_Driver/Src/stm32h7xx_hal_cortex.c.obj
                0x08005b30                HAL_MPU_Disable
 .text.HAL_MPU_Enable
                0x08005b4c       0x20 CMakeFiles/S15909_H750.elf.dir/Drivers/STM32H7xx_HAL_Driver/Src/stm32h7xx_hal_cortex.c.obj
                0x08005b4c                HAL_MPU_Enable
 .text.HAL_MPU_ConfigRegion
                0x08005b6c       0x60 CMakeFiles/S15909_H750.elf.dir/Drivers/STM32H7xx_HAL_Driver/Src/stm32h7xx_hal_cortex.c.obj
                0x08005b6c                HAL_MPU_ConfigRegion
 .text.DMA_SetConfig
                0x08005bcc      0x1b4 CMakeFiles/S15909_H750.elf.dir/Drivers/STM32H7xx_HAL_Driver/Src/stm32h7xx_hal_dma.c.obj
 .text.DMA_CalcBaseAndBitshift
                0x08005d80       0xb4 CMakeFiles/S15909_H750.elf.dir/Drivers/STM32H7xx_HAL_Driver/Src/stm32h7xx_hal_dma.c.obj
 .text.DMA_CheckFifoParam
                0x08005e34       0x92 CMakeFiles/S15909_H750.elf.dir/Drivers/STM32H7xx_HAL_Driver/Src/stm32h7xx_hal_dma.c.obj
 *fill*         0x08005ec6        0x2 
 .text.DMA_CalcDMAMUXChannelBaseAndMask
                0x08005ec8       0xb0 CMakeFiles/S15909_H750.elf.dir/Drivers/STM32H7xx_HAL_Driver/Src/stm32h7xx_hal_dma.c.obj
 .text.DMA_CalcDMAMUXRequestGenBaseAndMask
                0x08005f78       0x7c CMakeFiles/S15909_H750.elf.dir/Drivers/STM32H7xx_HAL_Driver/Src/stm32h7xx_hal_dma.c.obj
 .text.HAL_DMA_Init
                0x08005ff4      0x3a4 CMakeFiles/S15909_H750.elf.dir/Drivers/STM32H7xx_HAL_Driver/Src/stm32h7xx_hal_dma.c.obj
                0x08005ff4                HAL_DMA_Init
 .text.HAL_DMA_Start_IT
                0x08006398      0x298 CMakeFiles/S15909_H750.elf.dir/Drivers/STM32H7xx_HAL_Driver/Src/stm32h7xx_hal_dma.c.obj
                0x08006398                HAL_DMA_Start_IT
 .text.HAL_DMA_Abort
                0x08006630      0x340 CMakeFiles/S15909_H750.elf.dir/Drivers/STM32H7xx_HAL_Driver/Src/stm32h7xx_hal_dma.c.obj
                0x08006630                HAL_DMA_Abort
 .text.HAL_DMA_Abort_IT
                0x08006970      0x270 CMakeFiles/S15909_H750.elf.dir/Drivers/STM32H7xx_HAL_Driver/Src/stm32h7xx_hal_dma.c.obj
                0x08006970                HAL_DMA_Abort_IT
 .text.HAL_DMA_IRQHandler
                0x08006be0      0x738 CMakeFiles/S15909_H750.elf.dir/Drivers/STM32H7xx_HAL_Driver/Src/stm32h7xx_hal_dma.c.obj
                0x08006be0                HAL_DMA_IRQHandler
 .text.HAL_GPIO_Init
                0x08007318      0x228 CMakeFiles/S15909_H750.elf.dir/Drivers/STM32H7xx_HAL_Driver/Src/stm32h7xx_hal_gpio.c.obj
                0x08007318                HAL_GPIO_Init
 .text.HAL_GPIO_WritePin
                0x08007540        0xc CMakeFiles/S15909_H750.elf.dir/Drivers/STM32H7xx_HAL_Driver/Src/stm32h7xx_hal_gpio.c.obj
                0x08007540                HAL_GPIO_WritePin
 .text.HAL_PWREx_ConfigSupply
                0x0800754c       0x54 CMakeFiles/S15909_H750.elf.dir/Drivers/STM32H7xx_HAL_Driver/Src/stm32h7xx_hal_pwr_ex.c.obj
                0x0800754c                HAL_PWREx_ConfigSupply
 .text.HAL_RCC_OscConfig
                0x080075a0      0x6b4 CMakeFiles/S15909_H750.elf.dir/Drivers/STM32H7xx_HAL_Driver/Src/stm32h7xx_hal_rcc.c.obj
                0x080075a0                HAL_RCC_OscConfig
 .text.HAL_RCC_GetSysClockFreq
                0x08007c54      0x218 CMakeFiles/S15909_H750.elf.dir/Drivers/STM32H7xx_HAL_Driver/Src/stm32h7xx_hal_rcc.c.obj
                0x08007c54                HAL_RCC_GetSysClockFreq
 .text.HAL_RCC_ClockConfig
                0x08007e6c      0x294 CMakeFiles/S15909_H750.elf.dir/Drivers/STM32H7xx_HAL_Driver/Src/stm32h7xx_hal_rcc.c.obj
                0x08007e6c                HAL_RCC_ClockConfig
 .text.HAL_RCC_GetHCLKFreq
                0x08008100       0x44 CMakeFiles/S15909_H750.elf.dir/Drivers/STM32H7xx_HAL_Driver/Src/stm32h7xx_hal_rcc.c.obj
                0x08008100                HAL_RCC_GetHCLKFreq
 .text.HAL_RCC_GetPCLK1Freq
                0x08008144       0x24 CMakeFiles/S15909_H750.elf.dir/Drivers/STM32H7xx_HAL_Driver/Src/stm32h7xx_hal_rcc.c.obj
                0x08008144                HAL_RCC_GetPCLK1Freq
 .text.HAL_RCC_GetPCLK2Freq
                0x08008168       0x24 CMakeFiles/S15909_H750.elf.dir/Drivers/STM32H7xx_HAL_Driver/Src/stm32h7xx_hal_rcc.c.obj
                0x08008168                HAL_RCC_GetPCLK2Freq
 .text.RCCEx_PLL2_Config
                0x0800818c      0x10c CMakeFiles/S15909_H750.elf.dir/Drivers/STM32H7xx_HAL_Driver/Src/stm32h7xx_hal_rcc_ex.c.obj
 .text.RCCEx_PLL3_Config
                0x08008298      0x10c CMakeFiles/S15909_H750.elf.dir/Drivers/STM32H7xx_HAL_Driver/Src/stm32h7xx_hal_rcc_ex.c.obj
 .text.HAL_RCCEx_PeriphCLKConfig
                0x080083a4      0xa8c CMakeFiles/S15909_H750.elf.dir/Drivers/STM32H7xx_HAL_Driver/Src/stm32h7xx_hal_rcc_ex.c.obj
                0x080083a4                HAL_RCCEx_PeriphCLKConfig
 .text.HAL_RCCEx_GetD3PCLK1Freq
                0x08008e30       0x24 CMakeFiles/S15909_H750.elf.dir/Drivers/STM32H7xx_HAL_Driver/Src/stm32h7xx_hal_rcc_ex.c.obj
                0x08008e30                HAL_RCCEx_GetD3PCLK1Freq
 .text.HAL_RCCEx_GetPLL2ClockFreq
                0x08008e54      0x234 CMakeFiles/S15909_H750.elf.dir/Drivers/STM32H7xx_HAL_Driver/Src/stm32h7xx_hal_rcc_ex.c.obj
                0x08008e54                HAL_RCCEx_GetPLL2ClockFreq
 .text.HAL_RCCEx_GetPLL3ClockFreq
                0x08009088      0x234 CMakeFiles/S15909_H750.elf.dir/Drivers/STM32H7xx_HAL_Driver/Src/stm32h7xx_hal_rcc_ex.c.obj
                0x08009088                HAL_RCCEx_GetPLL3ClockFreq
 .text.HAL_RCCEx_GetPLL1ClockFreq
                0x080092bc      0x234 CMakeFiles/S15909_H750.elf.dir/Drivers/STM32H7xx_HAL_Driver/Src/stm32h7xx_hal_rcc_ex.c.obj
                0x080092bc                HAL_RCCEx_GetPLL1ClockFreq
 .text.HAL_RCCEx_GetPeriphCLKFreq
                0x080094f0      0x6d0 CMakeFiles/S15909_H750.elf.dir/Drivers/STM32H7xx_HAL_Driver/Src/stm32h7xx_hal_rcc_ex.c.obj
                0x080094f0                HAL_RCCEx_GetPeriphCLKFreq
 .text.TIM_OC1_SetConfig
                0x08009bc0       0xa8 CMakeFiles/S15909_H750.elf.dir/Drivers/STM32H7xx_HAL_Driver/Src/stm32h7xx_hal_tim.c.obj
 .text.TIM_OC3_SetConfig
                0x08009c68       0x94 CMakeFiles/S15909_H750.elf.dir/Drivers/STM32H7xx_HAL_Driver/Src/stm32h7xx_hal_tim.c.obj
 .text.TIM_OC4_SetConfig
                0x08009cfc       0x74 CMakeFiles/S15909_H750.elf.dir/Drivers/STM32H7xx_HAL_Driver/Src/stm32h7xx_hal_tim.c.obj
 .text.TIM_OC5_SetConfig
                0x08009d70       0x74 CMakeFiles/S15909_H750.elf.dir/Drivers/STM32H7xx_HAL_Driver/Src/stm32h7xx_hal_tim.c.obj
 .text.TIM_OC6_SetConfig
                0x08009de4       0x74 CMakeFiles/S15909_H750.elf.dir/Drivers/STM32H7xx_HAL_Driver/Src/stm32h7xx_hal_tim.c.obj
 .text.TIM_TI1_ConfigInputStage
                0x08009e58       0x24 CMakeFiles/S15909_H750.elf.dir/Drivers/STM32H7xx_HAL_Driver/Src/stm32h7xx_hal_tim.c.obj
 .text.TIM_TI2_SetConfig
                0x08009e7c       0x36 CMakeFiles/S15909_H750.elf.dir/Drivers/STM32H7xx_HAL_Driver/Src/stm32h7xx_hal_tim.c.obj
 .text.TIM_TI2_ConfigInputStage
                0x08009eb2       0x26 CMakeFiles/S15909_H750.elf.dir/Drivers/STM32H7xx_HAL_Driver/Src/stm32h7xx_hal_tim.c.obj
 .text.TIM_TI3_SetConfig
                0x08009ed8       0x36 CMakeFiles/S15909_H750.elf.dir/Drivers/STM32H7xx_HAL_Driver/Src/stm32h7xx_hal_tim.c.obj
 .text.TIM_TI4_SetConfig
                0x08009f0e       0x36 CMakeFiles/S15909_H750.elf.dir/Drivers/STM32H7xx_HAL_Driver/Src/stm32h7xx_hal_tim.c.obj
 .text.HAL_TIM_IC_MspInit
                0x08009f44        0x2 CMakeFiles/S15909_H750.elf.dir/Drivers/STM32H7xx_HAL_Driver/Src/stm32h7xx_hal_tim.c.obj
                0x08009f44                HAL_TIM_IC_MspInit
 .text.HAL_TIM_PeriodElapsedCallback
                0x08009f46        0x2 CMakeFiles/S15909_H750.elf.dir/Drivers/STM32H7xx_HAL_Driver/Src/stm32h7xx_hal_tim.c.obj
                0x08009f46                HAL_TIM_PeriodElapsedCallback
 .text.HAL_TIM_OC_DelayElapsedCallback
                0x08009f48        0x2 CMakeFiles/S15909_H750.elf.dir/Drivers/STM32H7xx_HAL_Driver/Src/stm32h7xx_hal_tim.c.obj
                0x08009f48                HAL_TIM_OC_DelayElapsedCallback
 .text.HAL_TIM_PWM_PulseFinishedCallback
                0x08009f4a        0x2 CMakeFiles/S15909_H750.elf.dir/Drivers/STM32H7xx_HAL_Driver/Src/stm32h7xx_hal_tim.c.obj
                0x08009f4a                HAL_TIM_PWM_PulseFinishedCallback
 .text.HAL_TIM_TriggerCallback
                0x08009f4c        0x2 CMakeFiles/S15909_H750.elf.dir/Drivers/STM32H7xx_HAL_Driver/Src/stm32h7xx_hal_tim.c.obj
                0x08009f4c                HAL_TIM_TriggerCallback
 .text.HAL_TIM_IRQHandler
                0x08009f4e      0x19a CMakeFiles/S15909_H750.elf.dir/Drivers/STM32H7xx_HAL_Driver/Src/stm32h7xx_hal_tim.c.obj
                0x08009f4e                HAL_TIM_IRQHandler
 .text.TIM_Base_SetConfig
                0x0800a0e8      0x104 CMakeFiles/S15909_H750.elf.dir/Drivers/STM32H7xx_HAL_Driver/Src/stm32h7xx_hal_tim.c.obj
                0x0800a0e8                TIM_Base_SetConfig
 .text.HAL_TIM_Base_Init
                0x0800a1ec       0x60 CMakeFiles/S15909_H750.elf.dir/Drivers/STM32H7xx_HAL_Driver/Src/stm32h7xx_hal_tim.c.obj
                0x0800a1ec                HAL_TIM_Base_Init
 .text.HAL_TIM_PWM_Init
                0x0800a24c       0x60 CMakeFiles/S15909_H750.elf.dir/Drivers/STM32H7xx_HAL_Driver/Src/stm32h7xx_hal_tim.c.obj
                0x0800a24c                HAL_TIM_PWM_Init
 .text.HAL_TIM_IC_Init
                0x0800a2ac       0x60 CMakeFiles/S15909_H750.elf.dir/Drivers/STM32H7xx_HAL_Driver/Src/stm32h7xx_hal_tim.c.obj
                0x0800a2ac                HAL_TIM_IC_Init
 .text.TIM_OC2_SetConfig
                0x0800a30c       0x94 CMakeFiles/S15909_H750.elf.dir/Drivers/STM32H7xx_HAL_Driver/Src/stm32h7xx_hal_tim.c.obj
                0x0800a30c                TIM_OC2_SetConfig
 .text.HAL_TIM_PWM_ConfigChannel
                0x0800a3a0      0x13a CMakeFiles/S15909_H750.elf.dir/Drivers/STM32H7xx_HAL_Driver/Src/stm32h7xx_hal_tim.c.obj
                0x0800a3a0                HAL_TIM_PWM_ConfigChannel
 *fill*         0x0800a4da        0x2 
 .text.TIM_TI1_SetConfig
                0x0800a4dc       0x94 CMakeFiles/S15909_H750.elf.dir/Drivers/STM32H7xx_HAL_Driver/Src/stm32h7xx_hal_tim.c.obj
                0x0800a4dc                TIM_TI1_SetConfig
 .text.HAL_TIM_IC_ConfigChannel
                0x0800a570       0xc4 CMakeFiles/S15909_H750.elf.dir/Drivers/STM32H7xx_HAL_Driver/Src/stm32h7xx_hal_tim.c.obj
                0x0800a570                HAL_TIM_IC_ConfigChannel
 .text.TIM_ETR_SetConfig
                0x0800a634       0x18 CMakeFiles/S15909_H750.elf.dir/Drivers/STM32H7xx_HAL_Driver/Src/stm32h7xx_hal_tim.c.obj
                0x0800a634                TIM_ETR_SetConfig
 .text.TIM_SlaveTimer_SetConfig
                0x0800a64c      0x150 CMakeFiles/S15909_H750.elf.dir/Drivers/STM32H7xx_HAL_Driver/Src/stm32h7xx_hal_tim.c.obj
 .text.HAL_TIM_SlaveConfigSynchro
                0x0800a79c       0x52 CMakeFiles/S15909_H750.elf.dir/Drivers/STM32H7xx_HAL_Driver/Src/stm32h7xx_hal_tim.c.obj
                0x0800a79c                HAL_TIM_SlaveConfigSynchro
 .text.TIM_CCxChannelCmd
                0x0800a7ee       0x1e CMakeFiles/S15909_H750.elf.dir/Drivers/STM32H7xx_HAL_Driver/Src/stm32h7xx_hal_tim.c.obj
                0x0800a7ee                TIM_CCxChannelCmd
 .text.HAL_TIM_PWM_Start
                0x0800a80c      0x168 CMakeFiles/S15909_H750.elf.dir/Drivers/STM32H7xx_HAL_Driver/Src/stm32h7xx_hal_tim.c.obj
                0x0800a80c                HAL_TIM_PWM_Start
 .text.HAL_TIM_IC_Start_IT
                0x0800a974      0x1b0 CMakeFiles/S15909_H750.elf.dir/Drivers/STM32H7xx_HAL_Driver/Src/stm32h7xx_hal_tim.c.obj
                0x0800a974                HAL_TIM_IC_Start_IT
 .text.HAL_TIM_IC_Stop_IT
                0x0800ab24       0xe8 CMakeFiles/S15909_H750.elf.dir/Drivers/STM32H7xx_HAL_Driver/Src/stm32h7xx_hal_tim.c.obj
                0x0800ab24                HAL_TIM_IC_Stop_IT
 .text.HAL_TIMEx_MasterConfigSynchronization
                0x0800ac0c       0xa0 CMakeFiles/S15909_H750.elf.dir/Drivers/STM32H7xx_HAL_Driver/Src/stm32h7xx_hal_tim_ex.c.obj
                0x0800ac0c                HAL_TIMEx_MasterConfigSynchronization
 .text.HAL_TIMEx_CommutCallback
                0x0800acac        0x2 CMakeFiles/S15909_H750.elf.dir/Drivers/STM32H7xx_HAL_Driver/Src/stm32h7xx_hal_tim_ex.c.obj
                0x0800acac                HAL_TIMEx_CommutCallback
 .text.HAL_TIMEx_BreakCallback
                0x0800acae        0x2 CMakeFiles/S15909_H750.elf.dir/Drivers/STM32H7xx_HAL_Driver/Src/stm32h7xx_hal_tim_ex.c.obj
                0x0800acae                HAL_TIMEx_BreakCallback
 .text.HAL_TIMEx_Break2Callback
                0x0800acb0        0x2 CMakeFiles/S15909_H750.elf.dir/Drivers/STM32H7xx_HAL_Driver/Src/stm32h7xx_hal_tim_ex.c.obj
                0x0800acb0                HAL_TIMEx_Break2Callback
 .text.UART_EndTxTransfer
                0x0800acb2       0x32 CMakeFiles/S15909_H750.elf.dir/Drivers/STM32H7xx_HAL_Driver/Src/stm32h7xx_hal_uart.c.obj
 .text.UART_EndRxTransfer
                0x0800ace4       0x58 CMakeFiles/S15909_H750.elf.dir/Drivers/STM32H7xx_HAL_Driver/Src/stm32h7xx_hal_uart.c.obj
 .text.HAL_UART_Transmit_DMA
                0x0800ad3c       0x9c CMakeFiles/S15909_H750.elf.dir/Drivers/STM32H7xx_HAL_Driver/Src/stm32h7xx_hal_uart.c.obj
                0x0800ad3c                HAL_UART_Transmit_DMA
 .text.HAL_UART_TxCpltCallback
                0x0800add8        0x2 CMakeFiles/S15909_H750.elf.dir/Drivers/STM32H7xx_HAL_Driver/Src/stm32h7xx_hal_uart.c.obj
                0x0800add8                HAL_UART_TxCpltCallback
 .text.UART_DMATransmitCplt
                0x0800adda       0x46 CMakeFiles/S15909_H750.elf.dir/Drivers/STM32H7xx_HAL_Driver/Src/stm32h7xx_hal_uart.c.obj
 .text.UART_EndTransmit_IT
                0x0800ae20       0x24 CMakeFiles/S15909_H750.elf.dir/Drivers/STM32H7xx_HAL_Driver/Src/stm32h7xx_hal_uart.c.obj
 .text.HAL_UART_TxHalfCpltCallback
                0x0800ae44        0x2 CMakeFiles/S15909_H750.elf.dir/Drivers/STM32H7xx_HAL_Driver/Src/stm32h7xx_hal_uart.c.obj
                0x0800ae44                HAL_UART_TxHalfCpltCallback
 .text.UART_DMATxHalfCplt
                0x0800ae46        0xa CMakeFiles/S15909_H750.elf.dir/Drivers/STM32H7xx_HAL_Driver/Src/stm32h7xx_hal_uart.c.obj
 .text.HAL_UART_ErrorCallback
                0x0800ae50        0x2 CMakeFiles/S15909_H750.elf.dir/Drivers/STM32H7xx_HAL_Driver/Src/stm32h7xx_hal_uart.c.obj
                0x0800ae50                HAL_UART_ErrorCallback
 .text.UART_DMAError
                0x0800ae52       0x58 CMakeFiles/S15909_H750.elf.dir/Drivers/STM32H7xx_HAL_Driver/Src/stm32h7xx_hal_uart.c.obj
 .text.UART_DMAAbortOnError
                0x0800aeaa       0x14 CMakeFiles/S15909_H750.elf.dir/Drivers/STM32H7xx_HAL_Driver/Src/stm32h7xx_hal_uart.c.obj
 .text.HAL_UARTEx_RxEventCallback
                0x0800aebe        0x2 CMakeFiles/S15909_H750.elf.dir/Drivers/STM32H7xx_HAL_Driver/Src/stm32h7xx_hal_uart.c.obj
                0x0800aebe                HAL_UARTEx_RxEventCallback
 .text.HAL_UART_IRQHandler
                0x0800aec0      0x3b8 CMakeFiles/S15909_H750.elf.dir/Drivers/STM32H7xx_HAL_Driver/Src/stm32h7xx_hal_uart.c.obj
                0x0800aec0                HAL_UART_IRQHandler
 .text.UART_RxISR_8BIT
                0x0800b278       0xdc CMakeFiles/S15909_H750.elf.dir/Drivers/STM32H7xx_HAL_Driver/Src/stm32h7xx_hal_uart.c.obj
 .text.UART_RxISR_16BIT
                0x0800b354       0xd8 CMakeFiles/S15909_H750.elf.dir/Drivers/STM32H7xx_HAL_Driver/Src/stm32h7xx_hal_uart.c.obj
 .text.UART_RxISR_8BIT_FIFOEN
                0x0800b42c      0x1cc CMakeFiles/S15909_H750.elf.dir/Drivers/STM32H7xx_HAL_Driver/Src/stm32h7xx_hal_uart.c.obj
 .text.UART_RxISR_16BIT_FIFOEN
                0x0800b5f8      0x1c8 CMakeFiles/S15909_H750.elf.dir/Drivers/STM32H7xx_HAL_Driver/Src/stm32h7xx_hal_uart.c.obj
 .text.UART_SetConfig
                0x0800b7c0      0x5f4 CMakeFiles/S15909_H750.elf.dir/Drivers/STM32H7xx_HAL_Driver/Src/stm32h7xx_hal_uart.c.obj
                0x0800b7c0                UART_SetConfig
 .text.UART_AdvFeatureConfig
                0x0800bdb4       0xca CMakeFiles/S15909_H750.elf.dir/Drivers/STM32H7xx_HAL_Driver/Src/stm32h7xx_hal_uart.c.obj
                0x0800bdb4                UART_AdvFeatureConfig
 .text.UART_WaitOnFlagUntilTimeout
                0x0800be7e       0x9a CMakeFiles/S15909_H750.elf.dir/Drivers/STM32H7xx_HAL_Driver/Src/stm32h7xx_hal_uart.c.obj
                0x0800be7e                UART_WaitOnFlagUntilTimeout
 .text.HAL_UART_Transmit
                0x0800bf18       0xd0 CMakeFiles/S15909_H750.elf.dir/Drivers/STM32H7xx_HAL_Driver/Src/stm32h7xx_hal_uart.c.obj
                0x0800bf18                HAL_UART_Transmit
 .text.HAL_UART_Receive
                0x0800bfe8      0x116 CMakeFiles/S15909_H750.elf.dir/Drivers/STM32H7xx_HAL_Driver/Src/stm32h7xx_hal_uart.c.obj
                0x0800bfe8                HAL_UART_Receive
 .text.UART_CheckIdleState
                0x0800c0fe       0xca CMakeFiles/S15909_H750.elf.dir/Drivers/STM32H7xx_HAL_Driver/Src/stm32h7xx_hal_uart.c.obj
                0x0800c0fe                UART_CheckIdleState
 .text.HAL_UART_Init
                0x0800c1c8       0x66 CMakeFiles/S15909_H750.elf.dir/Drivers/STM32H7xx_HAL_Driver/Src/stm32h7xx_hal_uart.c.obj
                0x0800c1c8                HAL_UART_Init
 *fill*         0x0800c22e        0x2 
 .text.UART_Start_Receive_IT
                0x0800c230      0x13c CMakeFiles/S15909_H750.elf.dir/Drivers/STM32H7xx_HAL_Driver/Src/stm32h7xx_hal_uart.c.obj
                0x0800c230                UART_Start_Receive_IT
 .text.HAL_UART_Receive_IT
                0x0800c36c       0x4c CMakeFiles/S15909_H750.elf.dir/Drivers/STM32H7xx_HAL_Driver/Src/stm32h7xx_hal_uart.c.obj
                0x0800c36c                HAL_UART_Receive_IT
 .text.UARTEx_SetNbDataToProcess
                0x0800c3b8       0x4c CMakeFiles/S15909_H750.elf.dir/Drivers/STM32H7xx_HAL_Driver/Src/stm32h7xx_hal_uart_ex.c.obj
 .text.HAL_UARTEx_WakeupCallback
                0x0800c404        0x2 CMakeFiles/S15909_H750.elf.dir/Drivers/STM32H7xx_HAL_Driver/Src/stm32h7xx_hal_uart_ex.c.obj
                0x0800c404                HAL_UARTEx_WakeupCallback
 .text.HAL_UARTEx_RxFifoFullCallback
                0x0800c406        0x2 CMakeFiles/S15909_H750.elf.dir/Drivers/STM32H7xx_HAL_Driver/Src/stm32h7xx_hal_uart_ex.c.obj
                0x0800c406                HAL_UARTEx_RxFifoFullCallback
 .text.HAL_UARTEx_TxFifoEmptyCallback
                0x0800c408        0x2 CMakeFiles/S15909_H750.elf.dir/Drivers/STM32H7xx_HAL_Driver/Src/stm32h7xx_hal_uart_ex.c.obj
                0x0800c408                HAL_UARTEx_TxFifoEmptyCallback
 .text.HAL_UARTEx_DisableFifoMode
                0x0800c40a       0x3e CMakeFiles/S15909_H750.elf.dir/Drivers/STM32H7xx_HAL_Driver/Src/stm32h7xx_hal_uart_ex.c.obj
                0x0800c40a                HAL_UARTEx_DisableFifoMode
 .text.HAL_UARTEx_SetTxFifoThreshold
                0x0800c448       0x4a CMakeFiles/S15909_H750.elf.dir/Drivers/STM32H7xx_HAL_Driver/Src/stm32h7xx_hal_uart_ex.c.obj
                0x0800c448                HAL_UARTEx_SetTxFifoThreshold
 .text.HAL_UARTEx_SetRxFifoThreshold
                0x0800c492       0x4a CMakeFiles/S15909_H750.elf.dir/Drivers/STM32H7xx_HAL_Driver/Src/stm32h7xx_hal_uart_ex.c.obj
                0x0800c492                HAL_UARTEx_SetRxFifoThreshold
 .text.__errno  0x0800c4dc        0xc f:/work/arm-none-eabi-gcc/gcc-arm-none-eabi-10.3-2021.10-win32/gcc-arm-none-eabi-10.3-2021.10/bin/../lib/gcc/arm-none-eabi/10.3.1/../../../../arm-none-eabi/lib/thumb/v7e-m/nofp\libg.a(lib_a-errno.o)
                0x0800c4dc                __errno
 .text.__libc_init_array
                0x0800c4e8       0x48 f:/work/arm-none-eabi-gcc/gcc-arm-none-eabi-10.3-2021.10-win32/gcc-arm-none-eabi-10.3-2021.10/bin/../lib/gcc/arm-none-eabi/10.3.1/../../../../arm-none-eabi/lib/thumb/v7e-m/nofp\libg.a(lib_a-init.o)
                0x0800c4e8                __libc_init_array
 .text.malloc   0x0800c530       0x10 f:/work/arm-none-eabi-gcc/gcc-arm-none-eabi-10.3-2021.10-win32/gcc-arm-none-eabi-10.3-2021.10/bin/../lib/gcc/arm-none-eabi/10.3.1/../../../../arm-none-eabi/lib/thumb/v7e-m/nofp\libg.a(lib_a-malloc.o)
                0x0800c530                malloc
 .text.free     0x0800c540       0x10 f:/work/arm-none-eabi-gcc/gcc-arm-none-eabi-10.3-2021.10-win32/gcc-arm-none-eabi-10.3-2021.10/bin/../lib/gcc/arm-none-eabi/10.3.1/../../../../arm-none-eabi/lib/thumb/v7e-m/nofp\libg.a(lib_a-malloc.o)
                0x0800c540                free
 .text._malloc_r
                0x0800c550      0x560 f:/work/arm-none-eabi-gcc/gcc-arm-none-eabi-10.3-2021.10-win32/gcc-arm-none-eabi-10.3-2021.10/bin/../lib/gcc/arm-none-eabi/10.3.1/../../../../arm-none-eabi/lib/thumb/v7e-m/nofp\libg.a(lib_a-mallocr.o)
                0x0800c550                _malloc_r
 .text.memset   0x0800cab0       0xa4 f:/work/arm-none-eabi-gcc/gcc-arm-none-eabi-10.3-2021.10-win32/gcc-arm-none-eabi-10.3-2021.10/bin/../lib/gcc/arm-none-eabi/10.3.1/../../../../arm-none-eabi/lib/thumb/v7e-m/nofp\libg.a(lib_a-memset.o)
                0x0800cab0                memset
 .text.__malloc_lock
                0x0800cb54        0xc f:/work/arm-none-eabi-gcc/gcc-arm-none-eabi-10.3-2021.10-win32/gcc-arm-none-eabi-10.3-2021.10/bin/../lib/gcc/arm-none-eabi/10.3.1/../../../../arm-none-eabi/lib/thumb/v7e-m/nofp\libg.a(lib_a-mlock.o)
                0x0800cb54                __malloc_lock
 .text.__malloc_unlock
                0x0800cb60        0xc f:/work/arm-none-eabi-gcc/gcc-arm-none-eabi-10.3-2021.10-win32/gcc-arm-none-eabi-10.3-2021.10/bin/../lib/gcc/arm-none-eabi/10.3.1/../../../../arm-none-eabi/lib/thumb/v7e-m/nofp\libg.a(lib_a-mlock.o)
                0x0800cb60                __malloc_unlock
 .text._puts_r  0x0800cb6c       0x9c f:/work/arm-none-eabi-gcc/gcc-arm-none-eabi-10.3-2021.10-win32/gcc-arm-none-eabi-10.3-2021.10/bin/../lib/gcc/arm-none-eabi/10.3.1/../../../../arm-none-eabi/lib/thumb/v7e-m/nofp\libg.a(lib_a-puts.o)
                0x0800cb6c                _puts_r
 .text.puts     0x0800cc08       0x10 f:/work/arm-none-eabi-gcc/gcc-arm-none-eabi-10.3-2021.10-win32/gcc-arm-none-eabi-10.3-2021.10/bin/../lib/gcc/arm-none-eabi/10.3.1/../../../../arm-none-eabi/lib/thumb/v7e-m/nofp\libg.a(lib_a-puts.o)
                0x0800cc08                puts
 .text.realloc  0x0800cc18       0x18 f:/work/arm-none-eabi-gcc/gcc-arm-none-eabi-10.3-2021.10-win32/gcc-arm-none-eabi-10.3-2021.10/bin/../lib/gcc/arm-none-eabi/10.3.1/../../../../arm-none-eabi/lib/thumb/v7e-m/nofp\libg.a(lib_a-realloc.o)
                0x0800cc18                realloc
 .text._realloc_r
                0x0800cc30      0x3d8 f:/work/arm-none-eabi-gcc/gcc-arm-none-eabi-10.3-2021.10-win32/gcc-arm-none-eabi-10.3-2021.10/bin/../lib/gcc/arm-none-eabi/10.3.1/../../../../arm-none-eabi/lib/thumb/v7e-m/nofp\libg.a(lib_a-reallocr.o)
                0x0800cc30                _realloc_r
 .text._sbrk_r  0x0800d008       0x24 f:/work/arm-none-eabi-gcc/gcc-arm-none-eabi-10.3-2021.10-win32/gcc-arm-none-eabi-10.3-2021.10/bin/../lib/gcc/arm-none-eabi/10.3.1/../../../../arm-none-eabi/lib/thumb/v7e-m/nofp\libg.a(lib_a-sbrkr.o)
                0x0800d008                _sbrk_r
 .text.setvbuf  0x0800d02c      0x1b0 f:/work/arm-none-eabi-gcc/gcc-arm-none-eabi-10.3-2021.10-win32/gcc-arm-none-eabi-10.3-2021.10/bin/../lib/gcc/arm-none-eabi/10.3.1/../../../../arm-none-eabi/lib/thumb/v7e-m/nofp\libg.a(lib_a-setvbuf.o)
                0x0800d02c                setvbuf
 .text.sprintf  0x0800d1dc       0x40 f:/work/arm-none-eabi-gcc/gcc-arm-none-eabi-10.3-2021.10-win32/gcc-arm-none-eabi-10.3-2021.10/bin/../lib/gcc/arm-none-eabi/10.3.1/../../../../arm-none-eabi/lib/thumb/v7e-m/nofp\libg.a(lib_a-sprintf.o)
                0x0800d1dc                sprintf
 .text.sscanf   0x0800d21c       0x54 f:/work/arm-none-eabi-gcc/gcc-arm-none-eabi-10.3-2021.10-win32/gcc-arm-none-eabi-10.3-2021.10/bin/../lib/gcc/arm-none-eabi/10.3.1/../../../../arm-none-eabi/lib/thumb/v7e-m/nofp\libg.a(lib_a-sscanf.o)
                0x0800d21c                sscanf
 .text.__sread  0x0800d270       0x24 f:/work/arm-none-eabi-gcc/gcc-arm-none-eabi-10.3-2021.10-win32/gcc-arm-none-eabi-10.3-2021.10/bin/../lib/gcc/arm-none-eabi/10.3.1/../../../../arm-none-eabi/lib/thumb/v7e-m/nofp\libg.a(lib_a-stdio.o)
                0x0800d270                __sread
 .text.__seofread
                0x0800d294        0x4 f:/work/arm-none-eabi-gcc/gcc-arm-none-eabi-10.3-2021.10-win32/gcc-arm-none-eabi-10.3-2021.10/bin/../lib/gcc/arm-none-eabi/10.3.1/../../../../arm-none-eabi/lib/thumb/v7e-m/nofp\libg.a(lib_a-stdio.o)
                0x0800d294                __seofread
 .text.__swrite
                0x0800d298       0x40 f:/work/arm-none-eabi-gcc/gcc-arm-none-eabi-10.3-2021.10-win32/gcc-arm-none-eabi-10.3-2021.10/bin/../lib/gcc/arm-none-eabi/10.3.1/../../../../arm-none-eabi/lib/thumb/v7e-m/nofp\libg.a(lib_a-stdio.o)
                0x0800d298                __swrite
 .text.__sseek  0x0800d2d8       0x20 f:/work/arm-none-eabi-gcc/gcc-arm-none-eabi-10.3-2021.10-win32/gcc-arm-none-eabi-10.3-2021.10/bin/../lib/gcc/arm-none-eabi/10.3.1/../../../../arm-none-eabi/lib/thumb/v7e-m/nofp\libg.a(lib_a-stdio.o)
                0x0800d2d8                __sseek
 .text.__sclose
                0x0800d2f8        0x8 f:/work/arm-none-eabi-gcc/gcc-arm-none-eabi-10.3-2021.10-win32/gcc-arm-none-eabi-10.3-2021.10/bin/../lib/gcc/arm-none-eabi/10.3.1/../../../../arm-none-eabi/lib/thumb/v7e-m/nofp\libg.a(lib_a-stdio.o)
                0x0800d2f8                __sclose
 .text.strcpy   0x0800d300       0xbc f:/work/arm-none-eabi-gcc/gcc-arm-none-eabi-10.3-2021.10-win32/gcc-arm-none-eabi-10.3-2021.10/bin/../lib/gcc/arm-none-eabi/10.3.1/../../../../arm-none-eabi/lib/thumb/v7e-m/nofp\libg.a(lib_a-strcpy.o)
                0x0800d300                strcpy
 .text.strncmp  0x0800d3bc       0x80 f:/work/arm-none-eabi-gcc/gcc-arm-none-eabi-10.3-2021.10-win32/gcc-arm-none-eabi-10.3-2021.10/bin/../lib/gcc/arm-none-eabi/10.3.1/../../../../arm-none-eabi/lib/thumb/v7e-m/nofp\libg.a(lib_a-strncmp.o)
                0x0800d3bc                strncmp
 *fill*         0x0800d43c        0x4 
 .text._strtod_l
                0x0800d440      0xf30 f:/work/arm-none-eabi-gcc/gcc-arm-none-eabi-10.3-2021.10-win32/gcc-arm-none-eabi-10.3-2021.10/bin/../lib/gcc/arm-none-eabi/10.3.1/../../../../arm-none-eabi/lib/thumb/v7e-m/nofp\libg.a(lib_a-strtod.o)
                0x0800d440                _strtod_l
 .text._strtod_r
                0x0800e370        0xc f:/work/arm-none-eabi-gcc/gcc-arm-none-eabi-10.3-2021.10-win32/gcc-arm-none-eabi-10.3-2021.10/bin/../lib/gcc/arm-none-eabi/10.3.1/../../../../arm-none-eabi/lib/thumb/v7e-m/nofp\libg.a(lib_a-strtod.o)
                0x0800e370                _strtod_r
 .text.strtod   0x0800e37c       0x1c f:/work/arm-none-eabi-gcc/gcc-arm-none-eabi-10.3-2021.10-win32/gcc-arm-none-eabi-10.3-2021.10/bin/../lib/gcc/arm-none-eabi/10.3.1/../../../../arm-none-eabi/lib/thumb/v7e-m/nofp\libg.a(lib_a-strtod.o)
                0x0800e37c                strtod
 .text._svfprintf_r
                0x0800e398     0x1a3c f:/work/arm-none-eabi-gcc/gcc-arm-none-eabi-10.3-2021.10-win32/gcc-arm-none-eabi-10.3-2021.10/bin/../lib/gcc/arm-none-eabi/10.3.1/../../../../arm-none-eabi/lib/thumb/v7e-m/nofp\libg.a(lib_a-svfprintf.o)
                0x0800e398                _svfprintf_r
 .text.__ssvfscanf_r
                0x0800fdd4     0x170c f:/work/arm-none-eabi-gcc/gcc-arm-none-eabi-10.3-2021.10-win32/gcc-arm-none-eabi-10.3-2021.10/bin/../lib/gcc/arm-none-eabi/10.3.1/../../../../arm-none-eabi/lib/thumb/v7e-m/nofp\libg.a(lib_a-svfscanf.o)
                0x0800fdd4                __ssvfscanf_r
 .text._write_r
                0x080114e0       0x2c f:/work/arm-none-eabi-gcc/gcc-arm-none-eabi-10.3-2021.10-win32/gcc-arm-none-eabi-10.3-2021.10/bin/../lib/gcc/arm-none-eabi/10.3.1/../../../../arm-none-eabi/lib/thumb/v7e-m/nofp\libg.a(lib_a-writer.o)
                0x080114e0                _write_r
 .text.startup.register_fini
                0x0801150c       0x14 f:/work/arm-none-eabi-gcc/gcc-arm-none-eabi-10.3-2021.10-win32/gcc-arm-none-eabi-10.3-2021.10/bin/../lib/gcc/arm-none-eabi/10.3.1/../../../../arm-none-eabi/lib/thumb/v7e-m/nofp\libg.a(lib_a-__call_atexit.o)
 .text.atexit   0x08011520        0xc f:/work/arm-none-eabi-gcc/gcc-arm-none-eabi-10.3-2021.10-win32/gcc-arm-none-eabi-10.3-2021.10/bin/../lib/gcc/arm-none-eabi/10.3.1/../../../../arm-none-eabi/lib/thumb/v7e-m/nofp\libg.a(lib_a-atexit.o)
                0x08011520                atexit
 .text._close_r
                0x0801152c       0x24 f:/work/arm-none-eabi-gcc/gcc-arm-none-eabi-10.3-2021.10-win32/gcc-arm-none-eabi-10.3-2021.10/bin/../lib/gcc/arm-none-eabi/10.3.1/../../../../arm-none-eabi/lib/thumb/v7e-m/nofp\libg.a(lib_a-closer.o)
                0x0801152c                _close_r
 .text.quorem   0x08011550      0x124 f:/work/arm-none-eabi-gcc/gcc-arm-none-eabi-10.3-2021.10-win32/gcc-arm-none-eabi-10.3-2021.10/bin/../lib/gcc/arm-none-eabi/10.3.1/../../../../arm-none-eabi/lib/thumb/v7e-m/nofp\libg.a(lib_a-dtoa.o)
 *fill*         0x08011674        0x4 
 .text._dtoa_r  0x08011678      0xec4 f:/work/arm-none-eabi-gcc/gcc-arm-none-eabi-10.3-2021.10-win32/gcc-arm-none-eabi-10.3-2021.10/bin/../lib/gcc/arm-none-eabi/10.3.1/../../../../arm-none-eabi/lib/thumb/v7e-m/nofp\libg.a(lib_a-dtoa.o)
                0x08011678                _dtoa_r
 .text.__sflush_r
                0x0801253c      0x120 f:/work/arm-none-eabi-gcc/gcc-arm-none-eabi-10.3-2021.10-win32/gcc-arm-none-eabi-10.3-2021.10/bin/../lib/gcc/arm-none-eabi/10.3.1/../../../../arm-none-eabi/lib/thumb/v7e-m/nofp\libg.a(lib_a-fflush.o)
                0x0801253c                __sflush_r
 .text._fflush_r
                0x0801265c       0x5c f:/work/arm-none-eabi-gcc/gcc-arm-none-eabi-10.3-2021.10-win32/gcc-arm-none-eabi-10.3-2021.10/bin/../lib/gcc/arm-none-eabi/10.3.1/../../../../arm-none-eabi/lib/thumb/v7e-m/nofp\libg.a(lib_a-fflush.o)
                0x0801265c                _fflush_r
 .text._cleanup_r
                0x080126b8        0xc f:/work/arm-none-eabi-gcc/gcc-arm-none-eabi-10.3-2021.10-win32/gcc-arm-none-eabi-10.3-2021.10/bin/../lib/gcc/arm-none-eabi/10.3.1/../../../../arm-none-eabi/lib/thumb/v7e-m/nofp\libg.a(lib_a-findfp.o)
                0x080126b8                _cleanup_r
 .text.__sinit  0x080126c4      0x10c f:/work/arm-none-eabi-gcc/gcc-arm-none-eabi-10.3-2021.10-win32/gcc-arm-none-eabi-10.3-2021.10/bin/../lib/gcc/arm-none-eabi/10.3.1/../../../../arm-none-eabi/lib/thumb/v7e-m/nofp\libg.a(lib_a-findfp.o)
                0x080126c4                __sinit
 .text.__sfp_lock_acquire
                0x080127d0        0xc f:/work/arm-none-eabi-gcc/gcc-arm-none-eabi-10.3-2021.10-win32/gcc-arm-none-eabi-10.3-2021.10/bin/../lib/gcc/arm-none-eabi/10.3.1/../../../../arm-none-eabi/lib/thumb/v7e-m/nofp\libg.a(lib_a-findfp.o)
                0x080127d0                __sfp_lock_acquire
 .text.__sfp_lock_release
                0x080127dc        0xc f:/work/arm-none-eabi-gcc/gcc-arm-none-eabi-10.3-2021.10-win32/gcc-arm-none-eabi-10.3-2021.10/bin/../lib/gcc/arm-none-eabi/10.3.1/../../../../arm-none-eabi/lib/thumb/v7e-m/nofp\libg.a(lib_a-findfp.o)
                0x080127dc                __sfp_lock_release
 .text.__libc_fini_array
                0x080127e8       0x2c f:/work/arm-none-eabi-gcc/gcc-arm-none-eabi-10.3-2021.10-win32/gcc-arm-none-eabi-10.3-2021.10/bin/../lib/gcc/arm-none-eabi/10.3.1/../../../../arm-none-eabi/lib/thumb/v7e-m/nofp\libg.a(lib_a-fini.o)
                0x080127e8                __libc_fini_array
 .text._malloc_trim_r
                0x08012814       0xa0 f:/work/arm-none-eabi-gcc/gcc-arm-none-eabi-10.3-2021.10-win32/gcc-arm-none-eabi-10.3-2021.10/bin/../lib/gcc/arm-none-eabi/10.3.1/../../../../arm-none-eabi/lib/thumb/v7e-m/nofp\libg.a(lib_a-freer.o)
                0x08012814                _malloc_trim_r
 .text._free_r  0x080128b4      0x20c f:/work/arm-none-eabi-gcc/gcc-arm-none-eabi-10.3-2021.10-win32/gcc-arm-none-eabi-10.3-2021.10/bin/../lib/gcc/arm-none-eabi/10.3.1/../../../../arm-none-eabi/lib/thumb/v7e-m/nofp\libg.a(lib_a-freer.o)
                0x080128b4                _free_r
 .text.__sfvwrite_r
                0x08012ac0      0x2e8 f:/work/arm-none-eabi-gcc/gcc-arm-none-eabi-10.3-2021.10-win32/gcc-arm-none-eabi-10.3-2021.10/bin/../lib/gcc/arm-none-eabi/10.3.1/../../../../arm-none-eabi/lib/thumb/v7e-m/nofp\libg.a(lib_a-fvwrite.o)
                0x08012ac0                __sfvwrite_r
 .text._fwalk_reent
                0x08012da8       0x48 f:/work/arm-none-eabi-gcc/gcc-arm-none-eabi-10.3-2021.10-win32/gcc-arm-none-eabi-10.3-2021.10/bin/../lib/gcc/arm-none-eabi/10.3.1/../../../../arm-none-eabi/lib/thumb/v7e-m/nofp\libg.a(lib_a-fwalk.o)
                0x08012da8                _fwalk_reent
 .text.rshift   0x08012df0       0xa4 f:/work/arm-none-eabi-gcc/gcc-arm-none-eabi-10.3-2021.10-win32/gcc-arm-none-eabi-10.3-2021.10/bin/../lib/gcc/arm-none-eabi/10.3.1/../../../../arm-none-eabi/lib/thumb/v7e-m/nofp\libg.a(lib_a-gdtoa-gethex.o)
 .text.__gethex
                0x08012e94      0x5bc f:/work/arm-none-eabi-gcc/gcc-arm-none-eabi-10.3-2021.10-win32/gcc-arm-none-eabi-10.3-2021.10/bin/../lib/gcc/arm-none-eabi/10.3.1/../../../../arm-none-eabi/lib/thumb/v7e-m/nofp\libg.a(lib_a-gdtoa-gethex.o)
                0x08012e94                __gethex
 .text.__match  0x08013450       0x34 f:/work/arm-none-eabi-gcc/gcc-arm-none-eabi-10.3-2021.10-win32/gcc-arm-none-eabi-10.3-2021.10/bin/../lib/gcc/arm-none-eabi/10.3.1/../../../../arm-none-eabi/lib/thumb/v7e-m/nofp\libg.a(lib_a-gdtoa-hexnan.o)
                0x08013450                __match
 .text.__hexnan
                0x08013484      0x1ac f:/work/arm-none-eabi-gcc/gcc-arm-none-eabi-10.3-2021.10-win32/gcc-arm-none-eabi-10.3-2021.10/bin/../lib/gcc/arm-none-eabi/10.3.1/../../../../arm-none-eabi/lib/thumb/v7e-m/nofp\libg.a(lib_a-gdtoa-hexnan.o)
                0x08013484                __hexnan
 .text.iswspace
                0x08013630        0x8 f:/work/arm-none-eabi-gcc/gcc-arm-none-eabi-10.3-2021.10-win32/gcc-arm-none-eabi-10.3-2021.10/bin/../lib/gcc/arm-none-eabi/10.3.1/../../../../arm-none-eabi/lib/thumb/v7e-m/nofp\libg.a(lib_a-iswspace.o)
                0x08013630                iswspace
 .text.iswspace_l
                0x08013638       0x14 f:/work/arm-none-eabi-gcc/gcc-arm-none-eabi-10.3-2021.10-win32/gcc-arm-none-eabi-10.3-2021.10/bin/../lib/gcc/arm-none-eabi/10.3.1/../../../../arm-none-eabi/lib/thumb/v7e-m/nofp\libg.a(lib_a-iswspace_l.o)
                0x08013638                iswspace_l
 .text.__locale_mb_cur_max
                0x0801364c        0xc f:/work/arm-none-eabi-gcc/gcc-arm-none-eabi-10.3-2021.10-win32/gcc-arm-none-eabi-10.3-2021.10/bin/../lib/gcc/arm-none-eabi/10.3.1/../../../../arm-none-eabi/lib/thumb/v7e-m/nofp\libg.a(lib_a-locale.o)
                0x0801364c                __locale_mb_cur_max
 .text._localeconv_r
                0x08013658        0x8 f:/work/arm-none-eabi-gcc/gcc-arm-none-eabi-10.3-2021.10-win32/gcc-arm-none-eabi-10.3-2021.10/bin/../lib/gcc/arm-none-eabi/10.3.1/../../../../arm-none-eabi/lib/thumb/v7e-m/nofp\libg.a(lib_a-localeconv.o)
                0x08013658                _localeconv_r
 .text.__retarget_lock_init_recursive
                0x08013660        0x4 f:/work/arm-none-eabi-gcc/gcc-arm-none-eabi-10.3-2021.10-win32/gcc-arm-none-eabi-10.3-2021.10/bin/../lib/gcc/arm-none-eabi/10.3.1/../../../../arm-none-eabi/lib/thumb/v7e-m/nofp\libg.a(lib_a-lock.o)
                0x08013660                __retarget_lock_init_recursive
 .text.__retarget_lock_close_recursive
                0x08013664        0x4 f:/work/arm-none-eabi-gcc/gcc-arm-none-eabi-10.3-2021.10-win32/gcc-arm-none-eabi-10.3-2021.10/bin/../lib/gcc/arm-none-eabi/10.3.1/../../../../arm-none-eabi/lib/thumb/v7e-m/nofp\libg.a(lib_a-lock.o)
                0x08013664                __retarget_lock_close_recursive
 .text.__retarget_lock_acquire_recursive
                0x08013668        0x4 f:/work/arm-none-eabi-gcc/gcc-arm-none-eabi-10.3-2021.10-win32/gcc-arm-none-eabi-10.3-2021.10/bin/../lib/gcc/arm-none-eabi/10.3.1/../../../../arm-none-eabi/lib/thumb/v7e-m/nofp\libg.a(lib_a-lock.o)
                0x08013668                __retarget_lock_acquire_recursive
 .text.__retarget_lock_release_recursive
                0x0801366c        0x4 f:/work/arm-none-eabi-gcc/gcc-arm-none-eabi-10.3-2021.10-win32/gcc-arm-none-eabi-10.3-2021.10/bin/../lib/gcc/arm-none-eabi/10.3.1/../../../../arm-none-eabi/lib/thumb/v7e-m/nofp\libg.a(lib_a-lock.o)
                0x0801366c                __retarget_lock_release_recursive
 .text._lseek_r
                0x08013670       0x2c f:/work/arm-none-eabi-gcc/gcc-arm-none-eabi-10.3-2021.10-win32/gcc-arm-none-eabi-10.3-2021.10/bin/../lib/gcc/arm-none-eabi/10.3.1/../../../../arm-none-eabi/lib/thumb/v7e-m/nofp\libg.a(lib_a-lseekr.o)
                0x08013670                _lseek_r
 .text.__smakebuf_r
                0x0801369c       0xe0 f:/work/arm-none-eabi-gcc/gcc-arm-none-eabi-10.3-2021.10-win32/gcc-arm-none-eabi-10.3-2021.10/bin/../lib/gcc/arm-none-eabi/10.3.1/../../../../arm-none-eabi/lib/thumb/v7e-m/nofp\libg.a(lib_a-makebuf.o)
                0x0801369c                __smakebuf_r
 .text.__swhatbuf_r
                0x0801377c       0x60 f:/work/arm-none-eabi-gcc/gcc-arm-none-eabi-10.3-2021.10-win32/gcc-arm-none-eabi-10.3-2021.10/bin/../lib/gcc/arm-none-eabi/10.3.1/../../../../arm-none-eabi/lib/thumb/v7e-m/nofp\libg.a(lib_a-makebuf.o)
                0x0801377c                __swhatbuf_r
 .text._mbrtowc_r
                0x080137dc       0x44 f:/work/arm-none-eabi-gcc/gcc-arm-none-eabi-10.3-2021.10-win32/gcc-arm-none-eabi-10.3-2021.10/bin/../lib/gcc/arm-none-eabi/10.3.1/../../../../arm-none-eabi/lib/thumb/v7e-m/nofp\libg.a(lib_a-mbrtowc.o)
                0x080137dc                _mbrtowc_r
 .text.__ascii_mbtowc
                0x08013820       0x2c f:/work/arm-none-eabi-gcc/gcc-arm-none-eabi-10.3-2021.10-win32/gcc-arm-none-eabi-10.3-2021.10/bin/../lib/gcc/arm-none-eabi/10.3.1/../../../../arm-none-eabi/lib/thumb/v7e-m/nofp\libg.a(lib_a-mbtowc_r.o)
                0x08013820                __ascii_mbtowc
 .text.memmove  0x0801384c       0xf8 f:/work/arm-none-eabi-gcc/gcc-arm-none-eabi-10.3-2021.10-win32/gcc-arm-none-eabi-10.3-2021.10/bin/../lib/gcc/arm-none-eabi/10.3.1/../../../../arm-none-eabi/lib/thumb/v7e-m/nofp\libg.a(lib_a-memmove.o)
                0x0801384c                memmove
 .text._Balloc  0x08013944       0x4c f:/work/arm-none-eabi-gcc/gcc-arm-none-eabi-10.3-2021.10-win32/gcc-arm-none-eabi-10.3-2021.10/bin/../lib/gcc/arm-none-eabi/10.3.1/../../../../arm-none-eabi/lib/thumb/v7e-m/nofp\libg.a(lib_a-mprec.o)
                0x08013944                _Balloc
 .text._Bfree   0x08013990       0x14 f:/work/arm-none-eabi-gcc/gcc-arm-none-eabi-10.3-2021.10-win32/gcc-arm-none-eabi-10.3-2021.10/bin/../lib/gcc/arm-none-eabi/10.3.1/../../../../arm-none-eabi/lib/thumb/v7e-m/nofp\libg.a(lib_a-mprec.o)
                0x08013990                _Bfree
 .text.__multadd
                0x080139a4       0xa0 f:/work/arm-none-eabi-gcc/gcc-arm-none-eabi-10.3-2021.10-win32/gcc-arm-none-eabi-10.3-2021.10/bin/../lib/gcc/arm-none-eabi/10.3.1/../../../../arm-none-eabi/lib/thumb/v7e-m/nofp\libg.a(lib_a-mprec.o)
                0x080139a4                __multadd
 .text.__s2b    0x08013a44       0xb4 f:/work/arm-none-eabi-gcc/gcc-arm-none-eabi-10.3-2021.10-win32/gcc-arm-none-eabi-10.3-2021.10/bin/../lib/gcc/arm-none-eabi/10.3.1/../../../../arm-none-eabi/lib/thumb/v7e-m/nofp\libg.a(lib_a-mprec.o)
                0x08013a44                __s2b
 .text.__hi0bits
                0x08013af8       0x40 f:/work/arm-none-eabi-gcc/gcc-arm-none-eabi-10.3-2021.10-win32/gcc-arm-none-eabi-10.3-2021.10/bin/../lib/gcc/arm-none-eabi/10.3.1/../../../../arm-none-eabi/lib/thumb/v7e-m/nofp\libg.a(lib_a-mprec.o)
                0x08013af8                __hi0bits
 .text.__lo0bits
                0x08013b38       0x5c f:/work/arm-none-eabi-gcc/gcc-arm-none-eabi-10.3-2021.10-win32/gcc-arm-none-eabi-10.3-2021.10/bin/../lib/gcc/arm-none-eabi/10.3.1/../../../../arm-none-eabi/lib/thumb/v7e-m/nofp\libg.a(lib_a-mprec.o)
                0x08013b38                __lo0bits
 .text.__i2b    0x08013b94       0x5c f:/work/arm-none-eabi-gcc/gcc-arm-none-eabi-10.3-2021.10-win32/gcc-arm-none-eabi-10.3-2021.10/bin/../lib/gcc/arm-none-eabi/10.3.1/../../../../arm-none-eabi/lib/thumb/v7e-m/nofp\libg.a(lib_a-mprec.o)
                0x08013b94                __i2b
 .text.__multiply
                0x08013bf0      0x15c f:/work/arm-none-eabi-gcc/gcc-arm-none-eabi-10.3-2021.10-win32/gcc-arm-none-eabi-10.3-2021.10/bin/../lib/gcc/arm-none-eabi/10.3.1/../../../../arm-none-eabi/lib/thumb/v7e-m/nofp\libg.a(lib_a-mprec.o)
                0x08013bf0                __multiply
 .text.__pow5mult
                0x08013d4c       0xc0 f:/work/arm-none-eabi-gcc/gcc-arm-none-eabi-10.3-2021.10-win32/gcc-arm-none-eabi-10.3-2021.10/bin/../lib/gcc/arm-none-eabi/10.3.1/../../../../arm-none-eabi/lib/thumb/v7e-m/nofp\libg.a(lib_a-mprec.o)
                0x08013d4c                __pow5mult
 .text.__lshift
                0x08013e0c       0xf0 f:/work/arm-none-eabi-gcc/gcc-arm-none-eabi-10.3-2021.10-win32/gcc-arm-none-eabi-10.3-2021.10/bin/../lib/gcc/arm-none-eabi/10.3.1/../../../../arm-none-eabi/lib/thumb/v7e-m/nofp\libg.a(lib_a-mprec.o)
                0x08013e0c                __lshift
 .text.__mcmp   0x08013efc       0x40 f:/work/arm-none-eabi-gcc/gcc-arm-none-eabi-10.3-2021.10-win32/gcc-arm-none-eabi-10.3-2021.10/bin/../lib/gcc/arm-none-eabi/10.3.1/../../../../arm-none-eabi/lib/thumb/v7e-m/nofp\libg.a(lib_a-mprec.o)
                0x08013efc                __mcmp
 .text.__mdiff  0x08013f3c      0x14c f:/work/arm-none-eabi-gcc/gcc-arm-none-eabi-10.3-2021.10-win32/gcc-arm-none-eabi-10.3-2021.10/bin/../lib/gcc/arm-none-eabi/10.3.1/../../../../arm-none-eabi/lib/thumb/v7e-m/nofp\libg.a(lib_a-mprec.o)
                0x08013f3c                __mdiff
 .text.__ulp    0x08014088       0x44 f:/work/arm-none-eabi-gcc/gcc-arm-none-eabi-10.3-2021.10-win32/gcc-arm-none-eabi-10.3-2021.10/bin/../lib/gcc/arm-none-eabi/10.3.1/../../../../arm-none-eabi/lib/thumb/v7e-m/nofp\libg.a(lib_a-mprec.o)
                0x08014088                __ulp
 .text.__b2d    0x080140cc       0xd0 f:/work/arm-none-eabi-gcc/gcc-arm-none-eabi-10.3-2021.10-win32/gcc-arm-none-eabi-10.3-2021.10/bin/../lib/gcc/arm-none-eabi/10.3.1/../../../../arm-none-eabi/lib/thumb/v7e-m/nofp\libg.a(lib_a-mprec.o)
                0x080140cc                __b2d
 .text.__d2b    0x0801419c       0xc4 f:/work/arm-none-eabi-gcc/gcc-arm-none-eabi-10.3-2021.10-win32/gcc-arm-none-eabi-10.3-2021.10/bin/../lib/gcc/arm-none-eabi/10.3.1/../../../../arm-none-eabi/lib/thumb/v7e-m/nofp\libg.a(lib_a-mprec.o)
                0x0801419c                __d2b
 .text.__ratio  0x08014260       0x5c f:/work/arm-none-eabi-gcc/gcc-arm-none-eabi-10.3-2021.10-win32/gcc-arm-none-eabi-10.3-2021.10/bin/../lib/gcc/arm-none-eabi/10.3.1/../../../../arm-none-eabi/lib/thumb/v7e-m/nofp\libg.a(lib_a-mprec.o)
                0x08014260                __ratio
 .text.__copybits
                0x080142bc       0x5c f:/work/arm-none-eabi-gcc/gcc-arm-none-eabi-10.3-2021.10-win32/gcc-arm-none-eabi-10.3-2021.10/bin/../lib/gcc/arm-none-eabi/10.3.1/../../../../arm-none-eabi/lib/thumb/v7e-m/nofp\libg.a(lib_a-mprec.o)
                0x080142bc                __copybits
 .text.__any_on
                0x08014318       0x60 f:/work/arm-none-eabi-gcc/gcc-arm-none-eabi-10.3-2021.10-win32/gcc-arm-none-eabi-10.3-2021.10/bin/../lib/gcc/arm-none-eabi/10.3.1/../../../../arm-none-eabi/lib/thumb/v7e-m/nofp\libg.a(lib_a-mprec.o)
                0x08014318                __any_on
 .text._read_r  0x08014378       0x2c f:/work/arm-none-eabi-gcc/gcc-arm-none-eabi-10.3-2021.10-win32/gcc-arm-none-eabi-10.3-2021.10/bin/../lib/gcc/arm-none-eabi/10.3.1/../../../../arm-none-eabi/lib/thumb/v7e-m/nofp\libg.a(lib_a-readr.o)
                0x08014378                _read_r
 .text.frexp    0x080143a4       0x70 f:/work/arm-none-eabi-gcc/gcc-arm-none-eabi-10.3-2021.10-win32/gcc-arm-none-eabi-10.3-2021.10/bin/../lib/gcc/arm-none-eabi/10.3.1/../../../../arm-none-eabi/lib/thumb/v7e-m/nofp\libg.a(lib_a-s_frexp.o)
                0x080143a4                frexp
 .text.nan      0x08014414        0xc f:/work/arm-none-eabi-gcc/gcc-arm-none-eabi-10.3-2021.10-win32/gcc-arm-none-eabi-10.3-2021.10/bin/../lib/gcc/arm-none-eabi/10.3.1/../../../../arm-none-eabi/lib/thumb/v7e-m/nofp\libg.a(lib_a-s_nan.o)
                0x08014414                nan
 .text.__sccl   0x08014420       0x8c f:/work/arm-none-eabi-gcc/gcc-arm-none-eabi-10.3-2021.10-win32/gcc-arm-none-eabi-10.3-2021.10/bin/../lib/gcc/arm-none-eabi/10.3.1/../../../../arm-none-eabi/lib/thumb/v7e-m/nofp\libg.a(lib_a-sccl.o)
                0x08014420                __sccl
 .text.nanf     0x080144ac        0x8 f:/work/arm-none-eabi-gcc/gcc-arm-none-eabi-10.3-2021.10-win32/gcc-arm-none-eabi-10.3-2021.10/bin/../lib/gcc/arm-none-eabi/10.3.1/../../../../arm-none-eabi/lib/thumb/v7e-m/nofp\libg.a(lib_a-sf_nan.o)
                0x080144ac                nanf
 .text.strncpy  0x080144b4       0x64 f:/work/arm-none-eabi-gcc/gcc-arm-none-eabi-10.3-2021.10-win32/gcc-arm-none-eabi-10.3-2021.10/bin/../lib/gcc/arm-none-eabi/10.3.1/../../../../arm-none-eabi/lib/thumb/v7e-m/nofp\libg.a(lib_a-strncpy.o)
                0x080144b4                strncpy
 .text._strtol_l.part.0
                0x08014518      0x120 f:/work/arm-none-eabi-gcc/gcc-arm-none-eabi-10.3-2021.10-win32/gcc-arm-none-eabi-10.3-2021.10/bin/../lib/gcc/arm-none-eabi/10.3.1/../../../../arm-none-eabi/lib/thumb/v7e-m/nofp\libg.a(lib_a-strtol.o)
 .text._strtol_r
                0x08014638       0x1c f:/work/arm-none-eabi-gcc/gcc-arm-none-eabi-10.3-2021.10-win32/gcc-arm-none-eabi-10.3-2021.10/bin/../lib/gcc/arm-none-eabi/10.3.1/../../../../arm-none-eabi/lib/thumb/v7e-m/nofp\libg.a(lib_a-strtol.o)
                0x08014638                _strtol_r
 .text._strtoll_l.constprop.0
                0x08014654      0x170 f:/work/arm-none-eabi-gcc/gcc-arm-none-eabi-10.3-2021.10-win32/gcc-arm-none-eabi-10.3-2021.10/bin/../lib/gcc/arm-none-eabi/10.3.1/../../../../arm-none-eabi/lib/thumb/v7e-m/nofp\libg.a(lib_a-strtoll.o)
 .text._strtoll_r
                0x080147c4        0x4 f:/work/arm-none-eabi-gcc/gcc-arm-none-eabi-10.3-2021.10-win32/gcc-arm-none-eabi-10.3-2021.10/bin/../lib/gcc/arm-none-eabi/10.3.1/../../../../arm-none-eabi/lib/thumb/v7e-m/nofp\libg.a(lib_a-strtoll.o)
                0x080147c4                _strtoll_r
 .text._strtoul_l.constprop.0
                0x080147c8      0x13c f:/work/arm-none-eabi-gcc/gcc-arm-none-eabi-10.3-2021.10-win32/gcc-arm-none-eabi-10.3-2021.10/bin/../lib/gcc/arm-none-eabi/10.3.1/../../../../arm-none-eabi/lib/thumb/v7e-m/nofp\libg.a(lib_a-strtoul.o)
 .text._strtoul_r
                0x08014904        0x4 f:/work/arm-none-eabi-gcc/gcc-arm-none-eabi-10.3-2021.10-win32/gcc-arm-none-eabi-10.3-2021.10/bin/../lib/gcc/arm-none-eabi/10.3.1/../../../../arm-none-eabi/lib/thumb/v7e-m/nofp\libg.a(lib_a-strtoul.o)
                0x08014904                _strtoul_r
 .text._strtoull_l.constprop.0
                0x08014908      0x198 f:/work/arm-none-eabi-gcc/gcc-arm-none-eabi-10.3-2021.10-win32/gcc-arm-none-eabi-10.3-2021.10/bin/../lib/gcc/arm-none-eabi/10.3.1/../../../../arm-none-eabi/lib/thumb/v7e-m/nofp\libg.a(lib_a-strtoull.o)
 .text._strtoull_r
                0x08014aa0        0x4 f:/work/arm-none-eabi-gcc/gcc-arm-none-eabi-10.3-2021.10-win32/gcc-arm-none-eabi-10.3-2021.10/bin/../lib/gcc/arm-none-eabi/10.3.1/../../../../arm-none-eabi/lib/thumb/v7e-m/nofp\libg.a(lib_a-strtoull.o)
                0x08014aa0                _strtoull_r
 .text.__ssprint_r
                0x08014aa4       0xf8 f:/work/arm-none-eabi-gcc/gcc-arm-none-eabi-10.3-2021.10-win32/gcc-arm-none-eabi-10.3-2021.10/bin/../lib/gcc/arm-none-eabi/10.3.1/../../../../arm-none-eabi/lib/thumb/v7e-m/nofp\libg.a(lib_a-svfiprintf.o)
                0x08014aa4                __ssprint_r
 .text._sungetc_r
                0x08014b9c       0x80 f:/work/arm-none-eabi-gcc/gcc-arm-none-eabi-10.3-2021.10-win32/gcc-arm-none-eabi-10.3-2021.10/bin/../lib/gcc/arm-none-eabi/10.3.1/../../../../arm-none-eabi/lib/thumb/v7e-m/nofp\libg.a(lib_a-svfiscanf.o)
                0x08014b9c                _sungetc_r
 .text.__ssrefill_r
                0x08014c1c       0x3c f:/work/arm-none-eabi-gcc/gcc-arm-none-eabi-10.3-2021.10-win32/gcc-arm-none-eabi-10.3-2021.10/bin/../lib/gcc/arm-none-eabi/10.3.1/../../../../arm-none-eabi/lib/thumb/v7e-m/nofp\libg.a(lib_a-svfiscanf.o)
                0x08014c1c                __ssrefill_r
 .text._sfread_r
                0x08014c58       0xb4 f:/work/arm-none-eabi-gcc/gcc-arm-none-eabi-10.3-2021.10-win32/gcc-arm-none-eabi-10.3-2021.10/bin/../lib/gcc/arm-none-eabi/10.3.1/../../../../arm-none-eabi/lib/thumb/v7e-m/nofp\libg.a(lib_a-svfiscanf.o)
                0x08014c58                _sfread_r
 .text.__submore
                0x08014d0c       0x78 f:/work/arm-none-eabi-gcc/gcc-arm-none-eabi-10.3-2021.10-win32/gcc-arm-none-eabi-10.3-2021.10/bin/../lib/gcc/arm-none-eabi/10.3.1/../../../../arm-none-eabi/lib/thumb/v7e-m/nofp\libg.a(lib_a-ungetc.o)
                0x08014d0c                __submore
 .text.__ascii_wctomb
                0x08014d84       0x1c f:/work/arm-none-eabi-gcc/gcc-arm-none-eabi-10.3-2021.10-win32/gcc-arm-none-eabi-10.3-2021.10/bin/../lib/gcc/arm-none-eabi/10.3.1/../../../../arm-none-eabi/lib/thumb/v7e-m/nofp\libg.a(lib_a-wctomb_r.o)
                0x08014d84                __ascii_wctomb
 .text.__swsetup_r