Archive member included to satisfy reference by file (symbol)

f:/work/arm-none-eabi-gcc/gcc-arm-none-eabi-10.3-2021.10-win32/gcc-arm-none-eabi-10.3-2021.10/bin/../lib/gcc/arm-none-eabi/10.3.1/thumb/v7e-m/nofp\libgcc.a(_arm_muldf3.o)
                              CMakeFiles/S15909_H750.elf.dir/Core/Src/cJSON.c.obj (__aeabi_dmul)
f:/work/arm-none-eabi-gcc/gcc-arm-none-eabi-10.3-2021.10-win32/gcc-arm-none-eabi-10.3-2021.10/bin/../lib/gcc/arm-none-eabi/10.3.1/thumb/v7e-m/nofp\libgcc.a(_arm_mulsf3.o)
                              CMakeFiles/S15909_H750.elf.dir/Core/Src/system_stm32h7xx.c.obj (__aeabi_fmul)
f:/work/arm-none-eabi-gcc/gcc-arm-none-eabi-10.3-2021.10-win32/gcc-arm-none-eabi-10.3-2021.10/bin/../lib/gcc/arm-none-eabi/10.3.1/thumb/v7e-m/nofp\libgcc.a(_arm_addsubdf3.o)
                              CMakeFiles/S15909_H750.elf.dir/Core/Src/cJSON.c.obj (__aeabi_dsub)
f:/work/arm-none-eabi-gcc/gcc-arm-none-eabi-10.3-2021.10-win32/gcc-arm-none-eabi-10.3-2021.10/bin/../lib/gcc/arm-none-eabi/10.3.1/thumb/v7e-m/nofp\libgcc.a(_arm_cmpdf2.o)
                              CMakeFiles/S15909_H750.elf.dir/Core/Src/cJSON.c.obj (__aeabi_dcmpeq)
f:/work/arm-none-eabi-gcc/gcc-arm-none-eabi-10.3-2021.10-win32/gcc-arm-none-eabi-10.3-2021.10/bin/../lib/gcc/arm-none-eabi/10.3.1/thumb/v7e-m/nofp\libgcc.a(_arm_unorddf2.o)
                              CMakeFiles/S15909_H750.elf.dir/Core/Src/cJSON.c.obj (__aeabi_dcmpun)
f:/work/arm-none-eabi-gcc/gcc-arm-none-eabi-10.3-2021.10-win32/gcc-arm-none-eabi-10.3-2021.10/bin/../lib/gcc/arm-none-eabi/10.3.1/thumb/v7e-m/nofp\libgcc.a(_arm_fixdfsi.o)
                              CMakeFiles/S15909_H750.elf.dir/Core/Src/cJSON.c.obj (__aeabi_d2iz)
f:/work/arm-none-eabi-gcc/gcc-arm-none-eabi-10.3-2021.10-win32/gcc-arm-none-eabi-10.3-2021.10/bin/../lib/gcc/arm-none-eabi/10.3.1/thumb/v7e-m/nofp\libgcc.a(_arm_addsubsf3.o)
                              CMakeFiles/S15909_H750.elf.dir/Core/Src/system_stm32h7xx.c.obj (__aeabi_fadd)
f:/work/arm-none-eabi-gcc/gcc-arm-none-eabi-10.3-2021.10-win32/gcc-arm-none-eabi-10.3-2021.10/bin/../lib/gcc/arm-none-eabi/10.3.1/thumb/v7e-m/nofp\libgcc.a(_arm_muldivsf3.o)
                              CMakeFiles/S15909_H750.elf.dir/Core/Src/system_stm32h7xx.c.obj (__aeabi_fdiv)
f:/work/arm-none-eabi-gcc/gcc-arm-none-eabi-10.3-2021.10-win32/gcc-arm-none-eabi-10.3-2021.10/bin/../lib/gcc/arm-none-eabi/10.3.1/thumb/v7e-m/nofp\libgcc.a(_arm_fixunssfsi.o)
                              CMakeFiles/S15909_H750.elf.dir/Core/Src/system_stm32h7xx.c.obj (__aeabi_f2uiz)
f:/work/arm-none-eabi-gcc/gcc-arm-none-eabi-10.3-2021.10-win32/gcc-arm-none-eabi-10.3-2021.10/bin/../lib/gcc/arm-none-eabi/10.3.1/thumb/v7e-m/nofp\libgcc.a(_aeabi_uldivmod.o)
                              CMakeFiles/S15909_H750.elf.dir/Drivers/STM32H7xx_HAL_Driver/Src/stm32h7xx_hal_uart.c.obj (__aeabi_uldivmod)
f:/work/arm-none-eabi-gcc/gcc-arm-none-eabi-10.3-2021.10-win32/gcc-arm-none-eabi-10.3-2021.10/bin/../lib/gcc/arm-none-eabi/10.3.1/thumb/v7e-m/nofp\libgcc.a(_udivmoddi4.o)
                              f:/work/arm-none-eabi-gcc/gcc-arm-none-eabi-10.3-2021.10-win32/gcc-arm-none-eabi-10.3-2021.10/bin/../lib/gcc/arm-none-eabi/10.3.1/thumb/v7e-m/nofp\libgcc.a(_aeabi_uldivmod.o) (__udivmoddi4)
f:/work/arm-none-eabi-gcc/gcc-arm-none-eabi-10.3-2021.10-win32/gcc-arm-none-eabi-10.3-2021.10/bin/../lib/gcc/arm-none-eabi/10.3.1/thumb/v7e-m/nofp\libgcc.a(_dvmd_tls.o)
                              f:/work/arm-none-eabi-gcc/gcc-arm-none-eabi-10.3-2021.10-win32/gcc-arm-none-eabi-10.3-2021.10/bin/../lib/gcc/arm-none-eabi/10.3.1/thumb/v7e-m/nofp\libgcc.a(_aeabi_uldivmod.o) (__aeabi_ldiv0)
f:/work/arm-none-eabi-gcc/gcc-arm-none-eabi-10.3-2021.10-win32/gcc-arm-none-eabi-10.3-2021.10/bin/../lib/gcc/arm-none-eabi/10.3.1/../../../../arm-none-eabi/lib/thumb/v7e-m/nofp\libg.a(lib_a-ctype_.o)
                              CMakeFiles/S15909_H750.elf.dir/Core/Src/cJSON.c.obj (_ctype_)
f:/work/arm-none-eabi-gcc/gcc-arm-none-eabi-10.3-2021.10-win32/gcc-arm-none-eabi-10.3-2021.10/bin/../lib/gcc/arm-none-eabi/10.3.1/../../../../arm-none-eabi/lib/thumb/v7e-m/nofp\libg.a(lib_a-errno.o)
                              CMakeFiles/S15909_H750.elf.dir/Core/Src/retarget.c.obj (__errno)
f:/work/arm-none-eabi-gcc/gcc-arm-none-eabi-10.3-2021.10-win32/gcc-arm-none-eabi-10.3-2021.10/bin/../lib/gcc/arm-none-eabi/10.3.1/../../../../arm-none-eabi/lib/thumb/v7e-m/nofp\libg.a(lib_a-exit.o)
                              f:/work/arm-none-eabi-gcc/gcc-arm-none-eabi-10.3-2021.10-win32/gcc-arm-none-eabi-10.3-2021.10/bin/../lib/gcc/arm-none-eabi/10.3.1/../../../../arm-none-eabi/lib/thumb/v7e-m/nofp/crt0.o (exit)
f:/work/arm-none-eabi-gcc/gcc-arm-none-eabi-10.3-2021.10-win32/gcc-arm-none-eabi-10.3-2021.10/bin/../lib/gcc/arm-none-eabi/10.3.1/../../../../arm-none-eabi/lib/thumb/v7e-m/nofp\libg.a(lib_a-impure.o)
[...]
Memory Configuration

Name             Origin             Length             Attributes
FLASH            0x08000000         0x00020000         xr
DTCMRAM          0x20000000         0x00020000         xrw
RAM_D1           0x24000000         0x00080000         xrw
RAM_D2           0x30000000         0x00048000         xrw
RAM_D3           0x38000000         0x00010000         xrw
ITCMRAM          0x00000000         0x00010000         xrw
*default*        0x00000000         0xffffffff

Linker script and memory map

LOAD f:/work/arm-none-eabi-gcc/gcc-arm-none-eabi-10.3-2021.10-win32/gcc-arm-none-eabi-10.3-2021.10/bin/../lib/gcc/arm-none-eabi/10.3.1/thumb/v7e-m/nofp/crti.o
LOAD f:/work/arm-none-eabi-gcc/gcc-arm-none-eabi-10.3-2021.10-win32/gcc-arm-none-eabi-10.3-2021.10/bin/../lib/gcc/arm-none-eabi/10.3.1/thumb/v7e-m/nofp/crtbegin.o
LOAD f:/work/arm-none-eabi-gcc/gcc-arm-none-eabi-10.3-2021.10-win32/gcc-arm-none-eabi-10.3-2021.10/bin/../lib/gcc/arm-none-eabi/10.3.1/../../../../arm-none-eabi/lib/thumb/v7e-m/nofp/crt0.o
LOAD CMakeFiles/S15909_H750.elf.dir/Core/Src/Communication_Protocol.c.obj
LOAD CMakeFiles/S15909_H750.elf.dir/Core/Src/Control_Adjustment.c.obj
LOAD CMakeFiles/S15909_H750.elf.dir/Core/Src/Dma_Send.c.obj
LOAD CMakeFiles/S15909_H750.elf.dir/Core/Src/Get_Parameters.c.obj
LOAD CMakeFiles/S15909_H750.elf.dir/Core/Src/Judge.c.obj
LOAD CMakeFiles/S15909_H750.elf.dir/Core/Src/SerialDataProcess.c.obj
LOAD CMakeFiles/S15909_H750.elf.dir/Core/Src/Store_Information.c.obj
LOAD CMakeFiles/S15909_H750.elf.dir/Core/Src/adc.c.obj
LOAD CMakeFiles/S15909_H750.elf.dir/Core/Src/cJSON.c.obj
LOAD CMakeFiles/S15909_H750.elf.dir/Core/Src/cJSON_Test.c.obj
LOAD CMakeFiles/S15909_H750.elf.dir/Core/Src/dma.c.obj
LOAD CMakeFiles/S15909_H750.elf.dir/Core/Src/gpio.c.obj
LOAD CMakeFiles/S15909_H750.elf.dir/Core/Src/main.c.obj
LOAD CMakeFiles/S15909_H750.elf.dir/Core/Src/retarget.c.obj
LOAD CMakeFiles/S15909_H750.elf.dir/Core/Src/stm32h7xx_hal_msp.c.obj
LOAD CMakeFiles/S15909_H750.elf.dir/Core/Src/stm32h7xx_it.c.obj
LOAD CMakeFiles/S15909_H750.elf.dir/Core/Src/syscalls.c.obj
LOAD CMakeFiles/S15909_H750.elf.dir/Core/Src/sysmem.c.obj
LOAD CMakeFiles/S15909_H750.elf.dir/Core/Src/system_stm32h7xx.c.obj
LOAD CMakeFiles/S15909_H750.elf.dir/Core/Src/tim.c.obj
LOAD CMakeFiles/S15909_H750.elf.dir/Core/Src/usart.c.obj
LOAD CMakeFiles/S15909_H750.elf.dir/Core/Startup/startup_stm32h750vbtx.s.obj
LOAD CMakeFiles/S15909_H750.elf.dir/Drivers/STM32H7xx_HAL_Driver/Src/stm32h7xx_hal.c.obj
LOAD CMakeFiles/S15909_H750.elf.dir/Drivers/STM32H7xx_HAL_Driver/Src/stm32h7xx_hal_adc.c.obj
LOAD CMakeFiles/S15909_H750.elf.dir/Drivers/STM32H7xx_HAL_Driver/Src/stm32h7xx_hal_adc_ex.c.obj
LOAD CMakeFiles/S15909_H750.elf.dir/Drivers/STM32H7xx_HAL_Driver/Src/stm32h7xx_hal_cortex.c.obj
LOAD CMakeFiles/S15909_H750.elf.dir/Drivers/STM32H7xx_HAL_Driver/Src/stm32h7xx_hal_dma.c.obj
LOAD CMakeFiles/S15909_H750.elf.dir/Drivers/STM32H7xx_HAL_Driver/Src/stm32h7xx_hal_dma_ex.c.obj
LOAD CMakeFiles/S15909_H750.elf.dir/Drivers/STM32H7xx_HAL_Driver/Src/stm32h7xx_hal_exti.c.obj
LOAD CMakeFiles/S15909_H750.elf.dir/Drivers/STM32H7xx_HAL_Driver/Src/stm32h7xx_hal_flash.c.obj
LOAD CMakeFiles/S15909_H750.elf.dir/Drivers/STM32H7xx_HAL_Driver/Src/stm32h7xx_hal_flash_ex.c.obj
LOAD CMakeFiles/S15909_H750.elf.dir/Drivers/STM32H7xx_HAL_Driver/Src/stm32h7xx_hal_gpio.c.obj
LOAD CMakeFiles/S15909_H750.elf.dir/Drivers/STM32H7xx_HAL_Driver/Src/stm32h7xx_hal_hsem.c.obj
LOAD CMakeFiles/S15909_H750.elf.dir/Drivers/STM32H7xx_HAL_Driver/Src/stm32h7xx_hal_i2c.c.obj
LOAD CMakeFiles/S15909_H750.elf.dir/Drivers/STM32H7xx_HAL_Driver/Src/stm32h7xx_hal_i2c_ex.c.obj
LOAD CMakeFiles/S15909_H750.elf.dir/Drivers/STM32H7xx_HAL_Driver/Src/stm32h7xx_hal_mdma.c.obj
LOAD CMakeFiles/S15909_H750.elf.dir/Drivers/STM32H7xx_HAL_Driver/Src/stm32h7xx_hal_pwr.c.obj
LOAD CMakeFiles/S15909_H750.elf.dir/Drivers/STM32H7xx_HAL_Driver/Src/stm32h7xx_hal_pwr_ex.c.obj
LOAD CMakeFiles/S15909_H750.elf.dir/Drivers/STM32H7xx_HAL_Driver/Src/stm32h7xx_hal_rcc.c.obj
LOAD CMakeFiles/S15909_H750.elf.dir/Drivers/STM32H7xx_HAL_Driver/Src/stm32h7xx_hal_rcc_ex.c.obj
LOAD CMakeFiles/S15909_H750.elf.dir/Drivers/STM32H7xx_HAL_Driver/Src/stm32h7xx_hal_tim.c.obj
LOAD CMakeFiles/S15909_H750.elf.dir/Drivers/STM32H7xx_HAL_Driver/Src/stm32h7xx_hal_tim_ex.c.obj
LOAD CMakeFiles/S15909_H750.elf.dir/Drivers/STM32H7xx_HAL_Driver/Src/stm32h7xx_hal_uart.c.obj
LOAD CMakeFiles/S15909_H750.elf.dir/Drivers/STM32H7xx_HAL_Driver/Src/stm32h7xx_hal_uart_ex.c.obj
START GROUP
LOAD f:/work/arm-none-eabi-gcc/gcc-arm-none-eabi-10.3-2021.10-win32/gcc-arm-none-eabi-10.3-2021.10/bin/../lib/gcc/arm-none-eabi/10.3.1/thumb/v7e-m/nofp\libgcc.a
LOAD f:/work/arm-none-eabi-gcc/gcc-arm-none-eabi-10.3-2021.10-win32/gcc-arm-none-eabi-10.3-2021.10/bin/../lib/gcc/arm-none-eabi/10.3.1/../../../../arm-none-eabi/lib/thumb/v7e-m/nofp\libg.a
LOAD f:/work/arm-none-eabi-gcc/gcc-arm-none-eabi-10.3-2021.10-win32/gcc-arm-none-eabi-10.3-2021.10/bin/../lib/gcc/arm-none-eabi/10.3.1/../../../../arm-none-eabi/lib/thumb/v7e-m/nofp\libc.a
END GROUP
LOAD f:/work/arm-none-eabi-gcc/gcc-arm-none-eabi-10.3-2021.10-win32/gcc-arm-none-eabi-10.3-2021.10/bin/../lib/gcc/arm-none-eabi/10.3.1/thumb/v7e-m/nofp/crtend.o
LOAD f:/work/arm-none-eabi-gcc/gcc-arm-none-eabi-10.3-2021.10-win32/gcc-arm-none-eabi-10.3-2021.10/bin/../lib/gcc/arm-none-eabi/10.3.1/thumb/v7e-m/nofp/crtn.o
                0x24080000                _estack = (ORIGIN (RAM_D1) + LENGTH (RAM_D1))
                0x00000400                _Min_Heap_Size = 0x400
                0x00000400                _Min_Stack_Size = 0x400

.isr_vector     0x08000000      0x298
                0x08000000                . = ALIGN (0x4)
 *(.isr_vector)
 .isr_vector    0x08000000      0x298 CMakeFiles/S15909_H750.elf.dir/Core/Startup/startup_stm32h750vbtx.s.obj
                0x08000000                g_pfnVectors
                0x08000298                . = ALIGN (0x4)

.text           0x080002c0    0x12e04
                0x080002c0                . = ALIGN (0x4)
 *(.text)
 .text          0x080002c0       0x40 f:/work/arm-none-eabi-gcc/gcc-arm-none-eabi-10.3-2021.10-win32/gcc-arm-none-eabi-10.3-2021.10/bin/../lib/gcc/arm-none-eabi/10.3.1/thumb/v7e-m/nofp/crtbegin.o
 .text          0x08000300      0x378 f:/work/arm-none-eabi-gcc/gcc-arm-none-eabi-10.3-2021.10-win32/gcc-arm-none-eabi-10.3-2021.10/bin/../lib/gcc/arm-none-eabi/10.3.1/thumb/v7e-m/nofp\libgcc.a(_arm_addsubdf3.o)
                0x08000300                __aeabi_drsub
                0x08000308                __aeabi_dsub
                0x08000308                __subdf3
                0x0800030c                __aeabi_dadd
                0x0800030c                __adddf3
                0x08000584                __floatunsidf
                0x08000584                __aeabi_ui2d
                0x080005a4                __floatsidf
                0x080005a4                __aeabi_i2d
                0x080005c8                __aeabi_f2d
                0x080005c8                __extendsfdf2
                0x0800060c                __floatundidf
                0x0800060c                __aeabi_ul2d
                0x0800061c                __floatdidf
                0x0800061c                __aeabi_l2d
 .text          0x08000678      0x110 f:/work/arm-none-eabi-gcc/gcc-arm-none-eabi-10.3-2021.10-win32/gcc-arm-none-eabi-10.3-2021.10/bin/../lib/gcc/arm-none-eabi/10.3.1/thumb/v7e-m/nofp\libgcc.a(_arm_cmpdf2.o)
                0x08000678                __gtdf2
                0x08000678                __gedf2
                0x08000680                __ltdf2
                0x08000680                __ledf2
                0x08000688                __nedf2
                0x08000688                __eqdf2
                0x08000688                __cmpdf2
                0x08000704                __aeabi_cdrcmple
                0x08000714                __aeabi_cdcmpeq
                0x08000714                __aeabi_cdcmple
                0x08000724                __aeabi_dcmpeq
                0x08000738                __aeabi_dcmplt
                0x0800074c                __aeabi_dcmple
                0x08000760                __aeabi_dcmpge
                0x08000774                __aeabi_dcmpgt
 .text          0x08000788       0x2c f:/work/arm-none-eabi-gcc/gcc-arm-none-eabi-10.3-2021.10-win32/gcc-arm-none-eabi-10.3-2021.10/bin/../lib/gcc/arm-none-eabi/10.3.1/thumb/v7e-m/nofp\libgcc.a(_arm_unorddf2.o)
                0x08000788                __unorddf2
                0x08000788                __aeabi_dcmpun
 .text          0x080007b4       0x50 f:/work/arm-none-eabi-gcc/gcc-arm-none-eabi-10.3-2021.10-win32/gcc-arm-none-eabi-10.3-2021.10/bin/../lib/gcc/arm-none-eabi/10.3.1/thumb/v7e-m/nofp\libgcc.a(_arm_fixdfsi.o)
                0x080007b4                __aeabi_d2iz
                0x080007b4                __fixdfsi
 .text          0x08000804      0x21c f:/work/arm-none-eabi-gcc/gcc-arm-none-eabi-10.3-2021.10-win32/gcc-arm-none-eabi-10.3-2021.10/bin/../lib/gcc/arm-none-eabi/10.3.1/thumb/v7e-m/nofp\libgcc.a(_arm_addsubsf3.o)
                0x08000804                __aeabi_frsub
                0x0800080c                __subsf3
                0x0800080c                __aeabi_fsub
                0x08000810                __aeabi_fadd
                0x08000810                __addsf3
                0x08000970                __aeabi_ui2f
                0x08000970                __floatunsisf
                0x08000978                __aeabi_i2f
                0x08000978                __floatsisf
                0x08000994                __aeabi_ul2f
                0x08000994                __floatundisf
                0x080009a4                __aeabi_l2f
                0x080009a4                __floatdisf
 .text          0x08000a20      0x2a0 f:/work/arm-none-eabi-gcc/gcc-arm-none-eabi-10.3-2021.10-win32/gcc-arm-none-eabi-10.3-2021.10/bin/../lib/gcc/arm-none-eabi/10.3.1/thumb/v7e-m/nofp\libgcc.a(_arm_muldivsf3.o)
                0x08000a20                __mulsf3
                0x08000a20                __aeabi_fmul
                0x08000b88                __aeabi_fdiv
                0x08000b88                __divsf3
 .text          0x08000cc0       0x40 f:/work/arm-none-eabi-gcc/gcc-arm-none-eabi-10.3-2021.10-win32/gcc-arm-none-eabi-10.3-2021.10/bin/../lib/gcc/arm-none-eabi/10.3.1/thumb/v7e-m/nofp\libgcc.a(_arm_fixunssfsi.o)
                0x08000cc0                __fixunssfsi
                0x08000cc0                __aeabi_f2uiz
 .text          0x08000d00       0x30 f:/work/arm-none-eabi-gcc/gcc-arm-none-eabi-10.3-2021.10-win32/gcc-arm-none-eabi-10.3-2021.10/bin/../lib/gcc/arm-none-eabi/10.3.1/thumb/v7e-m/nofp\libgcc.a(_aeabi_uldivmod.o)
                0x08000d00                __aeabi_uldivmod
 .text          0x08000d30      0x2d0 f:/work/arm-none-eabi-gcc/gcc-arm-none-eabi-10.3-2021.10-win32/gcc-arm-none-eabi-10.3-2021.10/bin/../lib/gcc/arm-none-eabi/10.3.1/thumb/v7e-m/nofp\libgcc.a(_udivmoddi4.o)
                0x08000d30                __udivmoddi4
 .text          0x08001000        0x4 f:/work/arm-none-eabi-gcc/gcc-arm-none-eabi-10.3-2021.10-win32/gcc-arm-none-eabi-10.3-2021.10/bin/../lib/gcc/arm-none-eabi/10.3.1/thumb/v7e-m/nofp\libgcc.a(_dvmd_tls.o)
                0x08001000                __aeabi_idiv0
                0x08001000                __aeabi_ldiv0
 .text          0x08001004      0x134 f:/work/arm-none-eabi-gcc/gcc-arm-none-eabi-10.3-2021.10-win32/gcc-arm-none-eabi-10.3-2021.10/bin/../lib/gcc/arm-none-eabi/10.3.1/../../../../arm-none-eabi/lib/thumb/v7e-m/nofp\libg.a(lib_a-memcpy.o)
                0x08001004                memcpy
 *fill*         0x08001138        0x8 
 .text          0x08001140      0x2dc f:/work/arm-none-eabi-gcc/gcc-arm-none-eabi-10.3-2021.10-win32/gcc-arm-none-eabi-10.3-2021.10/bin/../lib/gcc/arm-none-eabi/10.3.1/../../../../arm-none-eabi/lib/thumb/v7e-m/nofp\libg.a(lib_a-strcmp.o)
                0x08001148                strcmp
 *fill*         0x0800141c       0x24 
 .text          0x08001440       0xdc f:/work/arm-none-eabi-gcc/gcc-arm-none-eabi-10.3-2021.10-win32/gcc-arm-none-eabi-10.3-2021.10/bin/../lib/gcc/arm-none-eabi/10.3.1/../../../../arm-none-eabi/lib/thumb/v7e-m/nofp\libg.a(lib_a-strlen.o)
                0x08001440                strlen
 *fill*         0x0800151c        0x4 
 .text          0x08001520       0xa0 f:/work/arm-none-eabi-gcc/gcc-arm-none-eabi-10.3-2021.10-win32/gcc-arm-none-eabi-10.3-2021.10/bin/../lib/gcc/arm-none-eabi/10.3.1/../../../../arm-none-eabi/lib/thumb/v7e-m/nofp\libg.a(lib_a-memchr.o)
                0x08001520                memchr
 .text          0x080015c0      0x424 f:/work/arm-none-eabi-gcc/gcc-arm-none-eabi-10.3-2021.10-win32/gcc-arm-none-eabi-10.3-2021.10/bin/../lib/gcc/arm-none-eabi/10.3.1/thumb/v7e-m/nofp\libgcc.a(_arm_muldivdf3.o)
                0x080015c0                __aeabi_dmul
                0x080015c0                __muldf3
                0x08001814                __divdf3
                0x08001814                __aeabi_ddiv
 .text          0x080019e4       0x40 f:/work/arm-none-eabi-gcc/gcc-arm-none-eabi-10.3-2021.10-win32/gcc-arm-none-eabi-10.3-2021.10/bin/../lib/gcc/arm-none-eabi/10.3.1/thumb/v7e-m/nofp\libgcc.a(_arm_fixunsdfsi.o)
                0x080019e4                __aeabi_d2uiz
                0x080019e4                __fixunsdfsi
 .text          0x08001a24       0x34 f:/work/arm-none-eabi-gcc/gcc-arm-none-eabi-10.3-2021.10-win32/gcc-arm-none-eabi-10.3-2021.10/bin/../lib/gcc/arm-none-eabi/10.3.1/thumb/v7e-m/nofp\libgcc.a(_fixdfdi.o)
                0x08001a24                __fixdfdi
                0x08001a24                __aeabi_d2lz
 .text          0x08001a58       0x3c f:/work/arm-none-eabi-gcc/gcc-arm-none-eabi-10.3-2021.10-win32/gcc-arm-none-eabi-10.3-2021.10/bin/../lib/gcc/arm-none-eabi/10.3.1/thumb/v7e-m/nofp\libgcc.a(_fixunsdfdi.o)
                0x08001a58                __fixunsdfdi
                0x08001a58                __aeabi_d2ulz
 *(.text*)
 .text.IRIS_Cut_Befor_Header
                0x08001a94       0x54 CMakeFiles/S15909_H750.elf.dir/Core/Src/Communication_Protocol.c.obj
                0x08001a94                IRIS_Cut_Befor_Header
 .text.IRIS_calcCRC
                0x08001ae8       0x42 CMakeFiles/S15909_H750.elf.dir/Core/Src/Communication_Protocol.c.obj
                0x08001ae8                IRIS_calcCRC
 *fill*         0x08001b2a        0x2 
 .text.IRIS_Protocol_Unpack
                0x08001b2c       0xa4 CMakeFiles/S15909_H750.elf.dir/Core/Src/Communication_Protocol.c.obj
                0x08001b2c                IRIS_Protocol_Unpack
 .text.DMA_Send
                0x08001bd0      0x144 CMakeFiles/S15909_H750.elf.dir/Core/Src/Dma_Send.c.obj
                0x08001bd0                DMA_Send
 .text.Get_Temperature
                0x08001d14        0x6 CMakeFiles/S15909_H750.elf.dir/Core/Src/Get_Parameters.c.obj
                0x08001d14                Get_Temperature
 *fill*         0x08001d1a        0x2 
 .text.Judge    0x08001d1c       0x94 CMakeFiles/S15909_H750.elf.dir/Core/Src/Judge.c.obj
                0x08001d1c                Judge
 .text.SerialDataProcess
                0x08001db0       0x68 CMakeFiles/S15909_H750.elf.dir/Core/Src/SerialDataProcess.c.obj
                0x08001db0                SerialDataProcess
 .text.Printf_Pn_Number
                0x08001e18       0x1c CMakeFiles/S15909_H750.elf.dir/Core/Src/Store_Information.c.obj
                0x08001e18                Printf_Pn_Number
 .text.Printf_Sn_Number
                0x08001e34       0x20 CMakeFiles/S15909_H750.elf.dir/Core/Src/Store_Information.c.obj
                0x08001e34                Printf_Sn_Number
 .text.Printf_Product_Time
                0x08001e54       0x20 CMakeFiles/S15909_H750.elf.dir/Core/Src/Store_Information.c.obj
                0x08001e54                Printf_Product_Time
 .text.Printf_Manufacturer
                0x08001e74       0x20 CMakeFiles/S15909_H750.elf.dir/Core/Src/Store_Information.c.obj
                0x08001e74                Printf_Manufacturer
 .text.Printf_Device_Pixel_Length
                0x08001e94       0x18 CMakeFiles/S15909_H750.elf.dir/Core/Src/Store_Information.c.obj
                0x08001e94                Printf_Device_Pixel_Length
 .text.MX_ADC1_Init
                0x08001eac       0xc0 CMakeFiles/S15909_H750.elf.dir/Core/Src/adc.c.obj
                0x08001eac                MX_ADC1_Init
 .text.HAL_ADC_MspInit
                0x08001f6c       0xa8 CMakeFiles/S15909_H750.elf.dir/Core/Src/adc.c.obj
                0x08001f6c                HAL_ADC_MspInit
 .text.case_insensitive_strcmp
                0x08002014       0x64 CMakeFiles/S15909_H750.elf.dir/Core/Src/cJSON.c.obj
 .text.get_decimal_point
                0x08002078        0x4 CMakeFiles/S15909_H750.elf.dir/Core/Src/cJSON.c.obj
 .text.parse_hex4
                0x0800207c       0x4c CMakeFiles/S15909_H750.elf.dir/Core/Src/cJSON.c.obj
 .text.utf16_literal_to_utf8
                0x080020c8       0xec CMakeFiles/S15909_H750.elf.dir/Core/Src/cJSON.c.obj
 .text.parse_string
                0x080021b4      0x15c CMakeFiles/S15909_H750.elf.dir/Core/Src/cJSON.c.obj
 .text.buffer_skip_whitespace
                0x08002310       0x3c CMakeFiles/S15909_H750.elf.dir/Core/Src/cJSON.c.obj
 .text.cJSON_New_Item
                0x0800234c       0x18 CMakeFiles/S15909_H750.elf.dir/Core/Src/cJSON.c.obj
 .text.skip_utf8_bom
                0x08002364       0x38 CMakeFiles/S15909_H750.elf.dir/Core/Src/cJSON.c.obj
 *fill*         0x0800239c        0x4 
 .text.parse_number
                0x080023a0      0x164 CMakeFiles/S15909_H750.elf.dir/Core/Src/cJSON.c.obj
 .text.get_object_item
                0x08002504       0x4c CMakeFiles/S15909_H750.elf.dir/Core/Src/cJSON.c.obj
 .text.cJSON_Delete
                0x08002550       0x54 CMakeFiles/S15909_H750.elf.dir/Core/Src/cJSON.c.obj
                0x08002550                cJSON_Delete
 .text.parse_object
                0x080025a4      0x130 CMakeFiles/S15909_H750.elf.dir/Core/Src/cJSON.c.obj
 .text.parse_value
                0x080026d4      0x108 CMakeFiles/S15909_H750.elf.dir/Core/Src/cJSON.c.obj
 .text.parse_array
                0x080027dc       0xec CMakeFiles/S15909_H750.elf.dir/Core/Src/cJSON.c.obj
 .text.cJSON_ParseWithLengthOpts
                0x080028c8       0xd0 CMakeFiles/S15909_H750.elf.dir/Core/Src/cJSON.c.obj
                0x080028c8                cJSON_ParseWithLengthOpts
 .text.cJSON_ParseWithOpts
                0x08002998       0x1c CMakeFiles/S15909_H750.elf.dir/Core/Src/cJSON.c.obj
                0x08002998                cJSON_ParseWithOpts
 .text.cJSON_Parse
                0x080029b4        0xc CMakeFiles/S15909_H750.elf.dir/Core/Src/cJSON.c.obj
                0x080029b4                cJSON_Parse
 .text.cJSON_GetObjectItem
                0x080029c0        0xa CMakeFiles/S15909_H750.elf.dir/Core/Src/cJSON.c.obj
                0x080029c0                cJSON_GetObjectItem
 *fill*         0x080029ca        0x2 
 .text.cjson    0x080029cc      0x114 CMakeFiles/S15909_H750.elf.dir/Core/Src/cJSON_Test.c.obj
                0x080029cc                cjson
 .text.GetParametesptr
                0x08002ae0        0x8 CMakeFiles/S15909_H750.elf.dir/Core/Src/cJSON_Test.c.obj
                0x08002ae0                GetParametesptr
 .text.MX_DMA_Init
                0x08002ae8       0x38 CMakeFiles/S15909_H750.elf.dir/Core/Src/dma.c.obj
                0x08002ae8                MX_DMA_Init
 .text.MX_GPIO_Init
                0x08002b20       0xe0 CMakeFiles/S15909_H750.elf.dir/Core/Src/gpio.c.obj
                0x08002b20                MX_GPIO_Init
 .text.MPU_Config
                0x08002c00       0x56 CMakeFiles/S15909_H750.elf.dir/Core/Src/main.c.obj
 .text.Error_Handler
                0x08002c56        0x4 CMakeFiles/S15909_H750.elf.dir/Core/Src/main.c.obj
                0x08002c56                Error_Handler
 *fill*         0x08002c5a        0x2 
 .text.SystemClock_Config
                0x08002c5c      0x118 CMakeFiles/S15909_H750.elf.dir/Core/Src/main.c.obj
                0x08002c5c                SystemClock_Config
 .text.PeriphCommonClock_Config
                0x08002d74       0x2a CMakeFiles/S15909_H750.elf.dir/Core/Src/main.c.obj
                0x08002d74                PeriphCommonClock_Config
 *fill*         0x08002d9e        0x2 
 .text.main     0x08002da0       0xfc CMakeFiles/S15909_H750.elf.dir/Core/Src/main.c.obj
                0x08002da0                main
 .text.RetargetInit
                0x08002e9c       0x20 CMakeFiles/S15909_H750.elf.dir/Core/Src/retarget.c.obj
                0x08002e9c                RetargetInit
 .text._isatty  0x08002ebc       0x16 CMakeFiles/S15909_H750.elf.dir/Core/Src/retarget.c.obj
                0x08002ebc                _isatty
 *fill*         0x08002ed2        0x2 
 .text._write   0x08002ed4       0x34 CMakeFiles/S15909_H750.elf.dir/Core/Src/retarget.c.obj
                0x08002ed4                _write
 .text._close   0x08002f08       0x18 CMakeFiles/S15909_H750.elf.dir/Core/Src/retarget.c.obj
                0x08002f08                _close
 .text._lseek   0x08002f20       0x10 CMakeFiles/S15909_H750.elf.dir/Core/Src/retarget.c.obj
                0x08002f20                _lseek
 .text._read    0x08002f30       0x30 CMakeFiles/S15909_H750.elf.dir/Core/Src/retarget.c.obj
                0x08002f30                _read
 .text._fstat   0x08002f60       0x1a CMakeFiles/S15909_H750.elf.dir/Core/Src/retarget.c.obj
                0x08002f60                _fstat
 *fill*         0x08002f7a        0x2 
 .text.HAL_MspInit
                0x08002f7c       0x24 CMakeFiles/S15909_H750.elf.dir/Core/Src/stm32h7xx_hal_msp.c.obj
                0x08002f7c                HAL_MspInit
 .text.NMI_Handler
                0x08002fa0        0x2 CMakeFiles/S15909_H750.elf.dir/Core/Src/stm32h7xx_it.c.obj
                0x08002fa0                NMI_Handler
 .text.HardFault_Handler
                0x08002fa2        0x2 CMakeFiles/S15909_H750.elf.dir/Core/Src/stm32h7xx_it.c.obj
                0x08002fa2                HardFault_Handler
 .text.MemManage_Handler
                0x08002fa4        0x2 CMakeFiles/S15909_H750.elf.dir/Core/Src/stm32h7xx_it.c.obj
                0x08002fa4                MemManage_Handler
 .text.BusFault_Handler
                0x08002fa6        0x2 CMakeFiles/S15909_H750.elf.dir/Core/Src/stm32h7xx_it.c.obj
                0x08002fa6                BusFault_Handler
 .text.UsageFault_Handler
                0x08002fa8        0x2 CMakeFiles/S15909_H750.elf.dir/Core/Src/stm32h7xx_it.c.obj
                0x08002fa8                UsageFault_Handler
 .text.SVC_Handler
                0x08002faa        0x2 CMakeFiles/S15909_H750.elf.dir/Core/Src/stm32h7xx_it.c.obj
                0x08002faa                SVC_Handler
 .text.DebugMon_Handler
                0x08002fac        0x2 CMakeFiles/S15909_H750.elf.dir/Core/Src/stm32h7xx_it.c.obj
                0x08002fac                DebugMon_Handler
 .text.PendSV_Handler
                0x08002fae        0x2 CMakeFiles/S15909_H750.elf.dir/Core/Src/stm32h7xx_it.c.obj
                0x08002fae                PendSV_Handler
 .text.SysTick_Handler
                0x08002fb0        0x8 CMakeFiles/S15909_H750.elf.dir/Core/Src/stm32h7xx_it.c.obj
                0x08002fb0                SysTick_Handler
 .text.DMA1_Stream0_IRQHandler
                0x08002fb8       0x10 CMakeFiles/S15909_H750.elf.dir/Core/Src/stm32h7xx_it.c.obj
                0x08002fb8                DMA1_Stream0_IRQHandler
 .text.ADC_IRQHandler
                0x08002fc8       0x10 CMakeFiles/S15909_H750.elf.dir/Core/Src/stm32h7xx_it.c.obj
                0x08002fc8                ADC_IRQHandler
 .text.TIM1_TRG_COM_IRQHandler
                0x08002fd8       0x10 CMakeFiles/S15909_H750.elf.dir/Core/Src/stm32h7xx_it.c.obj
                0x08002fd8                TIM1_TRG_COM_IRQHandler
 .text.TIM1_CC_IRQHandler
                0x08002fe8       0x10 CMakeFiles/S15909_H750.elf.dir/Core/Src/stm32h7xx_it.c.obj
                0x08002fe8                TIM1_CC_IRQHandler
 .text.TIM3_IRQHandler
                0x08002ff8       0x10 CMakeFiles/S15909_H750.elf.dir/Core/Src/stm32h7xx_it.c.obj
                0x08002ff8                TIM3_IRQHandler
 .text.USART1_IRQHandler
                0x08003008       0x10 CMakeFiles/S15909_H750.elf.dir/Core/Src/stm32h7xx_it.c.obj
                0x08003008                USART1_IRQHandler
 .text.TIM8_BRK_TIM12_IRQHandler
                0x08003018       0x10 CMakeFiles/S15909_H750.elf.dir/Core/Src/stm32h7xx_it.c.obj
                0x08003018                TIM8_BRK_TIM12_IRQHandler
 .text._getpid  0x08003028        0x4 CMakeFiles/S15909_H750.elf.dir/Core/Src/syscalls.c.obj
                0x08003028                _getpid
 .text._kill    0x0800302c       0x10 CMakeFiles/S15909_H750.elf.dir/Core/Src/syscalls.c.obj
                0x0800302c                _kill
 .text._exit    0x0800303c        0xc CMakeFiles/S15909_H750.elf.dir/Core/Src/syscalls.c.obj
                0x0800303c                _exit
 .text._sbrk    0x08003048       0x48 CMakeFiles/S15909_H750.elf.dir/Core/Src/sysmem.c.obj
                0x08003048                _sbrk
 .text.SystemInit
                0x08003090       0xbc CMakeFiles/S15909_H750.elf.dir/Core/Src/system_stm32h7xx.c.obj
                0x08003090                SystemInit
 .text.MX_TIM1_Init
                0x0800314c       0xb8 CMakeFiles/S15909_H750.elf.dir/Core/Src/tim.c.obj
                0x0800314c                MX_TIM1_Init
 .text.MX_TIM3_Init
                0x08003204       0xb4 CMakeFiles/S15909_H750.elf.dir/Core/Src/tim.c.obj
                0x08003204                MX_TIM3_Init
 .text.MX_TIM12_Init
                0x080032b8       0xb8 CMakeFiles/S15909_H750.elf.dir/Core/Src/tim.c.obj
                0x080032b8                MX_TIM12_Init
 .text.HAL_TIM_Base_MspInit
                0x08003370      0x160 CMakeFiles/S15909_H750.elf.dir/Core/Src/tim.c.obj
                0x08003370                HAL_TIM_Base_MspInit
 .text.HAL_TIM_PWM_MspInit
                0x080034d0       0x30 CMakeFiles/S15909_H750.elf.dir/Core/Src/tim.c.obj
                0x080034d0                HAL_TIM_PWM_MspInit
 .text.HAL_TIM_MspPostInit
                0x08003500       0x54 CMakeFiles/S15909_H750.elf.dir/Core/Src/tim.c.obj
                0x08003500                HAL_TIM_MspPostInit
 .text.MX_TIM2_Init
                0x08003554       0x80 CMakeFiles/S15909_H750.elf.dir/Core/Src/tim.c.obj
                0x08003554                MX_TIM2_Init
 .text.HAL_TIM_IC_CaptureCallback
                0x080035d4      0x114 CMakeFiles/S15909_H750.elf.dir/Core/Src/tim.c.obj
                0x080035d4                HAL_TIM_IC_CaptureCallback
 .text.MX_USART1_UART_Init
                0x080036e8       0x78 CMakeFiles/S15909_H750.elf.dir/Core/Src/usart.c.obj
                0x080036e8                MX_USART1_UART_Init
 .text.HAL_UART_MspInit
                0x08003760       0xf0 CMakeFiles/S15909_H750.elf.dir/Core/Src/usart.c.obj
                0x08003760                HAL_UART_MspInit
 .text.HAL_UART_RxCpltCallback
                0x08003850       0x88 CMakeFiles/S15909_H750.elf.dir/Core/Src/usart.c.obj
                0x08003850                HAL_UART_RxCpltCallback
 .text.Reset_Handler
                0x080038d8       0x50 CMakeFiles/S15909_H750.elf.dir/Core/Startup/startup_stm32h750vbtx.s.obj
                0x080038d8                Reset_Handler
 .text.Default_Handler
                0x08003928        0x2 CMakeFiles/S15909_H750.elf.dir/Core/Startup/startup_stm32h750vbtx.s.obj
                0x08003928                RTC_Alarm_IRQHandler
                0x08003928                HASH_RNG_IRQHandler
                0x08003928                EXTI2_IRQHandler
                0x08003928                TIM8_CC_IRQHandler
                0x08003928                HRTIM1_Master_IRQHandler
                0x08003928                UART8_IRQHandler
                0x08003928                SPI4_IRQHandler
                0x08003928                BDMA_Channel6_IRQHandler
                0x08003928                DMA2_Stream5_IRQHandler
                0x08003928                HRTIM1_FLT_IRQHandler
                0x08003928                JPEG_IRQHandler
                0x08003928                DMA1_Stream5_IRQHandler
                0x08003928                BDMA_Channel1_IRQHandler
                0x08003928                HRTIM1_TIMD_IRQHandler
                0x08003928                TAMP_STAMP_IRQHandler
                0x08003928                EXTI3_IRQHandler
                0x08003928                LPTIM4_IRQHandler
                0x08003928                TIM8_TRG_COM_TIM14_IRQHandler
                0x08003928                LPTIM2_IRQHandler
                0x08003928                DFSDM1_FLT1_IRQHandler
                0x08003928                DMAMUX2_OVR_IRQHandler
                0x08003928                TIM8_UP_TIM13_IRQHandler
                0x08003928                I2C3_ER_IRQHandler
                0x08003928                DFSDM1_FLT2_IRQHandler
                0x08003928                MDMA_IRQHandler
                0x08003928                LPTIM3_IRQHandler
                0x08003928                HSEM1_IRQHandler
                0x08003928                EXTI0_IRQHandler
                0x08003928                I2C2_EV_IRQHandler
                0x08003928                DMA1_Stream2_IRQHandler
                0x08003928                FPU_IRQHandler
                0x08003928                OTG_HS_WKUP_IRQHandler
                0x08003928                FDCAN1_IT1_IRQHandler
                0x08003928                LTDC_ER_IRQHandler
                0x08003928                DMA2_Stream2_IRQHandler
                0x08003928                HRTIM1_TIME_IRQHandler
                0x08003928                SPI1_IRQHandler
                0x08003928                TIM6_DAC_IRQHandler
                0x08003928                DCMI_IRQHandler
                0x08003928                HRTIM1_TIMC_IRQHandler
                0x08003928                DMA2_Stream3_IRQHandler
                0x08003928                SAI2_IRQHandler
                0x08003928                DFSDM1_FLT3_IRQHandler
                0x08003928                USART6_IRQHandler
                0x08003928                TIM17_IRQHandler
                0x08003928                USART3_IRQHandler
                0x08003928                BDMA_Channel7_IRQHandler
                0x08003928                CRYP_IRQHandler
                0x08003928                LPTIM5_IRQHandler
                0x08003928                UART5_IRQHandler
                0x08003928                ADC3_IRQHandler
                0x08003928                DMA2_Stream0_IRQHandler
                0x08003928                TIM4_IRQHandler
                0x08003928                BDMA_Channel2_IRQHandler
                0x08003928                QUADSPI_IRQHandler
                0x08003928                I2C1_EV_IRQHandler
                0x08003928                DMA1_Stream6_IRQHandler
                0x08003928                DMAMUX1_OVR_IRQHandler
                0x08003928                DMA1_Stream1_IRQHandler
                0x08003928                TIM16_IRQHandler
                0x08003928                UART4_IRQHandler
                0x08003928                BDMA_Channel5_IRQHandler
                0x08003928                RCC_IRQHandler
                0x08003928                Default_Handler
                0x08003928                ECC_IRQHandler
                0x08003928                CEC_IRQHandler
                0x08003928                EXTI15_10_IRQHandler
                0x08003928                BDMA_Channel0_IRQHandler
                0x08003928                DMA1_Stream7_IRQHandler
                0x08003928                HRTIM1_TIMA_IRQHandler
                0x08003928                SPI5_IRQHandler
                0x08003928                TIM7_IRQHandler
                0x08003928                SDMMC1_IRQHandler
                0x08003928                TIM5_IRQHandler
                0x08003928                DMA2_Stream7_IRQHandler
                0x08003928                TIM15_IRQHandler
                0x08003928                PVD_AVD_IRQHandler
                0x08003928                I2C3_EV_IRQHandler
                0x08003928                EXTI9_5_IRQHandler
                0x08003928                RTC_WKUP_IRQHandler
                0x08003928                LTDC_IRQHandler
                0x08003928                SAI3_IRQHandler
                0x08003928                ETH_WKUP_IRQHandler
                0x08003928                SPDIF_RX_IRQHandler
                0x08003928                SPI2_IRQHandler
                0x08003928                OTG_HS_EP1_IN_IRQHandler
                0x08003928                CRS_IRQHandler
                0x08003928                EXTI4_IRQHandler
                0x08003928                HRTIM1_TIMB_IRQHandler
                0x08003928                FDCAN2_IT1_IRQHandler
                0x08003928                ETH_IRQHandler
                0x08003928                TIM1_UP_IRQHandler
                0x08003928                BDMA_Channel4_IRQHandler
                0x08003928                OTG_HS_EP1_OUT_IRQHandler
                0x08003928                WWDG_IRQHandler
                0x08003928                SPI6_IRQHandler
                0x08003928                MDIOS_IRQHandler
                0x08003928                I2C4_EV_IRQHandler
                0x08003928                FDCAN2_IT0_IRQHandler
                0x08003928                LPUART1_IRQHandler
                0x08003928                FDCAN1_IT0_IRQHandler
                0x08003928                TIM2_IRQHandler
                0x08003928                OTG_FS_WKUP_IRQHandler
                0x08003928                OTG_HS_IRQHandler
                0x08003928                DMA2D_IRQHandler
                0x08003928                TIM1_BRK_IRQHandler
                0x08003928                EXTI1_IRQHandler
                0x08003928                SDMMC2_IRQHandler
                0x08003928                OTG_FS_EP1_OUT_IRQHandler
                0x08003928                BDMA_Channel3_IRQHandler
                0x08003928                UART7_IRQHandler
                0x08003928                MDIOS_WKUP_IRQHandler
                0x08003928                USART2_IRQHandler
                0x08003928                DFSDM1_FLT0_IRQHandler
                0x08003928                SAI4_IRQHandler
                0x08003928                I2C2_ER_IRQHandler
                0x08003928                DMA2_Stream1_IRQHandler
                0x08003928                FLASH_IRQHandler
                0x08003928                DMA2_Stream4_IRQHandler
                0x08003928                OTG_FS_IRQHandler
                0x08003928                SPI3_IRQHandler
                0x08003928                WAKEUP_PIN_IRQHandler
                0x08003928                DMA1_Stream4_IRQHandler
                0x08003928                OTG_FS_EP1_IN_IRQHandler
                0x08003928                I2C1_ER_IRQHandler
                0x08003928                FMC_IRQHandler
                0x08003928                FDCAN_CAL_IRQHandler
                0x08003928                SWPMI1_IRQHandler
                0x08003928                COMP1_IRQHandler
                0x08003928                LPTIM1_IRQHandler
                0x08003928                I2C4_ER_IRQHandler
                0x08003928                DMA2_Stream6_IRQHandler
                0x08003928                SAI1_IRQHandler
                0x08003928                DMA1_Stream3_IRQHandler
 *fill*         0x0800392a        0x2 
 .text.HAL_InitTick
                0x0800392c       0x50 CMakeFiles/S15909_H750.elf.dir/Drivers/STM32H7xx_HAL_Driver/Src/stm32h7xx_hal.c.obj
                0x0800392c                HAL_InitTick
 .text.HAL_Init
                0x0800397c       0x5c CMakeFiles/S15909_H750.elf.dir/Drivers/STM32H7xx_HAL_Driver/Src/stm32h7xx_hal.c.obj
                0x0800397c                HAL_Init
 .text.HAL_IncTick
                0x080039d8       0x18 CMakeFiles/S15909_H750.elf.dir/Drivers/STM32H7xx_HAL_Driver/Src/stm32h7xx_hal.c.obj
                0x080039d8                HAL_IncTick
 .text.HAL_GetTick
                0x080039f0        0xc CMakeFiles/S15909_H750.elf.dir/Drivers/STM32H7xx_HAL_Driver/Src/stm32h7xx_hal.c.obj
                0x080039f0                HAL_GetTick
 .text.HAL_Delay
                0x080039fc       0x28 CMakeFiles/S15909_H750.elf.dir/Drivers/STM32H7xx_HAL_Driver/Src/stm32h7xx_hal.c.obj
                0x080039fc                HAL_Delay
 .text.HAL_GetREVID
                0x08003a24        0xc CMakeFiles/S15909_H750.elf.dir/Drivers/STM32H7xx_HAL_Driver/Src/stm32h7xx_hal.c.obj
                0x08003a24                HAL_GetREVID
 .text.HAL_ADC_PollForConversion
                0x08003a30      0x12c CMakeFiles/S15909_H750.elf.dir/Drivers/STM32H7xx_HAL_Driver/Src/stm32h7xx_hal_adc.c.obj
                0x08003a30                HAL_ADC_PollForConversion
 .text.HAL_ADC_GetValue
                0x08003b5c        0x6 CMakeFiles/S15909_H750.elf.dir/Drivers/STM32H7xx_HAL_Driver/Src/stm32h7xx_hal_adc.c.obj
                0x08003b5c                HAL_ADC_GetValue
 .text.HAL_ADC_ConvCpltCallback
                0x08003b62        0x2 CMakeFiles/S15909_H750.elf.dir/Drivers/STM32H7xx_HAL_Driver/Src/stm32h7xx_hal_adc.c.obj
                0x08003b62                HAL_ADC_ConvCpltCallback
 .text.HAL_ADC_LevelOutOfWindowCallback
                0x08003b64        0x2 CMakeFiles/S15909_H750.elf.dir/Drivers/STM32H7xx_HAL_Driver/Src/stm32h7xx_hal_adc.c.obj
                0x08003b64                HAL_ADC_LevelOutOfWindowCallback
 .text.HAL_ADC_ErrorCallback
                0x08003b66        0x2 CMakeFiles/S15909_H750.elf.dir/Drivers/STM32H7xx_HAL_Driver/Src/stm32h7xx_hal_adc.c.obj
                0x08003b66                HAL_ADC_ErrorCallback
 .text.HAL_ADC_IRQHandler
                0x08003b68      0x2d8 CMakeFiles/S15909_H750.elf.dir/Drivers/STM32H7xx_HAL_Driver/Src/stm32h7xx_hal_adc.c.obj
                0x08003b68                HAL_ADC_IRQHandler
 .text.HAL_ADC_ConfigChannel
                0x08003e40      0x4e8 CMakeFiles/S15909_H750.elf.dir/Drivers/STM32H7xx_HAL_Driver/Src/stm32h7xx_hal_adc.c.obj
                0x08003e40                HAL_ADC_ConfigChannel
 .text.ADC_Enable
                0x08004328       0xd4 CMakeFiles/S15909_H750.elf.dir/Drivers/STM32H7xx_HAL_Driver/Src/stm32h7xx_hal_adc.c.obj
                0x08004328                ADC_Enable
 .text.HAL_ADC_Start
                0x080043fc      0x110 CMakeFiles/S15909_H750.elf.dir/Drivers/STM32H7xx_HAL_Driver/Src/stm32h7xx_hal_adc.c.obj
                0x080043fc                HAL_ADC_Start
 .text.ADC_ConfigureBoostMode
                0x0800450c      0x164 CMakeFiles/S15909_H750.elf.dir/Drivers/STM32H7xx_HAL_Driver/Src/stm32h7xx_hal_adc.c.obj
                0x0800450c                ADC_ConfigureBoostMode
 .text.HAL_ADC_Init
                0x08004670      0x264 CMakeFiles/S15909_H750.elf.dir/Drivers/STM32H7xx_HAL_Driver/Src/stm32h7xx_hal_adc.c.obj
                0x08004670                HAL_ADC_Init
 .text.HAL_ADCEx_InjectedConvCpltCallback
                0x080048d4        0x2 CMakeFiles/S15909_H750.elf.dir/Drivers/STM32H7xx_HAL_Driver/Src/stm32h7xx_hal_adc_ex.c.obj
                0x080048d4                HAL_ADCEx_InjectedConvCpltCallback
 .text.HAL_ADCEx_InjectedQueueOverflowCallback
                0x080048d6        0x2 CMakeFiles/S15909_H750.elf.dir/Drivers/STM32H7xx_HAL_Driver/Src/stm32h7xx_hal_adc_ex.c.obj
                0x080048d6                HAL_ADCEx_InjectedQueueOverflowCallback
 .text.HAL_ADCEx_LevelOutOfWindow2Callback
                0x080048d8        0x2 CMakeFiles/S15909_H750.elf.dir/Drivers/STM32H7xx_HAL_Driver/Src/stm32h7xx_hal_adc_ex.c.obj
                0x080048d8                HAL_ADCEx_LevelOutOfWindow2Callback
 .text.HAL_ADCEx_LevelOutOfWindow3Callback
                0x080048da        0x2 CMakeFiles/S15909_H750.elf.dir/Drivers/STM32H7xx_HAL_Driver/Src/stm32h7xx_hal_adc_ex.c.obj
                0x080048da                HAL_ADCEx_LevelOutOfWindow3Callback
 .text.HAL_ADCEx_EndOfSamplingCallback
                0x080048dc        0x2 CMakeFiles/S15909_H750.elf.dir/Drivers/STM32H7xx_HAL_Driver/Src/stm32h7xx_hal_adc_ex.c.obj
                0x080048dc                HAL_ADCEx_EndOfSamplingCallback
 *fill*         0x080048de        0x2 
 .text.HAL_ADCEx_MultiModeConfigChannel
                0x080048e0      0x164 CMakeFiles/S15909_H750.elf.dir/Drivers/STM32H7xx_HAL_Driver/Src/stm32h7xx_hal_adc_ex.c.obj
                0x080048e0                HAL_ADCEx_MultiModeConfigChannel
 .text.HAL_NVIC_SetPriorityGrouping
                0x08004a44       0x24 CMakeFiles/S15909_H750.elf.dir/Drivers/STM32H7xx_HAL_Driver/Src/stm32h7xx_hal_cortex.c.obj
                0x08004a44                HAL_NVIC_SetPriorityGrouping
 .text.HAL_NVIC_SetPriority
                0x08004a68       0x6c CMakeFiles/S15909_H750.elf.dir/Drivers/STM32H7xx_HAL_Driver/Src/stm32h7xx_hal_cortex.c.obj
                0x08004a68                HAL_NVIC_SetPriority
 .text.HAL_NVIC_EnableIRQ
                0x08004ad4       0x1c CMakeFiles/S15909_H750.elf.dir/Drivers/STM32H7xx_HAL_Driver/Src/stm32h7xx_hal_cortex.c.obj
                0x08004ad4                HAL_NVIC_EnableIRQ
 .text.HAL_SYSTICK_Config
                0x08004af0       0x28 CMakeFiles/S15909_H750.elf.dir/Drivers/STM32H7xx_HAL_Driver/Src/stm32h7xx_hal_cortex.c.obj
                0x08004af0                HAL_SYSTICK_Config
 .text.HAL_MPU_Disable
                0x08004b18       0x1c CMakeFiles/S15909_H750.elf.dir/Drivers/STM32H7xx_HAL_Driver/Src/stm32h7xx_hal_cortex.c.obj
                0x08004b18                HAL_MPU_Disable
 .text.HAL_MPU_Enable
                0x08004b34       0x20 CMakeFiles/S15909_H750.elf.dir/Drivers/STM32H7xx_HAL_Driver/Src/stm32h7xx_hal_cortex.c.obj
                0x08004b34                HAL_MPU_Enable
 .text.HAL_MPU_ConfigRegion
                0x08004b54       0x60 CMakeFiles/S15909_H750.elf.dir/Drivers/STM32H7xx_HAL_Driver/Src/stm32h7xx_hal_cortex.c.obj
                0x08004b54                HAL_MPU_ConfigRegion
 .text.DMA_SetConfig
                0x08004bb4      0x1b4 CMakeFiles/S15909_H750.elf.dir/Drivers/STM32H7xx_HAL_Driver/Src/stm32h7xx_hal_dma.c.obj
 .text.DMA_CalcBaseAndBitshift
                0x08004d68       0xb4 CMakeFiles/S15909_H750.elf.dir/Drivers/STM32H7xx_HAL_Driver/Src/stm32h7xx_hal_dma.c.obj
 .text.DMA_CheckFifoParam
                0x08004e1c       0x92 CMakeFiles/S15909_H750.elf.dir/Drivers/STM32H7xx_HAL_Driver/Src/stm32h7xx_hal_dma.c.obj
 *fill*         0x08004eae        0x2 
 .text.DMA_CalcDMAMUXChannelBaseAndMask
                0x08004eb0       0xb0 CMakeFiles/S15909_H750.elf.dir/Drivers/STM32H7xx_HAL_Driver/Src/stm32h7xx_hal_dma.c.obj
 .text.DMA_CalcDMAMUXRequestGenBaseAndMask
                0x08004f60       0x7c CMakeFiles/S15909_H750.elf.dir/Drivers/STM32H7xx_HAL_Driver/Src/stm32h7xx_hal_dma.c.obj
 .text.HAL_DMA_Init
                0x08004fdc      0x3a4 CMakeFiles/S15909_H750.elf.dir/Drivers/STM32H7xx_HAL_Driver/Src/stm32h7xx_hal_dma.c.obj
                0x08004fdc                HAL_DMA_Init
 .text.HAL_DMA_Start_IT
                0x08005380      0x298 CMakeFiles/S15909_H750.elf.dir/Drivers/STM32H7xx_HAL_Driver/Src/stm32h7xx_hal_dma.c.obj
                0x08005380                HAL_DMA_Start_IT
 .text.HAL_DMA_Abort
                0x08005618      0x340 CMakeFiles/S15909_H750.elf.dir/Drivers/STM32H7xx_HAL_Driver/Src/stm32h7xx_hal_dma.c.obj
                0x08005618                HAL_DMA_Abort
 .text.HAL_DMA_Abort_IT
                0x08005958      0x270 CMakeFiles/S15909_H750.elf.dir/Drivers/STM32H7xx_HAL_Driver/Src/stm32h7xx_hal_dma.c.obj
                0x08005958                HAL_DMA_Abort_IT
 .text.HAL_DMA_IRQHandler
                0x08005bc8      0x738 CMakeFiles/S15909_H750.elf.dir/Drivers/STM32H7xx_HAL_Driver/Src/stm32h7xx_hal_dma.c.obj
                0x08005bc8                HAL_DMA_IRQHandler
 .text.HAL_GPIO_Init
                0x08006300      0x228 CMakeFiles/S15909_H750.elf.dir/Drivers/STM32H7xx_HAL_Driver/Src/stm32h7xx_hal_gpio.c.obj
                0x08006300                HAL_GPIO_Init
 .text.HAL_GPIO_WritePin
                0x08006528        0xc CMakeFiles/S15909_H750.elf.dir/Drivers/STM32H7xx_HAL_Driver/Src/stm32h7xx_hal_gpio.c.obj
                0x08006528                HAL_GPIO_WritePin
 .text.HAL_PWREx_ConfigSupply
                0x08006534       0x54 CMakeFiles/S15909_H750.elf.dir/Drivers/STM32H7xx_HAL_Driver/Src/stm32h7xx_hal_pwr_ex.c.obj
                0x08006534                HAL_PWREx_ConfigSupply
 .text.HAL_RCC_OscConfig
                0x08006588      0x6b4 CMakeFiles/S15909_H750.elf.dir/Drivers/STM32H7xx_HAL_Driver/Src/stm32h7xx_hal_rcc.c.obj
                0x08006588                HAL_RCC_OscConfig
 .text.HAL_RCC_GetSysClockFreq
                0x08006c3c      0x218 CMakeFiles/S15909_H750.elf.dir/Drivers/STM32H7xx_HAL_Driver/Src/stm32h7xx_hal_rcc.c.obj
                0x08006c3c                HAL_RCC_GetSysClockFreq
 .text.HAL_RCC_ClockConfig
                0x08006e54      0x294 CMakeFiles/S15909_H750.elf.dir/Drivers/STM32H7xx_HAL_Driver/Src/stm32h7xx_hal_rcc.c.obj
                0x08006e54                HAL_RCC_ClockConfig
 .text.HAL_RCC_GetHCLKFreq
                0x080070e8       0x44 CMakeFiles/S15909_H750.elf.dir/Drivers/STM32H7xx_HAL_Driver/Src/stm32h7xx_hal_rcc.c.obj
                0x080070e8                HAL_RCC_GetHCLKFreq
 .text.HAL_RCC_GetPCLK1Freq
                0x0800712c       0x24 CMakeFiles/S15909_H750.elf.dir/Drivers/STM32H7xx_HAL_Driver/Src/stm32h7xx_hal_rcc.c.obj
                0x0800712c                HAL_RCC_GetPCLK1Freq
 .text.HAL_RCC_GetPCLK2Freq
                0x08007150       0x24 CMakeFiles/S15909_H750.elf.dir/Drivers/STM32H7xx_HAL_Driver/Src/stm32h7xx_hal_rcc.c.obj
                0x08007150                HAL_RCC_GetPCLK2Freq
 .text.RCCEx_PLL2_Config
                0x08007174      0x10c CMakeFiles/S15909_H750.elf.dir/Drivers/STM32H7xx_HAL_Driver/Src/stm32h7xx_hal_rcc_ex.c.obj
 .text.RCCEx_PLL3_Config
                0x08007280      0x10c CMakeFiles/S15909_H750.elf.dir/Drivers/STM32H7xx_HAL_Driver/Src/stm32h7xx_hal_rcc_ex.c.obj
 .text.HAL_RCCEx_PeriphCLKConfig
                0x0800738c      0xa8c CMakeFiles/S15909_H750.elf.dir/Drivers/STM32H7xx_HAL_Driver/Src/stm32h7xx_hal_rcc_ex.c.obj
                0x0800738c                HAL_RCCEx_PeriphCLKConfig
 .text.HAL_RCCEx_GetD3PCLK1Freq
                0x08007e18       0x24 CMakeFiles/S15909_H750.elf.dir/Drivers/STM32H7xx_HAL_Driver/Src/stm32h7xx_hal_rcc_ex.c.obj
                0x08007e18                HAL_RCCEx_GetD3PCLK1Freq
 .text.HAL_RCCEx_GetPLL2ClockFreq
                0x08007e3c      0x234 CMakeFiles/S15909_H750.elf.dir/Drivers/STM32H7xx_HAL_Driver/Src/stm32h7xx_hal_rcc_ex.c.obj
                0x08007e3c                HAL_RCCEx_GetPLL2ClockFreq
 .text.HAL_RCCEx_GetPLL3ClockFreq
                0x08008070      0x234 CMakeFiles/S15909_H750.elf.dir/Drivers/STM32H7xx_HAL_Driver/Src/stm32h7xx_hal_rcc_ex.c.obj
                0x08008070                HAL_RCCEx_GetPLL3ClockFreq
 .text.HAL_RCCEx_GetPLL1ClockFreq
                0x080082a4      0x234 CMakeFiles/S15909_H750.elf.dir/Drivers/STM32H7xx_HAL_Driver/Src/stm32h7xx_hal_rcc_ex.c.obj
                0x080082a4                HAL_RCCEx_GetPLL1ClockFreq
 .text.HAL_RCCEx_GetPeriphCLKFreq
                0x080084d8      0x6d0 CMakeFiles/S15909_H750.elf.dir/Drivers/STM32H7xx_HAL_Driver/Src/stm32h7xx_hal_rcc_ex.c.obj
                0x080084d8                HAL_RCCEx_GetPeriphCLKFreq
 .text.TIM_OC1_SetConfig
                0x08008ba8       0xa8 CMakeFiles/S15909_H750.elf.dir/Drivers/STM32H7xx_HAL_Driver/Src/stm32h7xx_hal_tim.c.obj
 .text.TIM_OC3_SetConfig
                0x08008c50       0x94 CMakeFiles/S15909_H750.elf.dir/Drivers/STM32H7xx_HAL_Driver/Src/stm32h7xx_hal_tim.c.obj
 .text.TIM_OC4_SetConfig
                0x08008ce4       0x74 CMakeFiles/S15909_H750.elf.dir/Drivers/STM32H7xx_HAL_Driver/Src/stm32h7xx_hal_tim.c.obj
 .text.TIM_OC5_SetConfig
                0x08008d58       0x74 CMakeFiles/S15909_H750.elf.dir/Drivers/STM32H7xx_HAL_Driver/Src/stm32h7xx_hal_tim.c.obj
 .text.TIM_OC6_SetConfig
                0x08008dcc       0x74 CMakeFiles/S15909_H750.elf.dir/Drivers/STM32H7xx_HAL_Driver/Src/stm32h7xx_hal_tim.c.obj
 .text.TIM_TI1_ConfigInputStage
                0x08008e40       0x24 CMakeFiles/S15909_H750.elf.dir/Drivers/STM32H7xx_HAL_Driver/Src/stm32h7xx_hal_tim.c.obj
 .text.TIM_TI2_SetConfig
                0x08008e64       0x36 CMakeFiles/S15909_H750.elf.dir/Drivers/STM32H7xx_HAL_Driver/Src/stm32h7xx_hal_tim.c.obj
 .text.TIM_TI2_ConfigInputStage
                0x08008e9a       0x26 CMakeFiles/S15909_H750.elf.dir/Drivers/STM32H7xx_HAL_Driver/Src/stm32h7xx_hal_tim.c.obj
 .text.TIM_TI3_SetConfig
                0x08008ec0       0x36 CMakeFiles/S15909_H750.elf.dir/Drivers/STM32H7xx_HAL_Driver/Src/stm32h7xx_hal_tim.c.obj
 .text.TIM_TI4_SetConfig
                0x08008ef6       0x36 CMakeFiles/S15909_H750.elf.dir/Drivers/STM32H7xx_HAL_Driver/Src/stm32h7xx_hal_tim.c.obj
 .text.HAL_TIM_IC_MspInit
                0x08008f2c        0x2 CMakeFiles/S15909_H750.elf.dir/Drivers/STM32H7xx_HAL_Driver/Src/stm32h7xx_hal_tim.c.obj
                0x08008f2c                HAL_TIM_IC_MspInit
 .text.HAL_TIM_PeriodElapsedCallback
                0x08008f2e        0x2 CMakeFiles/S15909_H750.elf.dir/Drivers/STM32H7xx_HAL_Driver/Src/stm32h7xx_hal_tim.c.obj
                0x08008f2e                HAL_TIM_PeriodElapsedCallback
 .text.HAL_TIM_OC_DelayElapsedCallback
                0x08008f30        0x2 CMakeFiles/S15909_H750.elf.dir/Drivers/STM32H7xx_HAL_Driver/Src/stm32h7xx_hal_tim.c.obj
                0x08008f30                HAL_TIM_OC_DelayElapsedCallback
 .text.HAL_TIM_PWM_PulseFinishedCallback
                0x08008f32        0x2 CMakeFiles/S15909_H750.elf.dir/Drivers/STM32H7xx_HAL_Driver/Src/stm32h7xx_hal_tim.c.obj
                0x08008f32                HAL_TIM_PWM_PulseFinishedCallback
 .text.HAL_TIM_TriggerCallback
                0x08008f34        0x2 CMakeFiles/S15909_H750.elf.dir/Drivers/STM32H7xx_HAL_Driver/Src/stm32h7xx_hal_tim.c.obj
                0x08008f34                HAL_TIM_TriggerCallback
 .text.HAL_TIM_IRQHandler
                0x08008f36      0x19a CMakeFiles/S15909_H750.elf.dir/Drivers/STM32H7xx_HAL_Driver/Src/stm32h7xx_hal_tim.c.obj
                0x08008f36                HAL_TIM_IRQHandler
 .text.TIM_Base_SetConfig
                0x080090d0      0x104 CMakeFiles/S15909_H750.elf.dir/Drivers/STM32H7xx_HAL_Driver/Src/stm32h7xx_hal_tim.c.obj
                0x080090d0                TIM_Base_SetConfig
 .text.HAL_TIM_Base_Init
                0x080091d4       0x60 CMakeFiles/S15909_H750.elf.dir/Drivers/STM32H7xx_HAL_Driver/Src/stm32h7xx_hal_tim.c.obj
                0x080091d4                HAL_TIM_Base_Init
 .text.HAL_TIM_PWM_Init
                0x08009234       0x60 CMakeFiles/S15909_H750.elf.dir/Drivers/STM32H7xx_HAL_Driver/Src/stm32h7xx_hal_tim.c.obj
                0x08009234                HAL_TIM_PWM_Init
 .text.HAL_TIM_IC_Init
                0x08009294       0x60 CMakeFiles/S15909_H750.elf.dir/Drivers/STM32H7xx_HAL_Driver/Src/stm32h7xx_hal_tim.c.obj
                0x08009294                HAL_TIM_IC_Init
 .text.TIM_OC2_SetConfig
                0x080092f4       0x94 CMakeFiles/S15909_H750.elf.dir/Drivers/STM32H7xx_HAL_Driver/Src/stm32h7xx_hal_tim.c.obj
                0x080092f4                TIM_OC2_SetConfig
 .text.HAL_TIM_PWM_ConfigChannel
                0x08009388      0x13a CMakeFiles/S15909_H750.elf.dir/Drivers/STM32H7xx_HAL_Driver/Src/stm32h7xx_hal_tim.c.obj
                0x08009388                HAL_TIM_PWM_ConfigChannel
 *fill*         0x080094c2        0x2 
 .text.TIM_TI1_SetConfig
                0x080094c4       0x94 CMakeFiles/S15909_H750.elf.dir/Drivers/STM32H7xx_HAL_Driver/Src/stm32h7xx_hal_tim.c.obj
                0x080094c4                TIM_TI1_SetConfig
 .text.HAL_TIM_IC_ConfigChannel
                0x08009558       0xc4 CMakeFiles/S15909_H750.elf.dir/Drivers/STM32H7xx_HAL_Driver/Src/stm32h7xx_hal_tim.c.obj
                0x08009558                HAL_TIM_IC_ConfigChannel
 .text.TIM_ETR_SetConfig
                0x0800961c       0x18 CMakeFiles/S15909_H750.elf.dir/Drivers/STM32H7xx_HAL_Driver/Src/stm32h7xx_hal_tim.c.obj
                0x0800961c                TIM_ETR_SetConfig
 .text.TIM_SlaveTimer_SetConfig
                0x08009634      0x150 CMakeFiles/S15909_H750.elf.dir/Drivers/STM32H7xx_HAL_Driver/Src/stm32h7xx_hal_tim.c.obj
 .text.HAL_TIM_SlaveConfigSynchro
                0x08009784       0x52 CMakeFiles/S15909_H750.elf.dir/Drivers/STM32H7xx_HAL_Driver/Src/stm32h7xx_hal_tim.c.obj
                0x08009784                HAL_TIM_SlaveConfigSynchro
 .text.TIM_CCxChannelCmd
                0x080097d6       0x1e CMakeFiles/S15909_H750.elf.dir/Drivers/STM32H7xx_HAL_Driver/Src/stm32h7xx_hal_tim.c.obj
                0x080097d6                TIM_CCxChannelCmd
 .text.HAL_TIM_PWM_Start
                0x080097f4      0x168 CMakeFiles/S15909_H750.elf.dir/Drivers/STM32H7xx_HAL_Driver/Src/stm32h7xx_hal_tim.c.obj
                0x080097f4                HAL_TIM_PWM_Start
 .text.HAL_TIM_IC_Start_IT
                0x0800995c      0x1b0 CMakeFiles/S15909_H750.elf.dir/Drivers/STM32H7xx_HAL_Driver/Src/stm32h7xx_hal_tim.c.obj
                0x0800995c                HAL_TIM_IC_Start_IT
 .text.HAL_TIMEx_MasterConfigSynchronization
                0x08009b0c       0xa0 CMakeFiles/S15909_H750.elf.dir/Drivers/STM32H7xx_HAL_Driver/Src/stm32h7xx_hal_tim_ex.c.obj
                0x08009b0c                HAL_TIMEx_MasterConfigSynchronization
 .text.HAL_TIMEx_CommutCallback
                0x08009bac        0x2 CMakeFiles/S15909_H750.elf.dir/Drivers/STM32H7xx_HAL_Driver/Src/stm32h7xx_hal_tim_ex.c.obj
                0x08009bac                HAL_TIMEx_CommutCallback
 .text.HAL_TIMEx_BreakCallback
                0x08009bae        0x2 CMakeFiles/S15909_H750.elf.dir/Drivers/STM32H7xx_HAL_Driver/Src/stm32h7xx_hal_tim_ex.c.obj
                0x08009bae                HAL_TIMEx_BreakCallback
 .text.HAL_TIMEx_Break2Callback
                0x08009bb0        0x2 CMakeFiles/S15909_H750.elf.dir/Drivers/STM32H7xx_HAL_Driver/Src/stm32h7xx_hal_tim_ex.c.obj
                0x08009bb0                HAL_TIMEx_Break2Callback
 .text.UART_EndTxTransfer
                0x08009bb2       0x32 CMakeFiles/S15909_H750.elf.dir/Drivers/STM32H7xx_HAL_Driver/Src/stm32h7xx_hal_uart.c.obj
 .text.UART_EndRxTransfer
                0x08009be4       0x58 CMakeFiles/S15909_H750.elf.dir/Drivers/STM32H7xx_HAL_Driver/Src/stm32h7xx_hal_uart.c.obj
 .text.HAL_UART_Transmit_DMA
                0x08009c3c       0x9c CMakeFiles/S15909_H750.elf.dir/Drivers/STM32H7xx_HAL_Driver/Src/stm32h7xx_hal_uart.c.obj
                0x08009c3c                HAL_UART_Transmit_DMA
 .text.HAL_UART_TxCpltCallback
                0x08009cd8        0x2 CMakeFiles/S15909_H750.elf.dir/Drivers/STM32H7xx_HAL_Driver/Src/stm32h7xx_hal_uart.c.obj
                0x08009cd8                HAL_UART_TxCpltCallback
 .text.UART_DMATransmitCplt
                0x08009cda       0x46 CMakeFiles/S15909_H750.elf.dir/Drivers/STM32H7xx_HAL_Driver/Src/stm32h7xx_hal_uart.c.obj
 .text.UART_EndTransmit_IT
                0x08009d20       0x24 CMakeFiles/S15909_H750.elf.dir/Drivers/STM32H7xx_HAL_Driver/Src/stm32h7xx_hal_uart.c.obj
 .text.HAL_UART_TxHalfCpltCallback
                0x08009d44        0x2 CMakeFiles/S15909_H750.elf.dir/Drivers/STM32H7xx_HAL_Driver/Src/stm32h7xx_hal_uart.c.obj
                0x08009d44                HAL_UART_TxHalfCpltCallback
 .text.UART_DMATxHalfCplt
                0x08009d46        0xa CMakeFiles/S15909_H750.elf.dir/Drivers/STM32H7xx_HAL_Driver/Src/stm32h7xx_hal_uart.c.obj
 .text.HAL_UART_ErrorCallback
                0x08009d50        0x2 CMakeFiles/S15909_H750.elf.dir/Drivers/STM32H7xx_HAL_Driver/Src/stm32h7xx_hal_uart.c.obj
                0x08009d50                HAL_UART_ErrorCallback
 .text.UART_DMAError
                0x08009d52       0x58 CMakeFiles/S15909_H750.elf.dir/Drivers/STM32H7xx_HAL_Driver/Src/stm32h7xx_hal_uart.c.obj
 .text.UART_DMAAbortOnError
                0x08009daa       0x14 CMakeFiles/S15909_H750.elf.dir/Drivers/STM32H7xx_HAL_Driver/Src/stm32h7xx_hal_uart.c.obj
 .text.HAL_UARTEx_RxEventCallback
                0x08009dbe        0x2 CMakeFiles/S15909_H750.elf.dir/Drivers/STM32H7xx_HAL_Driver/Src/stm32h7xx_hal_uart.c.obj
                0x08009dbe                HAL_UARTEx_RxEventCallback
 .text.HAL_UART_IRQHandler
                0x08009dc0      0x3b8 CMakeFiles/S15909_H750.elf.dir/Drivers/STM32H7xx_HAL_Driver/Src/stm32h7xx_hal_uart.c.obj
                0x08009dc0                HAL_UART_IRQHandler
 .text.UART_RxISR_8BIT
                0x0800a178       0xdc CMakeFiles/S15909_H750.elf.dir/Drivers/STM32H7xx_HAL_Driver/Src/stm32h7xx_hal_uart.c.obj
 .text.UART_RxISR_16BIT
                0x0800a254       0xd8 CMakeFiles/S15909_H750.elf.dir/Drivers/STM32H7xx_HAL_Driver/Src/stm32h7xx_hal_uart.c.obj
 .text.UART_RxISR_8BIT_FIFOEN
                0x0800a32c      0x1cc CMakeFiles/S15909_H750.elf.dir/Drivers/STM32H7xx_HAL_Driver/Src/stm32h7xx_hal_uart.c.obj
 .text.UART_RxISR_16BIT_FIFOEN
                0x0800a4f8      0x1c8 CMakeFiles/S15909_H750.elf.dir/Drivers/STM32H7xx_HAL_Driver/Src/stm32h7xx_hal_uart.c.obj
 .text.UART_SetConfig
                0x0800a6c0      0x5f4 CMakeFiles/S15909_H750.elf.dir/Drivers/STM32H7xx_HAL_Driver/Src/stm32h7xx_hal_uart.c.obj
                0x0800a6c0                UART_SetConfig
 .text.UART_AdvFeatureConfig
                0x0800acb4       0xca CMakeFiles/S15909_H750.elf.dir/Drivers/STM32H7xx_HAL_Driver/Src/stm32h7xx_hal_uart.c.obj
                0x0800acb4                UART_AdvFeatureConfig
 .text.UART_WaitOnFlagUntilTimeout
                0x0800ad7e       0x9a CMakeFiles/S15909_H750.elf.dir/Drivers/STM32H7xx_HAL_Driver/Src/stm32h7xx_hal_uart.c.obj
                0x0800ad7e                UART_WaitOnFlagUntilTimeout
 .text.HAL_UART_Transmit
                0x0800ae18       0xd0 CMakeFiles/S15909_H750.elf.dir/Drivers/STM32H7xx_HAL_Driver/Src/stm32h7xx_hal_uart.c.obj
                0x0800ae18                HAL_UART_Transmit
 .text.HAL_UART_Receive
                0x0800aee8      0x116 CMakeFiles/S15909_H750.elf.dir/Drivers/STM32H7xx_HAL_Driver/Src/stm32h7xx_hal_uart.c.obj
                0x0800aee8                HAL_UART_Receive
 .text.UART_CheckIdleState
                0x0800affe       0xca CMakeFiles/S15909_H750.elf.dir/Drivers/STM32H7xx_HAL_Driver/Src/stm32h7xx_hal_uart.c.obj
                0x0800affe                UART_CheckIdleState
 .text.HAL_UART_Init
                0x0800b0c8       0x66 CMakeFiles/S15909_H750.elf.dir/Drivers/STM32H7xx_HAL_Driver/Src/stm32h7xx_hal_uart.c.obj
                0x0800b0c8                HAL_UART_Init
 *fill*         0x0800b12e        0x2 
 .text.UART_Start_Receive_IT
                0x0800b130      0x13c CMakeFiles/S15909_H750.elf.dir/Drivers/STM32H7xx_HAL_Driver/Src/stm32h7xx_hal_uart.c.obj
                0x0800b130                UART_Start_Receive_IT
 .text.HAL_UART_Receive_IT
                0x0800b26c       0x4c CMakeFiles/S15909_H750.elf.dir/Drivers/STM32H7xx_HAL_Driver/Src/stm32h7xx_hal_uart.c.obj
                0x0800b26c                HAL_UART_Receive_IT
 .text.UARTEx_SetNbDataToProcess
                0x0800b2b8       0x4c CMakeFiles/S15909_H750.elf.dir/Drivers/STM32H7xx_HAL_Driver/Src/stm32h7xx_hal_uart_ex.c.obj
 .text.HAL_UARTEx_WakeupCallback
                0x0800b304        0x2 CMakeFiles/S15909_H750.elf.dir/Drivers/STM32H7xx_HAL_Driver/Src/stm32h7xx_hal_uart_ex.c.obj
                0x0800b304                HAL_UARTEx_WakeupCallback
 .text.HAL_UARTEx_RxFifoFullCallback
                0x0800b306        0x2 CMakeFiles/S15909_H750.elf.dir/Drivers/STM32H7xx_HAL_Driver/Src/stm32h7xx_hal_uart_ex.c.obj
                0x0800b306                HAL_UARTEx_RxFifoFullCallback
 .text.HAL_UARTEx_TxFifoEmptyCallback
                0x0800b308        0x2 CMakeFiles/S15909_H750.elf.dir/Drivers/STM32H7xx_HAL_Driver/Src/stm32h7xx_hal_uart_ex.c.obj
                0x0800b308                HAL_UARTEx_TxFifoEmptyCallback
 .text.HAL_UARTEx_DisableFifoMode
                0x0800b30a       0x3e CMakeFiles/S15909_H750.elf.dir/Drivers/STM32H7xx_HAL_Driver/Src/stm32h7xx_hal_uart_ex.c.obj
                0x0800b30a                HAL_UARTEx_DisableFifoMode
 .text.HAL_UARTEx_SetTxFifoThreshold
                0x0800b348       0x4a CMakeFiles/S15909_H750.elf.dir/Drivers/STM32H7xx_HAL_Driver/Src/stm32h7xx_hal_uart_ex.c.obj
                0x0800b348                HAL_UARTEx_SetTxFifoThreshold
 .text.HAL_UARTEx_SetRxFifoThreshold
                0x0800b392       0x4a CMakeFiles/S15909_H750.elf.dir/Drivers/STM32H7xx_HAL_Driver/Src/stm32h7xx_hal_uart_ex.c.obj
                0x0800b392                HAL_UARTEx_SetRxFifoThreshold
 .text.__errno  0x0800b3dc        0xc f:/work/arm-none-eabi-gcc/gcc-arm-none-eabi-10.3-2021.10-win32/gcc-arm-none-eabi-10.3-2021.10/bin/../lib/gcc/arm-none-eabi/10.3.1/../../../../arm-none-eabi/lib/thumb/v7e-m/nofp\libg.a(lib_a-errno.o)
                0x0800b3dc                __errno
 .text.__libc_init_array
                0x0800b3e8       0x48 f:/work/arm-none-eabi-gcc/gcc-arm-none-eabi-10.3-2021.10-win32/gcc-arm-none-eabi-10.3-2021.10/bin/../lib/gcc/arm-none-eabi/10.3.1/../../../../arm-none-eabi/lib/thumb/v7e-m/nofp\libg.a(lib_a-init.o)
                0x0800b3e8                __libc_init_array
 .text.malloc   0x0800b430       0x10 f:/work/arm-none-eabi-gcc/gcc-arm-none-eabi-10.3-2021.10-win32/gcc-arm-none-eabi-10.3-2021.10/bin/../lib/gcc/arm-none-eabi/10.3.1/../../../../arm-none-eabi/lib/thumb/v7e-m/nofp\libg.a(lib_a-malloc.o)
                0x0800b430                malloc
 .text.free     0x0800b440       0x10 f:/work/arm-none-eabi-gcc/gcc-arm-none-eabi-10.3-2021.10-win32/gcc-arm-none-eabi-10.3-2021.10/bin/../lib/gcc/arm-none-eabi/10.3.1/../../../../arm-none-eabi/lib/thumb/v7e-m/nofp\libg.a(lib_a-malloc.o)
                0x0800b440                free
 .text._malloc_r
                0x0800b450      0x560 f:/work/arm-none-eabi-gcc/gcc-arm-none-eabi-10.3-2021.10-win32/gcc-arm-none-eabi-10.3-2021.10/bin/../lib/gcc/arm-none-eabi/10.3.1/../../../../arm-none-eabi/lib/thumb/v7e-m/nofp\libg.a(lib_a-mallocr.o)
                0x0800b450                _malloc_r
 .text.memset   0x0800b9b0       0xa4 f:/work/arm-none-eabi-gcc/gcc-arm-none-eabi-10.3-2021.10-win32/gcc-arm-none-eabi-10.3-2021.10/bin/../lib/gcc/arm-none-eabi/10.3.1/../../../../arm-none-eabi/lib/thumb/v7e-m/nofp\libg.a(lib_a-memset.o)
                0x0800b9b0                memset
 .text.__malloc_lock
                0x0800ba54        0xc f:/work/arm-none-eabi-gcc/gcc-arm-none-eabi-10.3-2021.10-win32/gcc-arm-none-eabi-10.3-2021.10/bin/../lib/gcc/arm-none-eabi/10.3.1/../../../../arm-none-eabi/lib/thumb/v7e-m/nofp\libg.a(lib_a-mlock.o)
                0x0800ba54                __malloc_lock
 .text.__malloc_unlock
                0x0800ba60        0xc f:/work/arm-none-eabi-gcc/gcc-arm-none-eabi-10.3-2021.10-win32/gcc-arm-none-eabi-10.3-2021.10/bin/../lib/gcc/arm-none-eabi/10.3.1/../../../../arm-none-eabi/lib/thumb/v7e-m/nofp\libg.a(lib_a-mlock.o)
                0x0800ba60                __malloc_unlock
 .text.printf   0x0800ba6c       0x28 f:/work/arm-none-eabi-gcc/gcc-arm-none-eabi-10.3-2021.10-win32/gcc-arm-none-eabi-10.3-2021.10/bin/../lib/gcc/arm-none-eabi/10.3.1/../../../../arm-none-eabi/lib/thumb/v7e-m/nofp\libg.a(lib_a-printf.o)
                0x0800ba6c                printf
 .text._puts_r  0x0800ba94       0x9c f:/work/arm-none-eabi-gcc/gcc-arm-none-eabi-10.3-2021.10-win32/gcc-arm-none-eabi-10.3-2021.10/bin/../lib/gcc/arm-none-eabi/10.3.1/../../../../arm-none-eabi/lib/thumb/v7e-m/nofp\libg.a(lib_a-puts.o)
                0x0800ba94                _puts_r
 .text.puts     0x0800bb30       0x10 f:/work/arm-none-eabi-gcc/gcc-arm-none-eabi-10.3-2021.10-win32/gcc-arm-none-eabi-10.3-2021.10/bin/../lib/gcc/arm-none-eabi/10.3.1/../../../../arm-none-eabi/lib/thumb/v7e-m/nofp\libg.a(lib_a-puts.o)
                0x0800bb30                puts
 .text.realloc  0x0800bb40       0x18 f:/work/arm-none-eabi-gcc/gcc-arm-none-eabi-10.3-2021.10-win32/gcc-arm-none-eabi-10.3-2021.10/bin/../lib/gcc/arm-none-eabi/10.3.1/../../../../arm-none-eabi/lib/thumb/v7e-m/nofp\libg.a(lib_a-realloc.o)
                0x0800bb40                realloc
 .text._realloc_r
                0x0800bb58      0x3d8 f:/work/arm-none-eabi-gcc/gcc-arm-none-eabi-10.3-2021.10-win32/gcc-arm-none-eabi-10.3-2021.10/bin/../lib/gcc/arm-none-eabi/10.3.1/../../../../arm-none-eabi/lib/thumb/v7e-m/nofp\libg.a(lib_a-reallocr.o)
                0x0800bb58                _realloc_r
 .text._sbrk_r  0x0800bf30       0x24 f:/work/arm-none-eabi-gcc/gcc-arm-none-eabi-10.3-2021.10-win32/gcc-arm-none-eabi-10.3-2021.10/bin/../lib/gcc/arm-none-eabi/10.3.1/../../../../arm-none-eabi/lib/thumb/v7e-m/nofp\libg.a(lib_a-sbrkr.o)
                0x0800bf30                _sbrk_r
 .text.setvbuf  0x0800bf54      0x1b0 f:/work/arm-none-eabi-gcc/gcc-arm-none-eabi-10.3-2021.10-win32/gcc-arm-none-eabi-10.3-2021.10/bin/../lib/gcc/arm-none-eabi/10.3.1/../../../../arm-none-eabi/lib/thumb/v7e-m/nofp\libg.a(lib_a-setvbuf.o)
                0x0800bf54                setvbuf
 .text.__sread  0x0800c104       0x24 f:/work/arm-none-eabi-gcc/gcc-arm-none-eabi-10.3-2021.10-win32/gcc-arm-none-eabi-10.3-2021.10/bin/../lib/gcc/arm-none-eabi/10.3.1/../../../../arm-none-eabi/lib/thumb/v7e-m/nofp\libg.a(lib_a-stdio.o)
                0x0800c104                __sread
 .text.__swrite
                0x0800c128       0x40 f:/work/arm-none-eabi-gcc/gcc-arm-none-eabi-10.3-2021.10-win32/gcc-arm-none-eabi-10.3-2021.10/bin/../lib/gcc/arm-none-eabi/10.3.1/../../../../arm-none-eabi/lib/thumb/v7e-m/nofp\libg.a(lib_a-stdio.o)
                0x0800c128                __swrite
 .text.__sseek  0x0800c168       0x20 f:/work/arm-none-eabi-gcc/gcc-arm-none-eabi-10.3-2021.10-win32/gcc-arm-none-eabi-10.3-2021.10/bin/../lib/gcc/arm-none-eabi/10.3.1/../../../../arm-none-eabi/lib/thumb/v7e-m/nofp\libg.a(lib_a-stdio.o)
                0x0800c168                __sseek
 .text.__sclose
                0x0800c188        0x8 f:/work/arm-none-eabi-gcc/gcc-arm-none-eabi-10.3-2021.10-win32/gcc-arm-none-eabi-10.3-2021.10/bin/../lib/gcc/arm-none-eabi/10.3.1/../../../../arm-none-eabi/lib/thumb/v7e-m/nofp\libg.a(lib_a-stdio.o)
                0x0800c188                __sclose
 .text.strncmp  0x0800c190       0x80 f:/work/arm-none-eabi-gcc/gcc-arm-none-eabi-10.3-2021.10-win32/gcc-arm-none-eabi-10.3-2021.10/bin/../lib/gcc/arm-none-eabi/10.3.1/../../../../arm-none-eabi/lib/thumb/v7e-m/nofp\libg.a(lib_a-strncmp.o)
                0x0800c190                strncmp
 .text._strtod_l
                0x0800c210      0xf30 f:/work/arm-none-eabi-gcc/gcc-arm-none-eabi-10.3-2021.10-win32/gcc-arm-none-eabi-10.3-2021.10/bin/../lib/gcc/arm-none-eabi/10.3.1/../../../../arm-none-eabi/lib/thumb/v7e-m/nofp\libg.a(lib_a-strtod.o)
                0x0800c210                _strtod_l
 .text.strtod   0x0800d140       0x1c f:/work/arm-none-eabi-gcc/gcc-arm-none-eabi-10.3-2021.10-win32/gcc-arm-none-eabi-10.3-2021.10/bin/../lib/gcc/arm-none-eabi/10.3.1/../../../../arm-none-eabi/lib/thumb/v7e-m/nofp\libg.a(lib_a-strtod.o)
                0x0800d140                strtod
 .text._vfprintf_r
                0x0800d15c     0x1ad4 f:/work/arm-none-eabi-gcc/gcc-arm-none-eabi-10.3-2021.10-win32/gcc-arm-none-eabi-10.3-2021.10/bin/../lib/gcc/arm-none-eabi/10.3.1/../../../../arm-none-eabi/lib/thumb/v7e-m/nofp\libg.a(lib_a-vfprintf.o)
                0x0800d15c                _vfprintf_r
 .text.__sbprintf
                0x0800ec30       0x80 f:/work/arm-none-eabi-gcc/gcc-arm-none-eabi-10.3-2021.10-win32/gcc-arm-none-eabi-10.3-2021.10/bin/../lib/gcc/arm-none-eabi/10.3.1/../../../../arm-none-eabi/lib/thumb/v7e-m/nofp\libg.a(lib_a-vfprintf.o)
 .text._write_r
                0x0800ecb0       0x2c f:/work/arm-none-eabi-gcc/gcc-arm-none-eabi-10.3-2021.10-win32/gcc-arm-none-eabi-10.3-2021.10/bin/../lib/gcc/arm-none-eabi/10.3.1/../../../../arm-none-eabi/lib/thumb/v7e-m/nofp\libg.a(lib_a-writer.o)
                0x0800ecb0                _write_r
 .text.__swsetup_r
                0x0800ecdc       0xd4 f:/work/arm-none-eabi-gcc/gcc-arm-none-eabi-10.3-2021.10-win32/gcc-arm-none-eabi-10.3-2021.10/bin/../lib/gcc/arm-none-eabi/10.3.1/../../../../arm-none-eabi/lib/thumb/v7e-m/nofp\libg.a(lib_a-wsetup.o)
                0x0800ecdc                __swsetup_r
 .text.startup.register_fini
                0x0800edb0       0x14 f:/work/arm-none-eabi-gcc/gcc-arm-none-eabi-10.3-2021.10-win32/gcc-arm-none-eabi-10.3-2021.10/bin/../lib/gcc/arm-none-eabi/10.3.1/../../../../arm-none-eabi/lib/thumb/v7e-m/nofp\libg.a(lib_a-__call_atexit.o)
 .text.atexit   0x0800edc4        0xc f:/work/arm-none-eabi-gcc/gcc-arm-none-eabi-10.3-2021.10-win32/gcc-arm-none-eabi-10.3-2021.10/bin/../lib/gcc/arm-none-eabi/10.3.1/../../../../arm-none-eabi/lib/thumb/v7e-m/nofp\libg.a(lib_a-atexit.o)
                0x0800edc4                atexit
 .text._close_r
                0x0800edd0       0x24 f:/work/arm-none-eabi-gcc/gcc-arm-none-eabi-10.3-2021.10-win32/gcc-arm-none-eabi-10.3-2021.10/bin/../lib/gcc/arm-none-eabi/10.3.1/../../../../arm-none-eabi/lib/thumb/v7e-m/nofp\libg.a(lib_a-closer.o)
                0x0800edd0                _close_r
 .text.quorem   0x0800edf4      0x124 f:/work/arm-none-eabi-gcc/gcc-arm-none-eabi-10.3-2021.10-win32/gcc-arm-none-eabi-10.3-2021.10/bin/../lib/gcc/arm-none-eabi/10.3.1/../../../../arm-none-eabi/lib/thumb/v7e-m/nofp\libg.a(lib_a-dtoa.o)
 .text._dtoa_r  0x0800ef18      0xec4 f:/work/arm-none-eabi-gcc/gcc-arm-none-eabi-10.3-2021.10-win32/gcc-arm-none-eabi-10.3-2021.10/bin/../lib/gcc/arm-none-eabi/10.3.1/../../../../arm-none-eabi/lib/thumb/v7e-m/nofp\libg.a(lib_a-dtoa.o)
                0x0800ef18                _dtoa_r
 .text.__sflush_r
                0x0800fddc      0x120 f:/work/arm-none-eabi-gcc/gcc-arm-none-eabi-10.3-2021.10-win32/gcc-arm-none-eabi-10.3-2021.10/bin/../lib/gcc/arm-none-eabi/10.3.1/../../../../arm-none-eabi/lib/thumb/v7e-m/nofp\libg.a(lib_a-fflush.o)
                0x0800fddc                __sflush_r
 .text._fflush_r
                0x0800fefc       0x5c f:/work/arm-none-eabi-gcc/gcc-arm-none-eabi-10.3-2021.10-win32/gcc-arm-none-eabi-10.3-2021.10/bin/../lib/gcc/arm-none-eabi/10.3.1/../../../../arm-none-eabi/lib/thumb/v7e-m/nofp\libg.a(lib_a-fflush.o)
                0x0800fefc                _fflush_r
 .text._cleanup_r
                0x0800ff58        0xc f:/work/arm-none-eabi-gcc/gcc-arm-none-eabi-10.3-2021.10-win32/gcc-arm-none-eabi-10.3-2021.10/bin/../lib/gcc/arm-none-eabi/10.3.1/../../../../arm-none-eabi/lib/thumb/v7e-m/nofp\libg.a(lib_a-findfp.o)
                0x0800ff58                _cleanup_r
 .text.__sinit  0x0800ff64      0x10c f:/work/arm-none-eabi-gcc/gcc-arm-none-eabi-10.3-2021.10-win32/gcc-arm-none-eabi-10.3-2021.10/bin/../lib/gcc/arm-none-eabi/10.3.1/../../../../arm-none-eabi/lib/thumb/v7e-m/nofp\libg.a(lib_a-findfp.o)
                0x0800ff64                __sinit
 .text.__sfp_lock_acquire
                0x08010070        0xc f:/work/arm-none-eabi-gcc/gcc-arm-none-eabi-10.3-2021.10-win32/gcc-arm-none-eabi-10.3-2021.10/bin/../lib/gcc/arm-none-eabi/10.3.1/../../../../arm-none-eabi/lib/thumb/v7e-m/nofp\libg.a(lib_a-findfp.o)
                0x08010070                __sfp_lock_acquire
 .text.__sfp_lock_release
                0x0801007c        0xc f:/work/arm-none-eabi-gcc/gcc-arm-none-eabi-10.3-2021.10-win32/gcc-arm-none-eabi-10.3-2021.10/bin/../lib/gcc/arm-none-eabi/10.3.1/../../../../arm-none-eabi/lib/thumb/v7e-m/nofp\libg.a(lib_a-findfp.o)
                0x0801007c                __sfp_lock_release
 .text.__libc_fini_array
                0x08010088       0x2c f:/work/arm-none-eabi-gcc/gcc-arm-none-eabi-10.3-2021.10-win32/gcc-arm-none-eabi-10.3-2021.10/bin/../lib/gcc/arm-none-eabi/10.3.1/../../../../arm-none-eabi/lib/thumb/v7e-m/nofp\libg.a(lib_a-fini.o)
                0x08010088                __libc_fini_array
 .text._malloc_trim_r
                0x080100b4       0xa0 f:/work/arm-none-eabi-gcc/gcc-arm-none-eabi-10.3-2021.10-win32/gcc-arm-none-eabi-10.3-2021.10/bin/../lib/gcc/arm-none-eabi/10.3.1/../../../../arm-none-eabi/lib/thumb/v7e-m/nofp\libg.a(lib_a-freer.o)
                0x080100b4                _malloc_trim_r
 .text._free_r  0x08010154      0x20c f:/work/arm-none-eabi-gcc/gcc-arm-none-eabi-10.3-2021.10-win32/gcc-arm-none-eabi-10.3-2021.10/bin/../lib/gcc/arm-none-eabi/10.3.1/../../../../arm-none-eabi/lib/thumb/v7e-m/nofp\libg.a(lib_a-freer.o)
                0x08010154                _free_r
 .text.__sfvwrite_r
                0x08010360      0x2e8 f:/work/arm-none-eabi-gcc/gcc-arm-none-eabi-10.3-2021.10-win32/gcc-arm-none-eabi-10.3-2021.10/bin/../lib/gcc/arm-none-eabi/10.3.1/../../../../arm-none-eabi/lib/thumb/v7e-m/nofp\libg.a(lib_a-fvwrite.o)
                0x08010360                __sfvwrite_r
 .text._fwalk_reent
                0x08010648       0x48 f:/work/arm-none-eabi-gcc/gcc-arm-none-eabi-10.3-2021.10-win32/gcc-arm-none-eabi-10.3-2021.10/bin/../lib/gcc/arm-none-eabi/10.3.1/../../../../arm-none-eabi/lib/thumb/v7e-m/nofp\libg.a(lib_a-fwalk.o)
                0x08010648                _fwalk_reent
 .text.rshift   0x08010690       0xa4 f:/work/arm-none-eabi-gcc/gcc-arm-none-eabi-10.3-2021.10-win32/gcc-arm-none-eabi-10.3-2021.10/bin/../lib/gcc/arm-none-eabi/10.3.1/../../../../arm-none-eabi/lib/thumb/v7e-m/nofp\libg.a(lib_a-gdtoa-gethex.o)
 .text.__gethex
                0x08010734      0x5bc f:/work/arm-none-eabi-gcc/gcc-arm-none-eabi-10.3-2021.10-win32/gcc-arm-none-eabi-10.3-2021.10/bin/../lib/gcc/arm-none-eabi/10.3.1/../../../../arm-none-eabi/lib/thumb/v7e-m/nofp\libg.a(lib_a-gdtoa-gethex.o)
                0x08010734                __gethex
 .text.__match  0x08010cf0       0x34 f:/work/arm-none-eabi-gcc/gcc-arm-none-eabi-10.3-2021.10-win32/gcc-arm-none-eabi-10.3-2021.10/bin/../lib/gcc/arm-none-eabi/10.3.1/../../../../arm-none-eabi/lib/thumb/v7e-m/nofp\libg.a(lib_a-gdtoa-hexnan.o)
                0x08010cf0                __match
 .text.__hexnan
                0x08010d24      0x1ac f:/work/arm-none-eabi-gcc/gcc-arm-none-eabi-10.3-2021.10-win32/gcc-arm-none-eabi-10.3-2021.10/bin/../lib/gcc/arm-none-eabi/10.3.1/../../../../arm-none-eabi/lib/thumb/v7e-m/nofp\libg.a(lib_a-gdtoa-hexnan.o)
                0x08010d24                __hexnan
 .text.__locale_mb_cur_max
                0x08010ed0        0xc f:/work/arm-none-eabi-gcc/gcc-arm-none-eabi-10.3-2021.10-win32/gcc-arm-none-eabi-10.3-2021.10/bin/../lib/gcc/arm-none-eabi/10.3.1/../../../../arm-none-eabi/lib/thumb/v7e-m/nofp\libg.a(lib_a-locale.o)
                0x08010ed0                __locale_mb_cur_max
 .text._localeconv_r
                0x08010edc        0x8 f:/work/arm-none-eabi-gcc/gcc-arm-none-eabi-10.3-2021.10-win32/gcc-arm-none-eabi-10.3-2021.10/bin/../lib/gcc/arm-none-eabi/10.3.1/../../../../arm-none-eabi/lib/thumb/v7e-m/nofp\libg.a(lib_a-localeconv.o)
                0x08010edc                _localeconv_r
 .text.__retarget_lock_init_recursive
                0x08010ee4        0x4 f:/work/arm-none-eabi-gcc/gcc-arm-none-eabi-10.3-2021.10-win32/gcc-arm-none-eabi-10.3-2021.10/bin/../lib/gcc/arm-none-eabi/10.3.1/../../../../arm-none-eabi/lib/thumb/v7e-m/nofp\libg.a(lib_a-lock.o)
                0x08010ee4                __retarget_lock_init_recursive
 .text.__retarget_lock_close_recursive
                0x08010ee8        0x4 f:/work/arm-none-eabi-gcc/gcc-arm-none-eabi-10.3-2021.10-win32/gcc-arm-none-eabi-10.3-2021.10/bin/../lib/gcc/arm-none-eabi/10.3.1/../../../../arm-none-eabi/lib/thumb/v7e-m/nofp\libg.a(lib_a-lock.o)
                0x08010ee8                __retarget_lock_close_recursive
 .text.__retarget_lock_acquire_recursive
                0x08010eec        0x4 f:/work/arm-none-eabi-gcc/gcc-arm-none-eabi-10.3-2021.10-win32/gcc-arm-none-eabi-10.3-2021.10/bin/../lib/gcc/arm-none-eabi/10.3.1/../../../../arm-none-eabi/lib/thumb/v7e-m/nofp\libg.a(lib_a-lock.o)
                0x08010eec                __retarget_lock_acquire_recursive
 .text.__retarget_lock_release_recursive
                0x08010ef0        0x4 f:/work/arm-none-eabi-gcc/gcc-arm-none-eabi-10.3-2021.10-win32/gcc-arm-none-eabi-10.3-2021.10/bin/../lib/gcc/arm-none-eabi/10.3.1/../../../../arm-none-eabi/lib/thumb/v7e-m/nofp\libg.a(lib_a-lock.o)
                0x08010ef0                __retarget_lock_release_recursive
 .text._lseek_r
                0x08010ef4       0x2c f:/work/arm-none-eabi-gcc/gcc-arm-none-eabi-10.3-2021.10-win32/gcc-arm-none-eabi-10.3-2021.10/bin/../lib/gcc/arm-none-eabi/10.3.1/../../../../arm-none-eabi/lib/thumb/v7e-m/nofp\libg.a(lib_a-lseekr.o)
                0x08010ef4                _lseek_r
 .text.__smakebuf_r
                0x08010f20       0xe0 f:/work/arm-none-eabi-gcc/gcc-arm-none-eabi-10.3-2021.10-win32/gcc-arm-none-eabi-10.3-2021.10/bin/../lib/gcc/arm-none-eabi/10.3.1/../../../../arm-none-eabi/lib/thumb/v7e-m/nofp\libg.a(lib_a-makebuf.o)
                0x08010f20                __smakebuf_r
 .text.__swhatbuf_r
                0x08011000       0x60 f:/work/arm-none-eabi-gcc/gcc-arm-none-eabi-10.3-2021.10-win32/gcc-arm-none-eabi-10.3-2021.10/bin/../lib/gcc/arm-none-eabi/10.3.1/../../../../arm-none-eabi/lib/thumb/v7e-m/nofp\libg.a(lib_a-makebuf.o)
                0x08011000                __swhatbuf_r
 .text.__ascii_mbtowc
                0x08011060       0x2c f:/work/arm-none-eabi-gcc/gcc-arm-none-eabi-10.3-2021.10-win32/gcc-arm-none-eabi-10.3-2021.10/bin/../lib/gcc/arm-none-eabi/10.3.1/../../../../arm-none-eabi/lib/thumb/v7e-m/nofp\libg.a(lib_a-mbtowc_r.o)
                0x08011060                __ascii_mbtowc
 .text.memmove  0x0801108c       0xf8 f:/work/arm-none-eabi-gcc/gcc-arm-none-eabi-10.3-2021.10-win32/gcc-arm-none-eabi-10.3-2021.10/bin/../lib/gcc/arm-none-eabi/10.3.1/../../../../arm-none-eabi/lib/thumb/v7e-m/nofp\libg.a(lib_a-memmove.o)
                0x0801108c                memmove
 .text._Balloc  0x08011184       0x4c f:/work/arm-none-eabi-gcc/gcc-arm-none-eabi-10.3-2021.10-win32/gcc-arm-none-eabi-10.3-2021.10/bin/../lib/gcc/arm-none-eabi/10.3.1/../../../../arm-none-eabi/lib/thumb/v7e-m/nofp\libg.a(lib_a-mprec.o)
                0x08011184                _Balloc
 .text._Bfree   0x080111d0       0x14 f:/work/arm-none-eabi-gcc/gcc-arm-none-eabi-10.3-2021.10-win32/gcc-arm-none-eabi-10.3-2021.10/bin/../lib/gcc/arm-none-eabi/10.3.1/../../../../arm-none-eabi/lib/thumb/v7e-m/nofp\libg.a(lib_a-mprec.o)
                0x080111d0                _Bfree
 .text.__multadd
                0x080111e4       0xa0 f:/work/arm-none-eabi-gcc/gcc-arm-none-eabi-10.3-2021.10-win32/gcc-arm-none-eabi-10.3-2021.10/bin/../lib/gcc/arm-none-eabi/10.3.1/../../../../arm-none-eabi/lib/thumb/v7e-m/nofp\libg.a(lib_a-mprec.o)
                0x080111e4                __multadd
 .text.__s2b    0x08011284       0xb4 f:/work/arm-none-eabi-gcc/gcc-arm-none-eabi-10.3-2021.10-win32/gcc-arm-none-eabi-10.3-2021.10/bin/../lib/gcc/arm-none-eabi/10.3.1/../../../../arm-none-eabi/lib/thumb/v7e-m/nofp\libg.a(lib_a-mprec.o)
                0x08011284                __s2b
 .text.__hi0bits
                0x08011338       0x40 f:/work/arm-none-eabi-gcc/gcc-arm-none-eabi-10.3-2021.10-win32/gcc-arm-none-eabi-10.3-2021.10/bin/../lib/gcc/arm-none-eabi/10.3.1/../../../../arm-none-eabi/lib/thumb/v7e-m/nofp\libg.a(lib_a-mprec.o)
                0x08011338                __hi0bits
 .text.__lo0bits
                0x08011378       0x5c f:/work/arm-none-eabi-gcc/gcc-arm-none-eabi-10.3-2021.10-win32/gcc-arm-none-eabi-10.3-2021.10/bin/../lib/gcc/arm-none-eabi/10.3.1/../../../../arm-none-eabi/lib/thumb/v7e-m/nofp\libg.a(lib_a-mprec.o)
                0x08011378                __lo0bits
 .text.__i2b    0x080113d4       0x5c f:/work/arm-none-eabi-gcc/gcc-arm-none-eabi-10.3-2021.10-win32/gcc-arm-none-eabi-10.3-2021.10/bin/../lib/gcc/arm-none-eabi/10.3.1/../../../../arm-none-eabi/lib/thumb/v7e-m/nofp\libg.a(lib_a-mprec.o)
                0x080113d4                __i2b
 .text.__multiply
                0x08011430      0x15c f:/work/arm-none-eabi-gcc/gcc-arm-none-eabi-10.3-2021.10-win32/gcc-arm-none-eabi-10.3-2021.10/bin/../lib/gcc/arm-none-eabi/10.3.1/../../../../arm-none-eabi/lib/thumb/v7e-m/nofp\libg.a(lib_a-mprec.o)
                0x08011430                __multiply
 .text.__pow5mult
                0x0801158c       0xc0 f:/work/arm-none-eabi-gcc/gcc-arm-none-eabi-10.3-2021.10-win32/gcc-arm-none-eabi-10.3-2021.10/bin/../lib/gcc/arm-none-eabi/10.3.1/../../../../arm-none-eabi/lib/thumb/v7e-m/nofp\libg.a(lib_a-mprec.o)
                0x0801158c                __pow5mult
 .text.__lshift
                0x0801164c       0xf0 f:/work/arm-none-eabi-gcc/gcc-arm-none-eabi-10.3-2021.10-win32/gcc-arm-none-eabi-10.3-2021.10/bin/../lib/gcc/arm-none-eabi/10.3.1/../../../../arm-none-eabi/lib/thumb/v7e-m/nofp\libg.a(lib_a-mprec.o)
                0x0801164c                __lshift
 .text.__mcmp   0x0801173c       0x40 f:/work/arm-none-eabi-gcc/gcc-arm-none-eabi-10.3-2021.10-win32/gcc-arm-none-eabi-10.3-2021.10/bin/../lib/gcc/arm-none-eabi/10.3.1/../../../../arm-none-eabi/lib/thumb/v7e-m/nofp\libg.a(lib_a-mprec.o)
                0x0801173c                __mcmp
 .text.__mdiff  0x0801177c      0x14c f:/work/arm-none-eabi-gcc/gcc-arm-none-eabi-10.3-2021.10-win32/gcc-arm-none-eabi-10.3-2021.10/bin/../lib/gcc/arm-none-eabi/10.3.1/../../../../arm-none-eabi/lib/thumb/v7e-m/nofp\libg.a(lib_a-mprec.o)
                0x0801177c                __mdiff
 .text.__ulp    0x080118c8       0x44 f:/work/arm-none-eabi-gcc/gcc-arm-none-eabi-10.3-2021.10-win32/gcc-arm-none-eabi-10.3-2021.10/bin/../lib/gcc/arm-none-eabi/10.3.1/../../../../arm-none-eabi/lib/thumb/v7e-m/nofp\libg.a(lib_a-mprec.o)
                0x080118c8                __ulp
 .text.__b2d    0x0801190c       0xd0 f:/work/arm-none-eabi-gcc/gcc-arm-none-eabi-10.3-2021.10-win32/gcc-arm-none-eabi-10.3-2021.10/bin/../lib/gcc/arm-none-eabi/10.3.1/../../../../arm-none-eabi/lib/thumb/v7e-m/nofp\libg.a(lib_a-mprec.o)
                0x0801190c                __b2d
 .text.__d2b    0x080119dc       0xc4 f:/work/arm-none-eabi-gcc/gcc-arm-none-eabi-10.3-2021.10-win32/gcc-arm-none-eabi-10.3-2021.10/bin/../lib/gcc/arm-none-eabi/10.3.1/../../../../arm-none-eabi/lib/thumb/v7e-m/nofp\libg.a(lib_a-mprec.o)
                0x080119dc                __d2b
 .text.__ratio  0x08011aa0       0x5c f:/work/arm-none-eabi-gcc/gcc-arm-none-eabi-10.3-2021.10-win32/gcc-arm-none-eabi-10.3-2021.10/bin/../lib/gcc/arm-none-eabi/10.3.1/../../../../arm-none-eabi/lib/thumb/v7e-m/nofp\libg.a(lib_a-mprec.o)
                0x08011aa0                __ratio
 .text.__copybits
                0x08011afc       0x5c f:/work/arm-none-eabi-gcc/gcc-arm-none-eabi-10.3-2021.10-win32/gcc-arm-none-eabi-10.3-2021.10/bin/../lib/gcc/arm-none-eabi/10.3.1/../../../../arm-none-eabi/lib/thumb/v7e-m/nofp\libg.a(lib_a-mprec.o)
                0x08011afc                __copybits
 .text.__any_on
                0x08011b58       0x60 f:/work/arm-none-eabi-gcc/gcc-arm-none-eabi-10.3-2021.10-win32/gcc-arm-none-eabi-10.3-2021.10/bin/../lib/gcc/arm-none-eabi/10.3.1/../../../../arm-none-eabi/lib/thumb/v7e-m/nofp\libg.a(lib_a-mprec.o)
                0x08011b58                __any_on
 .text._read_r  0x08011bb8       0x2c f:/work/arm-none-eabi-gcc/gcc-arm-none-eabi-10.3-2021.10-win32/gcc-arm-none-eabi-10.3-2021.10/bin/../lib/gcc/arm-none-eabi/10.3.1/../../../../arm-none-eabi/lib/thumb/v7e-m/nofp\libg.a(lib_a-readr.o)
                0x08011bb8                _read_r
 .text.frexp    0x08011be4       0x70 f:/work/arm-none-eabi-gcc/gcc-arm-none-eabi-10.3-2021.10-win32/gcc-arm-none-eabi-10.3-2021.10/bin/../lib/gcc/arm-none-eabi/10.3.1/../../../../arm-none-eabi/lib/thumb/v7e-m/nofp\libg.a(lib_a-s_frexp.o)
                0x08011be4                frexp
 .text.nan      0x08011c54        0xc f:/work/arm-none-eabi-gcc/gcc-arm-none-eabi-10.3-2021.10-win32/gcc-arm-none-eabi-10.3-2021.10/bin/../lib/gcc/arm-none-eabi/10.3.1/../../../../arm-none-eabi/lib/thumb/v7e-m/nofp\libg.a(lib_a-s_nan.o)
                0x08011c54                nan
 .text.strncpy  0x08011c60       0x64 f:/work/arm-none-eabi-gcc/gcc-arm-none-eabi-10.3-2021.10-win32/gcc-arm-none-eabi-10.3-2021.10/bin/../lib/gcc/arm-none-eabi/10.3.1/../../../../arm-none-eabi/lib/thumb/v7e-m/nofp\libg.a(lib_a-strncpy.o)
                0x08011c60                strncpy
 .text.__sprint_r.part.0
                0x08011cc4       0x78 f:/work/arm-none-eabi-gcc/gcc-arm-none-eabi-10.3-2021.10-win32/gcc-arm-none-eabi-10.3-2021.10/bin/../lib/gcc/arm-none-eabi/10.3.1/../../../../arm-none-eabi/lib/thumb/v7e-m/nofp\libg.a(lib_a-vfiprintf.o)
 .text.__sprint_r
                0x08011d3c       0x14 f:/work/arm-none-eabi-gcc/gcc-arm-none-eabi-10.3-2021.10-win32/gcc-arm-none-eabi-10.3-2021.10/bin/../lib/gcc/arm-none-eabi/10.3.1/../../../../arm-none-eabi/lib/thumb/v7e-m/nofp\libg.a(lib_a-vfiprintf.o)
                0x08011d3c                __sprint_r
 .text._vfiprintf_r
                0x08011d50      0xda0 f:/work/arm-none-eabi-gcc/gcc-arm-none-eabi-10.3-2021.10-win32/gcc-arm-none-eabi-10.3-2021.10/bin/../lib/gcc/arm-none-eabi/10.3.1/../../../../arm-none-eabi/lib/thumb/v7e-m/nofp\libg.a(lib_a-vfiprintf.o)
                0x08011d50                _vfiprintf_r
 .text.__sbprintf
                0x08012af0       0x80 f:/work/arm-none-eabi-gcc/gcc-arm-none-eabi-10.3-2021.10-win32/gcc-arm-none-eabi-10.3-2021.10/bin/../lib/gcc/arm-none-eabi/10.3.1/../../../../arm-none-eabi/lib/thumb/v7e-m/nofp\libg.a(lib_a-vfiprintf.o)
 .text.__ascii_wctomb
                0x08012b70       0x1c f:/work/arm-none-eabi-gcc/gcc-arm-none-eabi-10.3-2021.10-win32/gcc-arm-none-eabi-10.3-2021.10/bin/../lib/gcc/arm-none-eabi/10.3.1/../../../../arm-none-eabi/lib/thumb/v7e-m/nofp\libg.a(lib_a-wctomb_r.o)
                0x08012b70                __ascii_wctomb
 .text.__register_exitproc
                0x08012b8c       0x8c f:/work/arm-none-eabi-gcc/gcc-arm-none-eabi-10.3-2021.10-win32/gcc-arm-none-eabi-10.3-2021.10/bin/../lib/gcc/arm-none-eabi/10.3.1/../../../../arm-none-eabi/lib/thumb/v7e-m/nofp\libg.a(lib_a-__atexit.o)
                0x08012b8c                __register_exitproc
 .text.__assert_func
                0x08012c18       0x40 f:/work/arm-none-eabi-gcc/gcc-arm-none-eabi-10.3-2021.10-win32/gcc-arm-none-eabi-10.3-2021.10/bin/../lib/gcc/arm-none-eabi/10.3.1/../../../../arm-none-eabi/lib/thumb/v7e-m/nofp\libg.a(lib_a-assert.o)
                0x08012c18                __assert_func
 .text._calloc_r
                0x08012c58       0x78 f:/work/arm-none-eabi-gcc/gcc-arm-none-eabi-10.3-2021.10-win32/gcc-arm-none-eabi-10.3-2021.10/bin/../lib/gcc/arm-none-eabi/10.3.1/../../../../arm-none-eabi/lib/thumb/v7e-m/nofp\libg.a(lib_a-callocr.o)
                0x08012c58                _calloc_r
 .text._fclose_r
                0x08012cd0       0xcc f:/work/arm-none-eabi-gcc/gcc-arm-none-eabi-10.3-2021.10-win32/gcc-arm-none-eabi-10.3-2021.10/bin/../lib/gcc/arm-none-eabi/10.3.1/../../../../arm-none-eabi/lib/thumb/v7e-m/nofp\libg.a(lib_a-fclose.o)
                0x08012cd0                _fclose_r
 .text.fiprintf
                0x08012d9c       0x28 f:/work/arm-none-eabi-gcc/gcc-arm-none-eabi-10.3-2021.10-win32/gcc-arm-none-eabi-10.3-2021.10/bin/../lib/gcc/arm-none-eabi/10.3.1/../../../../arm-none-eabi/lib/thumb/v7e-m/nofp\libg.a(lib_a-fiprintf.o)
                0x08012d9c                fiprintf
 .text.__fputwc
                0x08012dc4       0xa8 f:/work/arm-none-eabi-gcc/gcc-arm-none-eabi-10.3-2021.10-win32/gcc-arm-none-eabi-10.3-2021.10/bin/../lib/gcc/arm-none-eabi/10.3.1/../../../../arm-none-eabi/lib/thumb/v7e-m/nofp\libg.a(lib_a-fputwc.o)
                0x08012dc4                __fputwc
 .text._fputwc_r
                0x08012e6c       0x68 f:/work/arm-none-eabi-gcc/gcc-arm-none-eabi-10.3-2021.10-win32/gcc-arm-none-eabi-10.3-2021.10/bin/../lib/gcc/arm-none-eabi/10.3.1/../../../../arm-none-eabi/lib/thumb/v7e-m/nofp\libg.a(lib_a-fputwc.o)
                0x08012e6c                _fputwc_r
 .text._fstat_r
                0x08012ed4       0x2c f:/work/arm-none-eabi-gcc/gcc-arm-none-eabi-10.3-2021.10-win32/gcc-arm-none-eabi-10.3-2021.10/bin/../lib/gcc/arm-none-eabi/10.3.1/../../../../arm-none-eabi/lib/thumb/v7e-m/nofp\libg.a(lib_a-fstatr.o)
                0x08012ed4                _fstat_r
 .text._isatty_r
                0x08012f00       0x24 f:/work/arm-none-eabi-gcc/gcc-arm-none-eabi-10.3-2021.10-win32/gcc-arm-none-eabi-10.3-2021.10/bin/../lib/gcc/arm-none-eabi/10.3.1/../../../../arm-none-eabi/lib/thumb/v7e-m/nofp\libg.a(lib_a-isattyr.o)
                0x08012f00                _isatty_r
 .text.__swbuf_r
                0x08012f24       0xb0 f:/work/arm-none-eabi-gcc/gcc-arm-none-eabi-10.3-2021.10-win32/gcc-arm-none-eabi-10.3-2021.10/bin/../lib/gcc/arm-none-eabi/10.3.1/../../../../arm-none-eabi/lib/thumb/v7e-m/nofp\libg.a(lib_a-wbuf.o)
                0x08012f24                __swbuf_r
 .text._wcrtomb_r
                0x08012fd4       0x3c f:/work/arm-none-eabi-gcc/gcc-arm-none-eabi-10.3-2021.10-win32/gcc-arm-none-eabi-10.3-2021.10/bin/../lib/gcc/arm-none-eabi/10.3.1/../../../../arm-none-eabi/lib/thumb/v7e-m/nofp\libg.a(lib_a-wcrtomb.o)
                0x08012fd4                _wcrtomb_r
 .text.abort    0x08013010       0x10 f:/work/arm-none-eabi-gcc/gcc-arm-none-eabi-10.3-2021.10-win32/gcc-arm-none-eabi-10.3-2021.10/bin/../lib/gcc/arm-none-eabi/10.3.1/../../../../arm-none-eabi/lib/thumb/v7e-m/nofp\libg.a(lib_a-abort.o)
                0x08013010                abort
 .text.raise    0x08013020       0x5c f:/work/arm-none-eabi-gcc/gcc-arm-none-eabi-10.3-2021.10-win32/gcc-arm-none-eabi-10.3-2021.10/bin/../lib/gcc/arm-none-eabi/10.3.1/../../../../arm-none-eabi/lib/thumb/v7e-m/nofp\libg.a(lib_a-signal.o)
                0x08013020                raise
 .text._kill_r  0x0801307c       0x2c f:/work/arm-none-eabi-gcc/gcc-arm-none-eabi-10.3-2021.10-win32/gcc-arm-none-eabi-10.3-2021.10/bin/../lib/gcc/arm-none-eabi/10.3.1/../../../../arm-none-eabi/lib/thumb/v7e-m/nofp\libg.a(lib_a-signalr.o)
                0x0801307c                _kill_r
 .text._getpid_r
                0x080130a8        0x4 f:/work/arm-none-eabi-gcc/gcc-arm-none-eabi-10.3-2021.10-win32/gcc-arm-none-eabi-10.3-2021.10/bin/../lib/gcc/arm-none-eabi/10.3.1/../../../../arm-none-eabi/lib/thumb/v7e-m/nofp\libg.a(lib_a-signalr.o)
                0x080130a8                _getpid_r
 *(.glue_7)
 .glue_7        0x080130ac        0x0 linker stubs
 *(.glue_7t)
 .glue_7t       0x080130ac        0x0 linker stubs
 *(.eh_frame)
 .eh_frame      0x080130ac        0x0 f:/work/arm-none-eabi-gcc/gcc-arm-none-eabi-10.3-2021.10-win32/gcc-arm-none-eabi-10.3-2021.10/bin/../lib/gcc/arm-none-eabi/10.3.1/thumb/v7e-m/nofp/crtbegin.o
 *(.init)
 .init          0x080130ac        0x4 f:/work/arm-none-eabi-gcc/gcc-arm-none-eabi-10.3-2021.10-win32/gcc-arm-none-eabi-10.3-2021.10/bin/../lib/gcc/arm-none-eabi/10.3.1/thumb/v7e-m/nofp/crti.o
                0x080130ac                _init
 .init          0x080130b0        0x8 f:/work/arm-none-eabi-gcc/gcc-arm-none-eabi-10.3-2021.10-win32/gcc-arm-none-eabi-10.3-2021.10/bin/../lib/gcc/arm-none-eabi/10.3.1/thumb/v7e-m/nofp/crtn.o
 *(.fini)
 .fini          0x080130b8        0x4 f:/work/arm-none-eabi-gcc/gcc-arm-none-eabi-10.3-2021.10-win32/gcc-arm-none-eabi-10.3-2021.10/bin/../lib/gcc/arm-none-eabi/10.3.1/thumb/v7e-m/nofp/crti.o
                0x080130b8                _fini
 .fini          0x080130bc        0x8 f:/work/arm-none-eabi-gcc/gcc-arm-none-eabi-10.3-2021.10-win32/gcc-arm-none-eabi-10.3-2021.10/bin/../lib/gcc/arm-none-eabi/10.3.1/thumb/v7e-m/nofp/crtn.o
                0x080130c4                . = ALIGN (0x4)
                0x080130c4                _etext = .

.vfp11_veneer   0x080130c4        0x0
 .vfp11_veneer  0x080130c4        0x0 linker stubs

.v4_bx          0x080130c4        0x0
 .v4_bx         0x080130c4        0x0 linker stubs

.iplt           0x080130c4        0x0
 .iplt          0x080130c4        0x0 f:/work/arm-none-eabi-gcc/gcc-arm-none-eabi-10.3-2021.10-win32/gcc-arm-none-eabi-10.3-2021.10/bin/../lib/gcc/arm-none-eabi/10.3.1/thumb/v7e-m/nofp/crtbegin.o

.rodata         0x080130c8      0x7b4
                0x080130c8                . = ALIGN (0x4)
 *(.rodata)
 *(.rodata*)
 .rodata.Judge.str1.4
                0x080130c8       0x45 CMakeFiles/S15909_H750.elf.dir/Core/Src/Judge.c.obj
 *fill*         0x0801310d        0x3 
 .rodata.Printf_Pn_Number.str1.4
                0x08013110        0xc CMakeFiles/S15909_H750.elf.dir/Core/Src/Store_Information.c.obj
 .rodata.Printf_Sn_Number.str1.4
                0x0801311c        0x9 CMakeFiles/S15909_H750.elf.dir/Core/Src/Store_Information.c.obj
 *fill*         0x08013125        0x3 
 .rodata.Printf_Product_Time.str1.4
                0x08013128        0x9 CMakeFiles/S15909_H750.elf.dir/Core/Src/Store_Information.c.obj
 *fill*         0x08013131        0x3 
 .rodata.Printf_Manufacturer.str1.4
                0x08013134        0x5 CMakeFiles/S15909_H750.elf.dir/Core/Src/Store_Information.c.obj
 *fill*         0x08013139        0x3 
 .rodata.skip_utf8_bom.str1.4
                0x0801313c        0x4 CMakeFiles/S15909_H750.elf.dir/Core/Src/cJSON.c.obj
 .rodata.print_number.str1.4
                0x08013140       0x1f CMakeFiles/S15909_H750.elf.dir/Core/Src/cJSON.c.obj
 *fill*         0x0801315f        0x1 
 .rodata.print_value.str1.4
                0x08013160        0xd CMakeFiles/S15909_H750.elf.dir/Core/Src/cJSON.c.obj
 *fill*         0x0801316d        0x3 
 .rodata.cjson.str1.4
                0x08013170       0xd1 CMakeFiles/S15909_H750.elf.dir/Core/Src/cJSON_Test.c.obj
 *fill*         0x08013241        0x3 
 .rodata.D1CorePrescTable
                0x08013244       0x10 CMakeFiles/S15909_H750.elf.dir/Core/Src/system_stm32h7xx.c.obj
                0x08013244                D1CorePrescTable
 .rodata.flagBitshiftOffset.0
                0x08013254        0x8 CMakeFiles/S15909_H750.elf.dir/Drivers/STM32H7xx_HAL_Driver/Src/stm32h7xx_hal_dma.c.obj
 .rodata.UARTPrescTable