Component: ARM Compiler 5.06 update 7 (build 960) Tool: armlink [4d3601]

==============================================================================

Section Cross References

    startup_stm32h750xx.o(RESET) refers to startup_stm32h750xx.o(STACK) for __initial_sp
    startup_stm32h750xx.o(RESET) refers to startup_stm32h750xx.o(.text) for Reset_Handler
    startup_stm32h750xx.o(RESET) refers to stm32h7xx_it.o(i.NMI_Handler) for NMI_Handler
    startup_stm32h750xx.o(RESET) refers to stm32h7xx_it.o(i.HardFault_Handler) for HardFault_Handler
    startup_stm32h750xx.o(RESET) refers to stm32h7xx_it.o(i.MemManage_Handler) for MemManage_Handler
    startup_stm32h750xx.o(RESET) refers to stm32h7xx_it.o(i.BusFault_Handler) for BusFault_Handler
    startup_stm32h750xx.o(RESET) refers to stm32h7xx_it.o(i.UsageFault_Handler) for UsageFault_Handler
    startup_stm32h750xx.o(RESET) refers to stm32h7xx_it.o(i.SVC_Handler) for SVC_Handler
    startup_stm32h750xx.o(RESET) refers to stm32h7xx_it.o(i.DebugMon_Handler) for DebugMon_Handler
    startup_stm32h750xx.o(RESET) refers to stm32h7xx_it.o(i.PendSV_Handler) for PendSV_Handler
    startup_stm32h750xx.o(RESET) refers to stm32h7xx_it.o(i.SysTick_Handler) for SysTick_Handler
    startup_stm32h750xx.o(RESET) refers to stm32h7xx_it.o(i.DMA1_Stream0_IRQHandler) for DMA1_Stream0_IRQHandler
    startup_stm32h750xx.o(RESET) refers to stm32h7xx_it.o(i.ADC_IRQHandler) for ADC_IRQHandler
    startup_stm32h750xx.o(RESET) refers to stm32h7xx_it.o(i.TIM1_TRG_COM_IRQHandler) for TIM1_TRG_COM_IRQHandler
    startup_stm32h750xx.o(RESET) refers to stm32h7xx_it.o(i.TIM1_CC_IRQHandler) for TIM1_CC_IRQHandler
    startup_stm32h750xx.o(RESET) refers to stm32h7xx_it.o(i.TIM3_IRQHandler) for TIM3_IRQHandler
    startup_stm32h750xx.o(RESET) refers to stm32h7xx_it.o(i.USART1_IRQHandler) for USART1_IRQHandler
    startup_stm32h750xx.o(RESET) refers to stm32h7xx_it.o(i.TIM8_BRK_TIM12_IRQHandler) for TIM8_BRK_TIM12_IRQHandler
    startup_stm32h750xx.o(.text) refers to system_stm32h7xx.o(i.SystemInit) for SystemInit
    startup_stm32h750xx.o(.text) refers to entry.o(.ARM.Collect$$$$00000000) for __main
    main.o(i.MPU_Config) refers to stm32h7xx_hal_cortex.o(i.HAL_MPU_Disable) for HAL_MPU_Disable
    main.o(i.MPU_Config) refers to stm32h7xx_hal_cortex.o(i.HAL_MPU_ConfigRegion) for HAL_MPU_ConfigRegion
    main.o(i.MPU_Config) refers to stm32h7xx_hal_cortex.o(i.HAL_MPU_Enable) for HAL_MPU_Enable
    main.o(i.PeriphCommonClock_Config) refers to memseta.o(.text) for __aeabi_memclr4
    main.o(i.PeriphCommonClock_Config) refers to stm32h7xx_hal_rcc_ex.o(i.HAL_RCCEx_PeriphCLKConfig) for HAL_RCCEx_PeriphCLKConfig
    main.o(i.PeriphCommonClock_Config) refers to main.o(i.Error_Handler) for Error_Handler
    main.o(i.SystemClock_Config) refers to memseta.o(.text) for __aeabi_memclr4
    main.o(i.SystemClock_Config) refers to stm32h7xx_hal_pwr_ex.o(i.HAL_PWREx_ConfigSupply) for HAL_PWREx_ConfigSupply
    main.o(i.SystemClock_Config) refers to stm32h7xx_hal_rcc.o(i.HAL_RCC_OscConfig) for HAL_RCC_OscConfig
    main.o(i.SystemClock_Config) refers to main.o(i.Error_Handler) for Error_Handler
    main.o(i.SystemClock_Config) refers to stm32h7xx_hal_rcc.o(i.HAL_RCC_ClockConfig) for HAL_RCC_ClockConfig
    main.o(i.fgetc) refers to stm32h7xx_hal_uart.o(i.HAL_UART_Receive) for HAL_UART_Receive
    main.o(i.fgetc) refers to usart.o(.bss) for huart1
    main.o(i.fputc) refers to stm32h7xx_hal_uart.o(i.HAL_UART_Transmit) for HAL_UART_Transmit
    main.o(i.fputc) refers to usart.o(.bss) for huart1
    main.o(i.main) refers to main.o(i.MPU_Config) for MPU_Config
    main.o(i.main) refers to stm32h7xx_hal.o(i.HAL_Init) for HAL_Init
    main.o(i.main) refers to main.o(i.SystemClock_Config) for SystemClock_Config
    main.o(i.main) refers to main.o(i.PeriphCommonClock_Config) for PeriphCommonClock_Config
    main.o(i.main) refers to gpio.o(i.MX_GPIO_Init) for MX_GPIO_Init
    main.o(i.main) refers to dma.o(i.MX_DMA_Init) for MX_DMA_Init
    main.o(i.main) refers to tim.o(i.MX_TIM1_Init) for MX_TIM1_Init
    main.o(i.main) refers to tim.o(i.MX_TIM2_Init) for MX_TIM2_Init
    main.o(i.main) refers to usart.o(i.MX_USART1_UART_Init) for MX_USART1_UART_Init
    main.o(i.main) refers to tim.o(i.MX_TIM12_Init) for MX_TIM12_Init
    main.o(i.main) refers to adc.o(i.MX_ADC1_Init) for MX_ADC1_Init
    main.o(i.main) refers to tim.o(i.MX_TIM3_Init) for MX_TIM3_Init
    main.o(i.main) refers to stm32h7xx_hal_tim.o(i.HAL_TIM_PWM_Start) for HAL_TIM_PWM_Start
    main.o(i.main) refers to memcpya.o(.text) for __aeabi_memcpy
    main.o(i.main) refers to stm32h7xx_hal_uart.o(i.HAL_UART_Transmit_DMA) for HAL_UART_Transmit_DMA
    main.o(i.main) refers to tim.o(.bss) for htim2
    main.o(i.main) refers to main.o(.data) for G_Clk_Rise_Number
    main.o(i.main) refers to main.o(.bss) for temp16_2
    main.o(i.main) refers to usart.o(.bss) for huart1
    main.o(i.main) refers to tim.o(.data) for mul_int
[...]
    dc.s                                     0x00000000   Number         0  dc.o ABSOLUTE
    handlers.s                               0x00000000   Number         0  handlers.o ABSOLUTE
    init.s                                   0x00000000   Number         0  init.o ABSOLUTE
    startup_stm32h750xx.s                    0x00000000   Number         0  startup_stm32h750xx.o ABSOLUTE
    RESET                                    0x08000000   Section      664  startup_stm32h750xx.o(RESET)
    .ARM.Collect$$$$00000000                 0x08000298   Section        0  entry.o(.ARM.Collect$$$$00000000)
    .ARM.Collect$$$$00000001                 0x08000298   Section        4  entry2.o(.ARM.Collect$$$$00000001)
    .ARM.Collect$$$$00000004                 0x0800029c   Section        4  entry5.o(.ARM.Collect$$$$00000004)
    .ARM.Collect$$$$00000008                 0x080002a0   Section        0  entry7b.o(.ARM.Collect$$$$00000008)
    .ARM.Collect$$$$0000000A                 0x080002a0   Section        0  entry8b.o(.ARM.Collect$$$$0000000A)
    .ARM.Collect$$$$0000000B                 0x080002a0   Section        8  entry9a.o(.ARM.Collect$$$$0000000B)
    .ARM.Collect$$$$0000000E                 0x080002a8   Section        4  entry12b.o(.ARM.Collect$$$$0000000E)
    .ARM.Collect$$$$0000000F                 0x080002ac   Section        0  entry10a.o(.ARM.Collect$$$$0000000F)
    .ARM.Collect$$$$00000011                 0x080002ac   Section        0  entry11a.o(.ARM.Collect$$$$00000011)
    .ARM.Collect$$$$00002712                 0x080002ac   Section        4  entry2.o(.ARM.Collect$$$$00002712)
    __lit__00000000                          0x080002ac   Data           4  entry2.o(.ARM.Collect$$$$00002712)
    .text                                    0x080002b0   Section       36  startup_stm32h750xx.o(.text)
    $v0                                      0x080002b0   Number         0  startup_stm32h750xx.o(.text)
    .text                                    0x080002d4   Section        0  uldiv.o(.text)
    .text                                    0x08000336   Section        0  memcpya.o(.text)
    .text                                    0x0800035a   Section        0  memseta.o(.text)
    .text                                    0x0800037e   Section        0  llshl.o(.text)
    .text                                    0x0800039c   Section        0  llushr.o(.text)
    .text                                    0x080003bc   Section       36  init.o(.text)
    i.ADC_ConfigureBoostMode                 0x080003e0   Section        0  stm32h7xx_hal_adc.o(i.ADC_ConfigureBoostMode)
    i.ADC_Enable                             0x08000544   Section        0  stm32h7xx_hal_adc.o(i.ADC_Enable)
    i.ADC_IRQHandler                         0x08000610   Section        0  stm32h7xx_it.o(i.ADC_IRQHandler)
    i.BusFault_Handler                       0x08000620   Section        0  stm32h7xx_it.o(i.BusFault_Handler)
    i.DMA1_Stream0_IRQHandler                0x08000624   Section        0  stm32h7xx_it.o(i.DMA1_Stream0_IRQHandler)
    i.DMA_CalcBaseAndBitshift                0x08000634   Section        0  stm32h7xx_hal_dma.o(i.DMA_CalcBaseAndBitshift)
    DMA_CalcBaseAndBitshift                  0x08000635   Thumb Code   224  stm32h7xx_hal_dma.o(i.DMA_CalcBaseAndBitshift)
    i.DMA_CalcDMAMUXChannelBaseAndMask       0x08000720   Section        0  stm32h7xx_hal_dma.o(i.DMA_CalcDMAMUXChannelBaseAndMask)
    DMA_CalcDMAMUXChannelBaseAndMask         0x08000721   Thumb Code   178  stm32h7xx_hal_dma.o(i.DMA_CalcDMAMUXChannelBaseAndMask)
    i.DMA_CalcDMAMUXRequestGenBaseAndMask    0x080007e4   Section        0  stm32h7xx_hal_dma.o(i.DMA_CalcDMAMUXRequestGenBaseAndMask)
    DMA_CalcDMAMUXRequestGenBaseAndMask      0x080007e5   Thumb Code   140  stm32h7xx_hal_dma.o(i.DMA_CalcDMAMUXRequestGenBaseAndMask)
    i.DMA_CheckFifoParam                     0x0800087c   Section        0  stm32h7xx_hal_dma.o(i.DMA_CheckFifoParam)
    DMA_CheckFifoParam                       0x0800087d   Thumb Code   174  stm32h7xx_hal_dma.o(i.DMA_CheckFifoParam)
    i.DMA_SetConfig                          0x0800092c   Section        0  stm32h7xx_hal_dma.o(i.DMA_SetConfig)
    DMA_SetConfig                            0x0800092d   Thumb Code   614  stm32h7xx_hal_dma.o(i.DMA_SetConfig)
    i.DebugMon_Handler                       0x08000ba0   Section        0  stm32h7xx_it.o(i.DebugMon_Handler)
    i.Error_Handler                          0x08000ba2   Section        0  main.o(i.Error_Handler)
    i.HAL_ADCEx_EndOfSamplingCallback        0x08000ba8   Section        0  stm32h7xx_hal_adc_ex.o(i.HAL_ADCEx_EndOfSamplingCallback)
    i.HAL_ADCEx_InjectedConvCpltCallback     0x08000baa   Section        0  stm32h7xx_hal_adc_ex.o(i.HAL_ADCEx_InjectedConvCpltCallback)
    i.HAL_ADCEx_InjectedQueueOverflowCallback 0x08000bac   Section        0  stm32h7xx_hal_adc_ex.o(i.HAL_ADCEx_InjectedQueueOverflowCallback)
    i.HAL_ADCEx_LevelOutOfWindow2Callback    0x08000bae   Section        0  stm32h7xx_hal_adc_ex.o(i.HAL_ADCEx_LevelOutOfWindow2Callback)
    i.HAL_ADCEx_LevelOutOfWindow3Callback    0x08000bb0   Section        0  stm32h7xx_hal_adc_ex.o(i.HAL_ADCEx_LevelOutOfWindow3Callback)
    i.HAL_ADCEx_MultiModeConfigChannel       0x08000bb4   Section        0  stm32h7xx_hal_adc_ex.o(i.HAL_ADCEx_MultiModeConfigChannel)
    i.HAL_ADC_ConfigChannel                  0x08000d18   Section        0  stm32h7xx_hal_adc.o(i.HAL_ADC_ConfigChannel)
    i.HAL_ADC_ConvCpltCallback               0x0800125c   Section        0  stm32h7xx_hal_adc.o(i.HAL_ADC_ConvCpltCallback)
    i.HAL_ADC_ErrorCallback                  0x0800125e   Section        0  stm32h7xx_hal_adc.o(i.HAL_ADC_ErrorCallback)
    i.HAL_ADC_GetValue                       0x08001260   Section        0  stm32h7xx_hal_adc.o(i.HAL_ADC_GetValue)
    i.HAL_ADC_IRQHandler                     0x08001268   Section        0  stm32h7xx_hal_adc.o(i.HAL_ADC_IRQHandler)
    i.HAL_ADC_Init                           0x080015c0   Section        0  stm32h7xx_hal_adc.o(i.HAL_ADC_Init)
    i.HAL_ADC_LevelOutOfWindowCallback       0x0800184c   Section        0  stm32h7xx_hal_adc.o(i.HAL_ADC_LevelOutOfWindowCallback)
    i.HAL_ADC_MspInit                        0x08001850   Section        0  adc.o(i.HAL_ADC_MspInit)
    i.HAL_ADC_PollForConversion              0x080018f8   Section        0  stm32h7xx_hal_adc.o(i.HAL_ADC_PollForConversion)
    i.HAL_ADC_Start                          0x08001a5c   Section        0  stm32h7xx_hal_adc.o(i.HAL_ADC_Start)
    i.HAL_DMA_Abort                          0x08001b90   Section        0  stm32h7xx_hal_dma.o(i.HAL_DMA_Abort)
    i.HAL_DMA_Abort_IT                       0x0800206c   Section        0  stm32h7xx_hal_dma.o(i.HAL_DMA_Abort_IT)
    i.HAL_DMA_IRQHandler                     0x08002404   Section        0  stm32h7xx_hal_dma.o(i.HAL_DMA_IRQHandler)
    i.HAL_DMA_Init                           0x08002efc   Section        0  stm32h7xx_hal_dma.o(i.HAL_DMA_Init)
    i.HAL_DMA_Start_IT                       0x0800341c   Section        0  stm32h7xx_hal_dma.o(i.HAL_DMA_Start_IT)
    i.HAL_GPIO_Init                          0x080037fc   Section        0  stm32h7xx_hal_gpio.o(i.HAL_GPIO_Init)
    i.HAL_GPIO_WritePin                      0x080039f8   Section        0  stm32h7xx_hal_gpio.o(i.HAL_GPIO_WritePin)
    i.HAL_GetREVID                           0x08003a04   Section        0  stm32h7xx_hal.o(i.HAL_GetREVID)
    i.HAL_GetTick                            0x08003a10   Section        0  stm32h7xx_hal.o(i.HAL_GetTick)
    i.HAL_IncTick                            0x08003a1c   Section        0  stm32h7xx_hal.o(i.HAL_IncTick)
    i.HAL_Init                               0x08003a34   Section        0  stm32h7xx_hal.o(i.HAL_Init)
    i.HAL_InitTick                           0x08003a94   Section        0  stm32h7xx_hal.o(i.HAL_InitTick)
    i.HAL_MPU_ConfigRegion                   0x08003aec   Section        0  stm32h7xx_hal_cortex.o(i.HAL_MPU_ConfigRegion)
    i.HAL_MPU_Disable                        0x08003b48   Section        0  stm32h7xx_hal_cortex.o(i.HAL_MPU_Disable)
    i.HAL_MPU_Enable                         0x08003b74   Section        0  stm32h7xx_hal_cortex.o(i.HAL_MPU_Enable)
    i.HAL_MspInit                            0x08003bb4   Section        0  stm32h7xx_hal_msp.o(i.HAL_MspInit)
    i.HAL_NVIC_EnableIRQ                     0x08003bd8   Section        0  stm32h7xx_hal_cortex.o(i.HAL_NVIC_EnableIRQ)
    i.HAL_NVIC_SetPriority                   0x08003c00   Section        0  stm32h7xx_hal_cortex.o(i.HAL_NVIC_SetPriority)
    i.HAL_NVIC_SetPriorityGrouping           0x08003c7c   Section        0  stm32h7xx_hal_cortex.o(i.HAL_NVIC_SetPriorityGrouping)
    i.HAL_PWREx_ConfigSupply                 0x08003ca4   Section        0  stm32h7xx_hal_pwr_ex.o(i.HAL_PWREx_ConfigSupply)
    i.HAL_RCCEx_GetD3PCLK1Freq               0x08003d04   Section        0  stm32h7xx_hal_rcc_ex.o(i.HAL_RCCEx_GetD3PCLK1Freq)
    i.HAL_RCCEx_GetPLL1ClockFreq             0x08003d28   Section        0  stm32h7xx_hal_rcc_ex.o(i.HAL_RCCEx_GetPLL1ClockFreq)
    i.HAL_RCCEx_GetPLL2ClockFreq             0x08003f58   Section        0  stm32h7xx_hal_rcc_ex.o(i.HAL_RCCEx_GetPLL2ClockFreq)
    i.HAL_RCCEx_GetPLL3ClockFreq             0x08004188   Section        0  stm32h7xx_hal_rcc_ex.o(i.HAL_RCCEx_GetPLL3ClockFreq)
    i.HAL_RCCEx_GetPeriphCLKFreq             0x080043b8   Section        0  stm32h7xx_hal_rcc_ex.o(i.HAL_RCCEx_GetPeriphCLKFreq)
    i.HAL_RCCEx_PeriphCLKConfig              0x08004c68   Section        0  stm32h7xx_hal_rcc_ex.o(i.HAL_RCCEx_PeriphCLKConfig)
    i.HAL_RCC_ClockConfig                    0x080059d0   Section        0  stm32h7xx_hal_rcc.o(i.HAL_RCC_ClockConfig)
    i.HAL_RCC_GetHCLKFreq                    0x08005cf0   Section        0  stm32h7xx_hal_rcc.o(i.HAL_RCC_GetHCLKFreq)
    i.HAL_RCC_GetPCLK1Freq                   0x08005d3c   Section        0  stm32h7xx_hal_rcc.o(i.HAL_RCC_GetPCLK1Freq)
    i.HAL_RCC_GetPCLK2Freq                   0x08005d60   Section        0  stm32h7xx_hal_rcc.o(i.HAL_RCC_GetPCLK2Freq)
    i.HAL_RCC_GetSysClockFreq                0x08005d84   Section        0  stm32h7xx_hal_rcc.o(i.HAL_RCC_GetSysClockFreq)
    i.HAL_RCC_OscConfig                      0x08005fb0   Section        0  stm32h7xx_hal_rcc.o(i.HAL_RCC_OscConfig)
    i.HAL_SYSTICK_Config                     0x08006808   Section        0  stm32h7xx_hal_cortex.o(i.HAL_SYSTICK_Config)
    i.HAL_TIMEx_Break2Callback               0x0800683c   Section        0  stm32h7xx_hal_tim_ex.o(i.HAL_TIMEx_Break2Callback)
    i.HAL_TIMEx_BreakCallback                0x0800683e   Section        0  stm32h7xx_hal_tim_ex.o(i.HAL_TIMEx_BreakCallback)
    i.HAL_TIMEx_CommutCallback               0x08006840   Section        0  stm32h7xx_hal_tim_ex.o(i.HAL_TIMEx_CommutCallback)
    i.HAL_TIMEx_MasterConfigSynchronization  0x08006844   Section        0  stm32h7xx_hal_tim_ex.o(i.HAL_TIMEx_MasterConfigSynchronization)
    i.HAL_TIM_Base_Init                      0x08006910   Section        0  stm32h7xx_hal_tim.o(i.HAL_TIM_Base_Init)
    i.HAL_TIM_Base_MspInit                   0x08006980   Section        0  tim.o(i.HAL_TIM_Base_MspInit)
    i.HAL_TIM_IC_CaptureCallback             0x08006b18   Section        0  tim.o(i.HAL_TIM_IC_CaptureCallback)
    i.HAL_TIM_IC_ConfigChannel               0x08006cd8   Section        0  stm32h7xx_hal_tim.o(i.HAL_TIM_IC_ConfigChannel)
    i.HAL_TIM_IC_Init                        0x08006db6   Section        0  stm32h7xx_hal_tim.o(i.HAL_TIM_IC_Init)
    i.HAL_TIM_IC_MspInit                     0x08006e24   Section        0  stm32h7xx_hal_tim.o(i.HAL_TIM_IC_MspInit)
    i.HAL_TIM_IC_Start_IT                    0x08006e28   Section        0  stm32h7xx_hal_tim.o(i.HAL_TIM_IC_Start_IT)
    i.HAL_TIM_IRQHandler                     0x08006ff0   Section        0  stm32h7xx_hal_tim.o(i.HAL_TIM_IRQHandler)
    i.HAL_TIM_MspPostInit                    0x080071a8   Section        0  tim.o(i.HAL_TIM_MspPostInit)
    i.HAL_TIM_OC_DelayElapsedCallback        0x08007200   Section        0  stm32h7xx_hal_tim.o(i.HAL_TIM_OC_DelayElapsedCallback)
    i.HAL_TIM_PWM_ConfigChannel              0x08007202   Section        0  stm32h7xx_hal_tim.o(i.HAL_TIM_PWM_ConfigChannel)
    i.HAL_TIM_PWM_Init                       0x08007372   Section        0  stm32h7xx_hal_tim.o(i.HAL_TIM_PWM_Init)
    i.HAL_TIM_PWM_MspInit                    0x080073e0   Section        0  tim.o(i.HAL_TIM_PWM_MspInit)
    i.HAL_TIM_PWM_PulseFinishedCallback      0x0800740c   Section        0  stm32h7xx_hal_tim.o(i.HAL_TIM_PWM_PulseFinishedCallback)
    i.HAL_TIM_PWM_Start                      0x08007410   Section        0  stm32h7xx_hal_tim.o(i.HAL_TIM_PWM_Start)
    i.HAL_TIM_PeriodElapsedCallback          0x08007574   Section        0  stm32h7xx_hal_tim.o(i.HAL_TIM_PeriodElapsedCallback)
    i.HAL_TIM_SlaveConfigSynchro             0x08007576   Section        0  stm32h7xx_hal_tim.o(i.HAL_TIM_SlaveConfigSynchro)
    i.HAL_TIM_TriggerCallback                0x080075e2   Section        0  stm32h7xx_hal_tim.o(i.HAL_TIM_TriggerCallback)
    i.HAL_UARTEx_DisableFifoMode             0x080075e4   Section        0  stm32h7xx_hal_uart_ex.o(i.HAL_UARTEx_DisableFifoMode)
    i.HAL_UARTEx_RxEventCallback             0x08007632   Section        0  stm32h7xx_hal_uart.o(i.HAL_UARTEx_RxEventCallback)
    i.HAL_UARTEx_RxFifoFullCallback          0x08007634   Section        0  stm32h7xx_hal_uart_ex.o(i.HAL_UARTEx_RxFifoFullCallback)
    i.HAL_UARTEx_SetRxFifoThreshold          0x08007636   Section        0  stm32h7xx_hal_uart_ex.o(i.HAL_UARTEx_SetRxFifoThreshold)
    i.HAL_UARTEx_SetTxFifoThreshold          0x08007694   Section        0  stm32h7xx_hal_uart_ex.o(i.HAL_UARTEx_SetTxFifoThreshold)
    i.HAL_UARTEx_TxFifoEmptyCallback         0x080076f2   Section        0  stm32h7xx_hal_uart_ex.o(i.HAL_UARTEx_TxFifoEmptyCallback)
    i.HAL_UARTEx_WakeupCallback              0x080076f4   Section        0  stm32h7xx_hal_uart_ex.o(i.HAL_UARTEx_WakeupCallback)
    i.HAL_UART_ErrorCallback                 0x080076f6   Section        0  stm32h7xx_hal_uart.o(i.HAL_UART_ErrorCallback)
    i.HAL_UART_IRQHandler                    0x080076f8   Section        0  stm32h7xx_hal_uart.o(i.HAL_UART_IRQHandler)
    i.HAL_UART_Init                          0x08007b8c   Section        0  stm32h7xx_hal_uart.o(i.HAL_UART_Init)
    i.HAL_UART_MspInit                       0x08007c04   Section        0  usart.o(i.HAL_UART_MspInit)
    i.HAL_UART_Transmit_DMA                  0x08007d00   Section        0  stm32h7xx_hal_uart.o(i.HAL_UART_Transmit_DMA)
    i.HAL_UART_TxCpltCallback                0x08007da0   Section        0  stm32h7xx_hal_uart.o(i.HAL_UART_TxCpltCallback)
    i.HAL_UART_TxHalfCpltCallback            0x08007da2   Section        0  stm32h7xx_hal_uart.o(i.HAL_UART_TxHalfCpltCallback)
    i.HardFault_Handler                      0x08007da4   Section        0  stm32h7xx_it.o(i.HardFault_Handler)
    i.LL_ADC_Enable                          0x08007da8   Section        0  stm32h7xx_hal_adc.o(i.LL_ADC_Enable)
    LL_ADC_Enable                            0x08007da9   Thumb Code    12  stm32h7xx_hal_adc.o(i.LL_ADC_Enable)
    i.LL_ADC_GetMultiDMATransfer             0x08007db8   Section        0  stm32h7xx_hal_adc.o(i.LL_ADC_GetMultiDMATransfer)
    LL_ADC_GetMultiDMATransfer               0x08007db9   Thumb Code    10  stm32h7xx_hal_adc.o(i.LL_ADC_GetMultiDMATransfer)
    i.LL_ADC_GetMultimode                    0x08007dc2   Section        0  stm32h7xx_hal_adc.o(i.LL_ADC_GetMultimode)
    LL_ADC_GetMultimode                      0x08007dc3   Thumb Code    10  stm32h7xx_hal_adc.o(i.LL_ADC_GetMultimode)
    i.LL_ADC_INJ_IsConversionOngoing         0x08007dcc   Section        0  stm32h7xx_hal_adc.o(i.LL_ADC_INJ_IsConversionOngoing)
    LL_ADC_INJ_IsConversionOngoing           0x08007dcd   Thumb Code    10  stm32h7xx_hal_adc.o(i.LL_ADC_INJ_IsConversionOngoing)
    i.LL_ADC_IsEnabled                       0x08007dd6   Section        0  stm32h7xx_hal_adc.o(i.LL_ADC_IsEnabled)
    LL_ADC_IsEnabled                         0x08007dd7   Thumb Code    10  stm32h7xx_hal_adc.o(i.LL_ADC_IsEnabled)
    i.LL_ADC_IsEnabled                       0x08007de0   Section        0  stm32h7xx_hal_adc_ex.o(i.LL_ADC_IsEnabled)
    LL_ADC_IsEnabled                         0x08007de1   Thumb Code    10  stm32h7xx_hal_adc_ex.o(i.LL_ADC_IsEnabled)
    i.LL_ADC_IsInternalRegulatorEnabled      0x08007dea   Section        0  stm32h7xx_hal_adc.o(i.LL_ADC_IsInternalRegulatorEnabled)
    LL_ADC_IsInternalRegulatorEnabled        0x08007deb   Thumb Code    10  stm32h7xx_hal_adc.o(i.LL_ADC_IsInternalRegulatorEnabled)
    i.LL_ADC_REG_IsConversionOngoing         0x08007df4   Section        0  stm32h7xx_hal_adc.o(i.LL_ADC_REG_IsConversionOngoing)
    LL_ADC_REG_IsConversionOngoing           0x08007df5   Thumb Code    10  stm32h7xx_hal_adc.o(i.LL_ADC_REG_IsConversionOngoing)
    i.LL_ADC_REG_IsConversionOngoing         0x08007dfe   Section        0  stm32h7xx_hal_adc_ex.o(i.LL_ADC_REG_IsConversionOngoing)
    LL_ADC_REG_IsConversionOngoing           0x08007dff   Thumb Code    10  stm32h7xx_hal_adc_ex.o(i.LL_ADC_REG_IsConversionOngoing)
    i.LL_ADC_REG_IsTriggerSourceSWStart      0x08007e08   Section        0  stm32h7xx_hal_adc.o(i.LL_ADC_REG_IsTriggerSourceSWStart)
    LL_ADC_REG_IsTriggerSourceSWStart        0x08007e09   Thumb Code    18  stm32h7xx_hal_adc.o(i.LL_ADC_REG_IsTriggerSourceSWStart)
    i.LL_ADC_REG_StartConversion             0x08007e1c   Section        0  stm32h7xx_hal_adc.o(i.LL_ADC_REG_StartConversion)
    LL_ADC_REG_StartConversion               0x08007e1d   Thumb Code    12  stm32h7xx_hal_adc.o(i.LL_ADC_REG_StartConversion)
    i.LL_ADC_SetChannelSamplingTime          0x08007e2c   Section        0  stm32h7xx_hal_adc.o(i.LL_ADC_SetChannelSamplingTime)
    LL_ADC_SetChannelSamplingTime            0x08007e2d   Thumb Code    40  stm32h7xx_hal_adc.o(i.LL_ADC_SetChannelSamplingTime)
    i.LL_ADC_SetCommonPathInternalCh         0x08007e54   Section        0  stm32h7xx_hal_adc.o(i.LL_ADC_SetCommonPathInternalCh)
    LL_ADC_SetCommonPathInternalCh           0x08007e55   Thumb Code    12  stm32h7xx_hal_adc.o(i.LL_ADC_SetCommonPathInternalCh)
    i.MPU_Config                             0x08007e60   Section        0  main.o(i.MPU_Config)
    MPU_Config                               0x08007e61   Thumb Code    92  main.o(i.MPU_Config)
    i.MX_ADC1_Init                           0x08007ebc   Section        0  adc.o(i.MX_ADC1_Init)
    i.MX_DMA_Init                            0x08007f78   Section        0  dma.o(i.MX_DMA_Init)
    i.MX_GPIO_Init                           0x08007fac   Section        0  gpio.o(i.MX_GPIO_Init)
    i.MX_TIM12_Init                          0x08008090   Section        0  tim.o(i.MX_TIM12_Init)
    i.MX_TIM1_Init                           0x08008144   Section        0  tim.o(i.MX_TIM1_Init)
    i.MX_TIM2_Init                           0x080081f8   Section        0  tim.o(i.MX_TIM2_Init)
    i.MX_TIM3_Init                           0x08008274   Section        0  tim.o(i.MX_TIM3_Init)
    i.MX_USART1_UART_Init                    0x08008324   Section        0  usart.o(i.MX_USART1_UART_Init)
    i.MemManage_Handler                      0x08008390   Section        0  stm32h7xx_it.o(i.MemManage_Handler)
    i.NMI_Handler                            0x08008394   Section        0  stm32h7xx_it.o(i.NMI_Handler)
    i.PendSV_Handler                         0x08008398   Section        0  stm32h7xx_it.o(i.PendSV_Handler)
    i.PeriphCommonClock_Config               0x0800839a   Section        0  main.o(i.PeriphCommonClock_Config)
    i.RCCEx_PLL2_Config                      0x080083c4   Section        0  stm32h7xx_hal_rcc_ex.o(i.RCCEx_PLL2_Config)
    RCCEx_PLL2_Config                        0x080083c5   Thumb Code   350  stm32h7xx_hal_rcc_ex.o(i.RCCEx_PLL2_Config)
    i.RCCEx_PLL3_Config                      0x08008528   Section        0  stm32h7xx_hal_rcc_ex.o(i.RCCEx_PLL3_Config)
    RCCEx_PLL3_Config                        0x08008529   Thumb Code   350  stm32h7xx_hal_rcc_ex.o(i.RCCEx_PLL3_Config)
    i.RCCdelay_us                            0x0800868c   Section        0  main.o(i.RCCdelay_us)
    i.SVC_Handler                            0x080086a8   Section        0  stm32h7xx_it.o(i.SVC_Handler)
    i.SysTick_Handler                        0x080086aa   Section        0  stm32h7xx_it.o(i.SysTick_Handler)
    i.SystemClock_Config                     0x080086b4   Section        0  main.o(i.SystemClock_Config)
    i.SystemInit                             0x080087f0   Section        0  system_stm32h7xx.o(i.SystemInit)
    i.TIM1_CC_IRQHandler                     0x080088ec   Section        0  stm32h7xx_it.o(i.TIM1_CC_IRQHandler)
    i.TIM1_TRG_COM_IRQHandler                0x080088fc   Section        0  stm32h7xx_it.o(i.TIM1_TRG_COM_IRQHandler)
    i.TIM3_IRQHandler                        0x0800890c   Section        0  stm32h7xx_it.o(i.TIM3_IRQHandler)
    i.TIM8_BRK_TIM12_IRQHandler              0x0800891c   Section        0  stm32h7xx_it.o(i.TIM8_BRK_TIM12_IRQHandler)
    i.TIM_Base_SetConfig                     0x0800892c   Section        0  stm32h7xx_hal_tim.o(i.TIM_Base_SetConfig)
    i.TIM_CCxChannelCmd                      0x080089f8   Section        0  stm32h7xx_hal_tim.o(i.TIM_CCxChannelCmd)
    i.TIM_ETR_SetConfig                      0x08008a1a   Section        0  stm32h7xx_hal_tim.o(i.TIM_ETR_SetConfig)
    i.TIM_OC1_SetConfig                      0x08008a30   Section        0  stm32h7xx_hal_tim.o(i.TIM_OC1_SetConfig)
    TIM_OC1_SetConfig                        0x08008a31   Thumb Code   146  stm32h7xx_hal_tim.o(i.TIM_OC1_SetConfig)
    i.TIM_OC2_SetConfig                      0x08008adc   Section        0  stm32h7xx_hal_tim.o(i.TIM_OC2_SetConfig)
    i.TIM_OC3_SetConfig                      0x08008b90   Section        0  stm32h7xx_hal_tim.o(i.TIM_OC3_SetConfig)
    TIM_OC3_SetConfig                        0x08008b91   Thumb Code   154  stm32h7xx_hal_tim.o(i.TIM_OC3_SetConfig)
    i.TIM_OC4_SetConfig                      0x08008c44   Section        0  stm32h7xx_hal_tim.o(i.TIM_OC4_SetConfig)
    TIM_OC4_SetConfig                        0x08008c45   Thumb Code    92  stm32h7xx_hal_tim.o(i.TIM_OC4_SetConfig)
    i.TIM_OC5_SetConfig                      0x08008cb8   Section        0  stm32h7xx_hal_tim.o(i.TIM_OC5_SetConfig)
    TIM_OC5_SetConfig                        0x08008cb9   Thumb Code    86  stm32h7xx_hal_tim.o(i.TIM_OC5_SetConfig)
    i.TIM_OC6_SetConfig                      0x08008d28   Section        0  stm32h7xx_hal_tim.o(i.TIM_OC6_SetConfig)
    TIM_OC6_SetConfig                        0x08008d29   Thumb Code    88  stm32h7xx_hal_tim.o(i.TIM_OC6_SetConfig)
    i.TIM_SlaveTimer_SetConfig               0x08008d98   Section        0  stm32h7xx_hal_tim.o(i.TIM_SlaveTimer_SetConfig)
    TIM_SlaveTimer_SetConfig                 0x08008d99   Thumb Code   278  stm32h7xx_hal_tim.o(i.TIM_SlaveTimer_SetConfig)
    i.TIM_TI1_ConfigInputStage               0x08008ec0   Section        0  stm32h7xx_hal_tim.o(i.TIM_TI1_ConfigInputStage)
    TIM_TI1_ConfigInputStage                 0x08008ec1   Thumb Code    38  stm32h7xx_hal_tim.o(i.TIM_TI1_ConfigInputStage)
    i.TIM_TI1_SetConfig                      0x08008ee8   Section        0  stm32h7xx_hal_tim.o(i.TIM_TI1_SetConfig)
    i.TIM_TI2_ConfigInputStage               0x08008f78   Section        0  stm32h7xx_hal_tim.o(i.TIM_TI2_ConfigInputStage)
    TIM_TI2_ConfigInputStage                 0x08008f79   Thumb Code    40  stm32h7xx_hal_tim.o(i.TIM_TI2_ConfigInputStage)
    i.TIM_TI2_SetConfig                      0x08008fa0   Section        0  stm32h7xx_hal_tim.o(i.TIM_TI2_SetConfig)
    TIM_TI2_SetConfig                        0x08008fa1   Thumb Code    58  stm32h7xx_hal_tim.o(i.TIM_TI2_SetConfig)
    i.TIM_TI3_SetConfig                      0x08008fda   Section        0  stm32h7xx_hal_tim.o(i.TIM_TI3_SetConfig)
    TIM_TI3_SetConfig                        0x08008fdb   Thumb Code    56  stm32h7xx_hal_tim.o(i.TIM_TI3_SetConfig)
    i.TIM_TI4_SetConfig                      0x08009012   Section        0  stm32h7xx_hal_tim.o(i.TIM_TI4_SetConfig)
    TIM_TI4_SetConfig                        0x08009013   Thumb Code    60  stm32h7xx_hal_tim.o(i.TIM_TI4_SetConfig)
    i.UARTEx_SetNbDataToProcess              0x08009050   Section        0  stm32h7xx_hal_uart_ex.o(i.UARTEx_SetNbDataToProcess)
    UARTEx_SetNbDataToProcess                0x08009051   Thumb Code    78  stm32h7xx_hal_uart_ex.o(i.UARTEx_SetNbDataToProcess)
    i.UART_AdvFeatureConfig                  0x080090a8   Section        0  stm32h7xx_hal_uart.o(i.UART_AdvFeatureConfig)
    i.UART_CheckIdleState                    0x080091a0   Section        0  stm32h7xx_hal_uart.o(i.UART_CheckIdleState)
    i.UART_DMAAbortOnError                   0x0800928a   Section        0  stm32h7xx_hal_uart.o(i.UART_DMAAbortOnError)
    UART_DMAAbortOnError                     0x0800928b   Thumb Code    24  stm32h7xx_hal_uart.o(i.UART_DMAAbortOnError)
    i.UART_DMAError                          0x080092a2   Section        0  stm32h7xx_hal_uart.o(i.UART_DMAError)
    UART_DMAError                            0x080092a3   Thumb Code    94  stm32h7xx_hal_uart.o(i.UART_DMAError)
    i.UART_DMATransmitCplt                   0x08009300   Section        0  stm32h7xx_hal_uart.o(i.UART_DMATransmitCplt)
    UART_DMATransmitCplt                     0x08009301   Thumb Code    84  stm32h7xx_hal_uart.o(i.UART_DMATransmitCplt)
    i.UART_DMATxHalfCplt                     0x08009354   Section        0  stm32h7xx_hal_uart.o(i.UART_DMATxHalfCplt)
    UART_DMATxHalfCplt                       0x08009355   Thumb Code    14  stm32h7xx_hal_uart.o(i.UART_DMATxHalfCplt)
    i.UART_EndRxTransfer                     0x08009364   Section        0  stm32h7xx_hal_uart.o(i.UART_EndRxTransfer)
    UART_EndRxTransfer                       0x08009365   Thumb Code   104  stm32h7xx_hal_uart.o(i.UART_EndRxTransfer)
    i.UART_EndTransmit_IT                    0x080093d0   Section        0  stm32h7xx_hal_uart.o(i.UART_EndTransmit_IT)
    UART_EndTransmit_IT                      0x080093d1   Thumb Code    48  stm32h7xx_hal_uart.o(i.UART_EndTransmit_IT)
    i.UART_EndTxTransfer                     0x08009400   Section        0  stm32h7xx_hal_uart.o(i.UART_EndTxTransfer)
    UART_EndTxTransfer                       0x08009401   Thumb Code    64  stm32h7xx_hal_uart.o(i.UART_EndTxTransfer)
    i.UART_SetConfig                         0x08009440   Section        0  stm32h7xx_hal_uart.o(i.UART_SetConfig)
    i.UART_WaitOnFlagUntilTimeout            0x080099cc   Section        0  stm32h7xx_hal_uart.o(i.UART_WaitOnFlagUntilTimeout)
    i.USART1_IRQHandler                      0x08009a70   Section        0  stm32h7xx_it.o(i.USART1_IRQHandler)
    i.UsageFault_Handler                     0x08009a80   Section        0  stm32h7xx_it.o(i.UsageFault_Handler)
    i.__NVIC_GetPriorityGrouping             0x08009a84   Section        0  stm32h7xx_hal_cortex.o(i.__NVIC_GetPriorityGrouping)
    __NVIC_GetPriorityGrouping               0x08009a85   Thumb Code    10  stm32h7xx_hal_cortex.o(i.__NVIC_GetPriorityGrouping)
    i.__NVIC_SetPriority                     0x08009a94   Section        0  stm32h7xx_hal_cortex.o(i.__NVIC_SetPriority)
    __NVIC_SetPriority                       0x08009a95   Thumb Code    32  stm32h7xx_hal_cortex.o(i.__NVIC_SetPriority)
    i.__scatterload_copy                     0x08009abc   Section       14  handlers.o(i.__scatterload_copy)
    i.__scatterload_null                     0x08009aca   Section        2  handlers.o(i.__scatterload_null)
    i.__scatterload_zeroinit                 0x08009acc   Section       14  handlers.o(i.__scatterload_zeroinit)
    i.main                                   0x08009adc   Section        0  main.o(i.main)
    .constdata                               0x08009d60   Section        8  stm32h7xx_hal_dma.o(.constdata)
    flagBitshiftOffset                       0x08009d60   Data           8  stm32h7xx_hal_dma.o(.constdata)
    .constdata                               0x08009d68   Section       24  stm32h7xx_hal_uart.o(.constdata)
    .constdata                               0x08009d80   Section       16  stm32h7xx_hal_uart_ex.o(.constdata)
    numerator                                0x08009d80   Data           8  stm32h7xx_hal_uart_ex.o(.constdata)
    denominator                              0x08009d88   Data           8  stm32h7xx_hal_uart_ex.o(.constdata)
    .constdata                               0x08009d90   Section       16  system_stm32h7xx.o(.constdata)
    .data                                    0x24000000   Section       18  main.o(.data)
    .data                                    0x24000014   Section        4  tim.o(.data)
    .data                                    0x24000018   Section        9  stm32h7xx_hal.o(.data)
    .data                                    0x24000024   Section        8  system_stm32h7xx.o(.data)
    .bss                                     0x2400002c   Section     4112  main.o(.bss)
    temp                                     0x2400002c   Data        1040  main.o(.bss)
    temp16                                   0x2400043c   Data        1024  main.o(.bss)
    temp16_2                                 0x2400083c   Data        2048  main.o(.bss)
    .bss                                     0x2400103c   Section      100  adc.o(.bss)
    .bss                                     0x240010a0   Section     3464  tim.o(.bss)
    .bss                                     0x24001e28   Section      268  usart.o(.bss)
    STACK                                    0x24001f38   Section     1024  startup_stm32h750xx.o(STACK)

    Global Symbols

    Symbol Name                              Value     Ov Type        Size  Object(Section)

    BuildAttributes$$THM_ISAv4$E$P$D$K$B$S$7EM$VFPv5_D16$PE$PLD8$A:L22UL41UL21$X:L11$S22US41US21$IEEE1$IW$USESV6$~STKCKD$USESV7$~SHL$OSPACE$EBA8$MICROLIB$REQ8$PRES8$EABIv2 0x00000000   Number         0  anon$$obj.o ABSOLUTE
    __ARM_use_no_argv                        0x00000000   Number         0  main.o ABSOLUTE
    __arm_fini_                               - Undefined Weak Reference
    __cpp_initialize__aeabi_                  - Undefined Weak Reference
    __cxa_finalize                            - Undefined Weak Reference
    __decompress                              - Undefined Weak Reference
    _clock_init                               - Undefined Weak Reference
    _microlib_exit                            - Undefined Weak Reference
    __Vectors_Size                           0x00000298   Number         0  startup_stm32h750xx.o ABSOLUTE
    __Vectors                                0x08000000   Data           4  startup_stm32h750xx.o(RESET)
    __Vectors_End                            0x08000298   Data           0  startup_stm32h750xx.o(RESET)
    __main                                   0x08000299   Thumb Code     0  entry.o(.ARM.Collect$$$$00000000)
    _main_stk                                0x08000299   Thumb Code     0  entry2.o(.ARM.Collect$$$$00000001)
    _main_scatterload                        0x0800029d   Thumb Code     0  entry5.o(.ARM.Collect$$$$00000004)
    __main_after_scatterload                 0x080002a1   Thumb Code     0  entry5.o(.ARM.Collect$$$$00000004)
    _main_clock                              0x080002a1   Thumb Code     0  entry7b.o(.ARM.Collect$$$$00000008)
    _main_cpp_init                           0x080002a1   Thumb Code     0  entry8b.o(.ARM.Collect$$$$0000000A)
    _main_init                               0x080002a1   Thumb Code     0  entry9a.o(.ARM.Collect$$$$0000000B)
    __rt_lib_shutdown_fini                   0x080002a9   Thumb Code     0  entry12b.o(.ARM.Collect$$$$0000000E)
    __rt_final_cpp                           0x080002ad   Thumb Code     0  entry10a.o(.ARM.Collect$$$$0000000F)
    __rt_final_exit                          0x080002ad   Thumb Code     0  entry11a.o(.ARM.Collect$$$$00000011)
    Reset_Handler                            0x080002b1   Thumb Code     8  startup_stm32h750xx.o(.text)
    ADC3_IRQHandler                          0x080002cb   Thumb Code     0  startup_stm32h750xx.o(.text)
    BDMA_Channel0_IRQHandler                 0x080002cb   Thumb Code     0  startup_stm32h750xx.o(.text)
    BDMA_Channel1_IRQHandler                 0x080002cb   Thumb Code     0  startup_stm32h750xx.o(.text)
    BDMA_Channel2_IRQHandler                 0x080002cb   Thumb Code     0  startup_stm32h750xx.o(.text)
    BDMA_Channel3_IRQHandler                 0x080002cb   Thumb Code     0  startup_stm32h750xx.o(.text)
    BDMA_Channel4_IRQHandler                 0x080002cb   Thumb Code     0  startup_stm32h750xx.o(.text)
    BDMA_Channel5_IRQHandler                 0x080002cb   Thumb Code     0  startup_stm32h750xx.o(.text)
    BDMA_Channel6_IRQHandler                 0x080002cb   Thumb Code     0  startup_stm32h750xx.o(.text)
    BDMA_Channel7_IRQHandler                 0x080002cb   Thumb Code     0  startup_stm32h750xx.o(.text)
    CEC_IRQHandler                           0x080002cb   Thumb Code     0  startup_stm32h750xx.o(.text)
    COMP1_IRQHandler                         0x080002cb   Thumb Code     0  startup_stm32h750xx.o(.text)
    CRS_IRQHandler                           0x080002cb   Thumb Code     0  startup_stm32h750xx.o(.text)
    CRYP_IRQHandler                          0x080002cb   Thumb Code     0  startup_stm32h750xx.o(.text)
    DCMI_IRQHandler                          0x080002cb   Thumb Code     0  startup_stm32h750xx.o(.text)
    DFSDM1_FLT0_IRQHandler                   0x080002cb   Thumb Code     0  startup_stm32h750xx.o(.text)
    DFSDM1_FLT1_IRQHandler                   0x080002cb   Thumb Code     0  startup_stm32h750xx.o(.text)
    DFSDM1_FLT2_IRQHandler                   0x080002cb   Thumb Code     0  startup_stm32h750xx.o(.text)
    DFSDM1_FLT3_IRQHandler                   0x080002cb   Thumb Code     0  startup_stm32h750xx.o(.text)
    DMA1_Stream1_IRQHandler                  0x080002cb   Thumb Code     0  startup_stm32h750xx.o(.text)
    DMA1_Stream2_IRQHandler                  0x080002cb   Thumb Code     0  startup_stm32h750xx.o(.text)
    DMA1_Stream3_IRQHandler                  0x080002cb   Thumb Code     0  startup_stm32h750xx.o(.text)
    DMA1_Stream4_IRQHandler                  0x080002cb   Thumb Code     0  startup_stm32h750xx.o(.text)
    DMA1_Stream5_IRQHandler                  0x080002cb   Thumb Code     0  startup_stm32h750xx.o(.text)
    DMA1_Stream6_IRQHandler                  0x080002cb   Thumb Code     0  startup_stm32h750xx.o(.text)
    DMA1_Stream7_IRQHandler                  0x080002cb   Thumb Code     0  startup_stm32h750xx.o(.text)
    DMA2D_IRQHandler                         0x080002cb   Thumb Code     0  startup_stm32h750xx.o(.text)
    DMA2_Stream0_IRQHandler                  0x080002cb   Thumb Code     0  startup_stm32h750xx.o(.text)
    DMA2_Stream1_IRQHandler                  0x080002cb   Thumb Code     0  startup_stm32h750xx.o(.text)
    DMA2_Stream2_IRQHandler                  0x080002cb   Thumb Code     0  startup_stm32h750xx.o(.text)
    DMA2_Stream3_IRQHandler                  0x080002cb   Thumb Code     0  startup_stm32h750xx.o(.text)
    DMA2_Stream4_IRQHandler                  0x080002cb   Thumb Code     0  startup_stm32h750xx.o(.text)
    DMA2_Stream5_IRQHandler                  0x080002cb   Thumb Code     0  startup_stm32h750xx.o(.text)
    DMA2_Stream6_IRQHandler                  0x080002cb   Thumb Code     0  startup_stm32h750xx.o(.text)
    DMA2_Stream7_IRQHandler                  0x080002cb   Thumb Code     0  startup_stm32h750xx.o(.text)
    DMAMUX1_OVR_IRQHandler                   0x080002cb   Thumb Code     0  startup_stm32h750xx.o(.text)
    DMAMUX2_OVR_IRQHandler                   0x080002cb   Thumb Code     0  startup_stm32h750xx.o(.text)
    ECC_IRQHandler                           0x080002cb   Thumb Code     0  startup_stm32h750xx.o(.text)
    ETH_IRQHandler                           0x080002cb   Thumb Code     0  startup_stm32h750xx.o(.text)
    ETH_WKUP_IRQHandler                      0x080002cb   Thumb Code     0  startup_stm32h750xx.o(.text)
    EXTI0_IRQHandler                         0x080002cb   Thumb Code     0  startup_stm32h750xx.o(.text)
    EXTI15_10_IRQHandler                     0x080002cb   Thumb Code     0  startup_stm32h750xx.o(.text)
    EXTI1_IRQHandler                         0x080002cb   Thumb Code     0  startup_stm32h750xx.o(.text)
    EXTI2_IRQHandler                         0x080002cb   Thumb Code     0  startup_stm32h750xx.o(.text)
    EXTI3_IRQHandler                         0x080002cb   Thumb Code     0  startup_stm32h750xx.o(.text)
    EXTI4_IRQHandler                         0x080002cb   Thumb Code     0  startup_stm32h750xx.o(.text)
    EXTI9_5_IRQHandler                       0x080002cb   Thumb Code     0  startup_stm32h750xx.o(.text)
    FDCAN1_IT0_IRQHandler                    0x080002cb   Thumb Code     0  startup_stm32h750xx.o(.text)
    FDCAN1_IT1_IRQHandler                    0x080002cb   Thumb Code     0  startup_stm32h750xx.o(.text)
    FDCAN2_IT0_IRQHandler                    0x080002cb   Thumb Code     0  startup_stm32h750xx.o(.text)
    FDCAN2_IT1_IRQHandler                    0x080002cb   Thumb Code     0  startup_stm32h750xx.o(.text)
    FDCAN_CAL_IRQHandler                     0x080002cb   Thumb Code     0  startup_stm32h750xx.o(.text)
    FLASH_IRQHandler                         0x080002cb   Thumb Code     0  startup_stm32h750xx.o(.text)
    FMC_IRQHandler                           0x080002cb   Thumb Code     0  startup_stm32h750xx.o(.text)
    FPU_IRQHandler                           0x080002cb   Thumb Code     0  startup_stm32h750xx.o(.text)
    HASH_RNG_IRQHandler                      0x080002cb   Thumb Code     0  startup_stm32h750xx.o(.text)
    HRTIM1_FLT_IRQHandler                    0x080002cb   Thumb Code     0  startup_stm32h750xx.o(.text)
    HRTIM1_Master_IRQHandler                 0x080002cb   Thumb Code     0  startup_stm32h750xx.o(.text)
    HRTIM1_TIMA_IRQHandler                   0x080002cb   Thumb Code     0  startup_stm32h750xx.o(.text)
    HRTIM1_TIMB_IRQHandler                   0x080002cb   Thumb Code     0  startup_stm32h750xx.o(.text)
    HRTIM1_TIMC_IRQHandler                   0x080002cb   Thumb Code     0  startup_stm32h750xx.o(.text)
    HRTIM1_TIMD_IRQHandler                   0x080002cb   Thumb Code     0  startup_stm32h750xx.o(.text)
    HRTIM1_TIME_IRQHandler                   0x080002cb   Thumb Code     0  startup_stm32h750xx.o(.text)
    HSEM1_IRQHandler                         0x080002cb   Thumb Code     0  startup_stm32h750xx.o(.text)
    I2C1_ER_IRQHandler                       0x080002cb   Thumb Code     0  startup_stm32h750xx.o(.text)
    I2C1_EV_IRQHandler                       0x080002cb   Thumb Code     0  startup_stm32h750xx.o(.text)
    I2C2_ER_IRQHandler                       0x080002cb   Thumb Code     0  startup_stm32h750xx.o(.text)
    I2C2_EV_IRQHandler                       0x080002cb   Thumb Code     0  startup_stm32h750xx.o(.text)
    I2C3_ER_IRQHandler                       0x080002cb   Thumb Code     0  startup_stm32h750xx.o(.text)
    I2C3_EV_IRQHandler                       0x080002cb   Thumb Code     0  startup_stm32h750xx.o(.text)
    I2C4_ER_IRQHandler                       0x080002cb   Thumb Code     0  startup_stm32h750xx.o(.text)
    I2C4_EV_IRQHandler                       0x080002cb   Thumb Code     0  startup_stm32h750xx.o(.text)
    JPEG_IRQHandler                          0x080002cb   Thumb Code     0  startup_stm32h750xx.o(.text)
    LPTIM1_IRQHandler                        0x080002cb   Thumb Code     0  startup_stm32h750xx.o(.text)
    LPTIM2_IRQHandler                        0x080002cb   Thumb Code     0  startup_stm32h750xx.o(.text)
    LPTIM3_IRQHandler                        0x080002cb   Thumb Code     0  startup_stm32h750xx.o(.text)
    LPTIM4_IRQHandler                        0x080002cb   Thumb Code     0  startup_stm32h750xx.o(.text)
    LPTIM5_IRQHandler                        0x080002cb   Thumb Code     0  startup_stm32h750xx.o(.text)
    LPUART1_IRQHandler                       0x080002cb   Thumb Code     0  startup_stm32h750xx.o(.text)
    LTDC_ER_IRQHandler                       0x080002cb   Thumb Code     0  startup_stm32h750xx.o(.text)
    LTDC_IRQHandler                          0x080002cb   Thumb Code     0  startup_stm32h750xx.o(.text)
    MDIOS_IRQHandler                         0x080002cb   Thumb Code     0  startup_stm32h750xx.o(.text)
    MDIOS_WKUP_IRQHandler                    0x080002cb   Thumb Code     0  startup_stm32h750xx.o(.text)
    MDMA_IRQHandler                          0x080002cb   Thumb Code     0  startup_stm32h750xx.o(.text)
    OTG_FS_EP1_IN_IRQHandler                 0x080002cb   Thumb Code     0  startup_stm32h750xx.o(.text)
    OTG_FS_EP1_OUT_IRQHandler                0x080002cb   Thumb Code     0  startup_stm32h750xx.o(.text)
    OTG_FS_IRQHandler                        0x080002cb   Thumb Code     0  startup_stm32h750xx.o(.text)
    OTG_FS_WKUP_IRQHandler                   0x080002cb   Thumb Code     0  startup_stm32h750xx.o(.text)
    OTG_HS_EP1_IN_IRQHandler                 0x080002cb   Thumb Code     0  startup_stm32h750xx.o(.text)
    OTG_HS_EP1_OUT_IRQHandler                0x080002cb   Thumb Code     0  startup_stm32h750xx.o(.text)
    OTG_HS_IRQHandler                        0x080002cb   Thumb Code     0  startup_stm32h750xx.o(.text)
    OTG_HS_WKUP_IRQHandler                   0x080002cb   Thumb Code     0  startup_stm32h750xx.o(.text)
    PVD_AVD_IRQHandler                       0x080002cb   Thumb Code     0  startup_stm32h750xx.o(.text)
    QUADSPI_IRQHandler                       0x080002cb   Thumb Code     0  startup_stm32h750xx.o(.text)
    RCC_IRQHandler                           0x080002cb   Thumb Code     0  startup_stm32h750xx.o(.text)
    RTC_Alarm_IRQHandler                     0x080002cb   Thumb Code     0  startup_stm32h750xx.o(.text)
    RTC_WKUP_IRQHandler                      0x080002cb   Thumb Code     0  startup_stm32h750xx.o(.text)
    SAI1_IRQHandler                          0x080002cb   Thumb Code     0  startup_stm32h750xx.o(.text)
    SAI2_IRQHandler                          0x080002cb   Thumb Code     0  startup_stm32h750xx.o(.text)
    SAI3_IRQHandler                          0x080002cb   Thumb Code     0  startup_stm32h750xx.o(.text)
    SAI4_IRQHandler                          0x080002cb   Thumb Code     0  startup_stm32h750xx.o(.text)
    SDMMC1_IRQHandler                        0x080002cb   Thumb Code     0  startup_stm32h750xx.o(.text)
    SDMMC2_IRQHandler                        0x080002cb   Thumb Code     0  startup_stm32h750xx.o(.text)
    SPDIF_RX_IRQHandler                      0x080002cb   Thumb Code     0  startup_stm32h750xx.o(.text)
    SPI1_IRQHandler                          0x080002cb   Thumb Code     0  startup_stm32h750xx.o(.text)
    SPI2_IRQHandler                          0x080002cb   Thumb Code     0  startup_stm32h750xx.o(.text)
    SPI3_IRQHandler                          0x080002cb   Thumb Code     0  startup_stm32h750xx.o(.text)
    SPI4_IRQHandler                          0x080002cb   Thumb Code     0  startup_stm32h750xx.o(.text)
    SPI5_IRQHandler                          0x080002cb   Thumb Code     0  startup_stm32h750xx.o(.text)
    SPI6_IRQHandler                          0x080002cb   Thumb Code     0  startup_stm32h750xx.o(.text)
    SWPMI1_IRQHandler                        0x080002cb   Thumb Code     0  startup_stm32h750xx.o(.text)
    TAMP_STAMP_IRQHandler                    0x080002cb   Thumb Code     0  startup_stm32h750xx.o(.text)
    TIM15_IRQHandler                         0x080002cb   Thumb Code     0  startup_stm32h750xx.o(.text)
    TIM16_IRQHandler                         0x080002cb   Thumb Code     0  startup_stm32h750xx.o(.text)
    TIM17_IRQHandler                         0x080002cb   Thumb Code     0  startup_stm32h750xx.o(.text)
    TIM1_BRK_IRQHandler                      0x080002cb   Thumb Code     0  startup_stm32h750xx.o(.text)
    TIM1_UP_IRQHandler                       0x080002cb   Thumb Code     0  startup_stm32h750xx.o(.text)
    TIM2_IRQHandler                          0x080002cb   Thumb Code     0  startup_stm32h750xx.o(.text)
    TIM4_IRQHandler                          0x080002cb   Thumb Code     0  startup_stm32h750xx.o(.text)
    TIM5_IRQHandler                          0x080002cb   Thumb Code     0  startup_stm32h750xx.o(.text)
    TIM6_DAC_IRQHandler                      0x080002cb   Thumb Code     0  startup_stm32h750xx.o(.text)
    TIM7_IRQHandler                          0x080002cb   Thumb Code     0  startup_stm32h750xx.o(.text)
    TIM8_CC_IRQHandler                       0x080002cb   Thumb Code     0  startup_stm32h750xx.o(.text)
    TIM8_TRG_COM_TIM14_IRQHandler            0x080002cb   Thumb Code     0  startup_stm32h750xx.o(.text)
    TIM8_UP_TIM13_IRQHandler                 0x080002cb   Thumb Code     0  startup_stm32h750xx.o(.text)
    UART4_IRQHandler                         0x080002cb   Thumb Code     0  startup_stm32h750xx.o(.text)
    UART5_IRQHandler                         0x080002cb   Thumb Code     0  startup_stm32h750xx.o(.text)
    UART7_IRQHandler                         0x080002cb   Thumb Code     0  startup_stm32h750xx.o(.text)
    UART8_IRQHandler                         0x080002cb   Thumb Code     0  startup_stm32h750xx.o(.text)
    USART2_IRQHandler                        0x080002cb   Thumb Code     0  startup_stm32h750xx.o(.text)
    USART3_IRQHandler                        0x080002cb   Thumb Code     0  startup_stm32h750xx.o(.text)
    USART6_IRQHandler                        0x080002cb   Thumb Code     0  startup_stm32h750xx.o(.text)
    WAKEUP_PIN_IRQHandler                    0x080002cb   Thumb Code     0  startup_stm32h750xx.o(.text)
    WWDG_IRQHandler                          0x080002cb   Thumb Code     0  startup_stm32h750xx.o(.text)
    __aeabi_uldivmod                         0x080002d5   Thumb Code    98  uldiv.o(.text)
    __aeabi_memcpy                           0x08000337   Thumb Code    36  memcpya.o(.text)
    __aeabi_memcpy4                          0x08000337   Thumb Code     0  memcpya.o(.text)
    __aeabi_memcpy8                          0x08000337   Thumb Code     0  memcpya.o(.text)
    __aeabi_memset                           0x0800035b   Thumb Code    14  memseta.o(.text)
    __aeabi_memset4                          0x0800035b   Thumb Code     0  memseta.o(.text)
    __aeabi_memset8                          0x0800035b   Thumb Code     0  memseta.o(.text)
    __aeabi_memclr                           0x08000369   Thumb Code     4  memseta.o(.text)
    __aeabi_memclr4                          0x08000369   Thumb Code     0  memseta.o(.text)
    __aeabi_memclr8                          0x08000369   Thumb Code     0  memseta.o(.text)
    _memset$wrapper                          0x0800036d   Thumb Code    18  memseta.o(.text)
    __aeabi_llsl                             0x0800037f   Thumb Code    30  llshl.o(.text)
    _ll_shift_l                              0x0800037f   Thumb Code     0  llshl.o(.text)
    __aeabi_llsr                             0x0800039d   Thumb Code    32  llushr.o(.text)
    _ll_ushift_r                             0x0800039d   Thumb Code     0  llushr.o(.text)
    __scatterload                            0x080003bd   Thumb Code    28  init.o(.text)
    __scatterload_rt2                        0x080003bd   Thumb Code     0  init.o(.text)
    ADC_ConfigureBoostMode                   0x080003e1   Thumb Code   322  stm32h7xx_hal_adc.o(i.ADC_ConfigureBoostMode)
    ADC_Enable                               0x08000545   Thumb Code   182  stm32h7xx_hal_adc.o(i.ADC_Enable)
    ADC_IRQHandler                           0x08000611   Thumb Code    10  stm32h7xx_it.o(i.ADC_IRQHandler)
    BusFault_Handler                         0x08000621   Thumb Code     4  stm32h7xx_it.o(i.BusFault_Handler)
    DMA1_Stream0_IRQHandler                  0x08000625   Thumb Code    10  stm32h7xx_it.o(i.DMA1_Stream0_IRQHandler)
    DebugMon_Handler                         0x08000ba1   Thumb Code     2  stm32h7xx_it.o(i.DebugMon_Handler)
    Error_Handler                            0x08000ba3   Thumb Code     6  main.o(i.Error_Handler)
    HAL_ADCEx_EndOfSamplingCallback          0x08000ba9   Thumb Code     2  stm32h7xx_hal_adc_ex.o(i.HAL_ADCEx_EndOfSamplingCallback)
    HAL_ADCEx_InjectedConvCpltCallback       0x08000bab   Thumb Code     2  stm32h7xx_hal_adc_ex.o(i.HAL_ADCEx_InjectedConvCpltCallback)
    HAL_ADCEx_InjectedQueueOverflowCallback  0x08000bad   Thumb Code     2  stm32h7xx_hal_adc_ex.o(i.HAL_ADCEx_InjectedQueueOverflowCallback)
    HAL_ADCEx_LevelOutOfWindow2Callback      0x08000baf   Thumb Code     2  stm32h7xx_hal_adc_ex.o(i.HAL_ADCEx_LevelOutOfWindow2Callback)
    HAL_ADCEx_LevelOutOfWindow3Callback      0x08000bb1   Thumb Code     2  stm32h7xx_hal_adc_ex.o(i.HAL_ADCEx_LevelOutOfWindow3Callback)
    HAL_ADCEx_MultiModeConfigChannel         0x08000bb5   Thumb Code   336  stm32h7xx_hal_adc_ex.o(i.HAL_ADCEx_MultiModeConfigChannel)
    HAL_ADC_ConfigChannel                    0x08000d19   Thumb Code  1306  stm32h7xx_hal_adc.o(i.HAL_ADC_ConfigChannel)
    HAL_ADC_ConvCpltCallback                 0x0800125d   Thumb Code     2  stm32h7xx_hal_adc.o(i.HAL_ADC_ConvCpltCallback)
    HAL_ADC_ErrorCallback                    0x0800125f   Thumb Code     2  stm32h7xx_hal_adc.o(i.HAL_ADC_ErrorCallback)
    HAL_ADC_GetValue                         0x08001261   Thumb Code     8  stm32h7xx_hal_adc.o(i.HAL_ADC_GetValue)
    HAL_ADC_IRQHandler                       0x08001269   Thumb Code   840  stm32h7xx_hal_adc.o(i.HAL_ADC_IRQHandler)
    HAL_ADC_Init                             0x080015c1   Thumb Code   608  stm32h7xx_hal_adc.o(i.HAL_ADC_Init)
    HAL_ADC_LevelOutOfWindowCallback         0x0800184d   Thumb Code     2  stm32h7xx_hal_adc.o(i.HAL_ADC_LevelOutOfWindowCallback)
    HAL_ADC_MspInit                          0x08001851   Thumb Code   156  adc.o(i.HAL_ADC_MspInit)
    HAL_ADC_PollForConversion                0x080018f9   Thumb Code   338  stm32h7xx_hal_adc.o(i.HAL_ADC_PollForConversion)
    HAL_ADC_Start                            0x08001a5d   Thumb Code   292  stm32h7xx_hal_adc.o(i.HAL_ADC_Start)
    HAL_DMA_Abort                            0x08001b91   Thumb Code  1236  stm32h7xx_hal_dma.o(i.HAL_DMA_Abort)
    HAL_DMA_Abort_IT                         0x0800206d   Thumb Code   906  stm32h7xx_hal_dma.o(i.HAL_DMA_Abort_IT)
    HAL_DMA_IRQHandler                       0x08002405   Thumb Code  2798  stm32h7xx_hal_dma.o(i.HAL_DMA_IRQHandler)
    HAL_DMA_Init                             0x08002efd   Thumb Code  1304  stm32h7xx_hal_dma.o(i.HAL_DMA_Init)
    HAL_DMA_Start_IT                         0x0800341d   Thumb Code   980  stm32h7xx_hal_dma.o(i.HAL_DMA_Start_IT)
    HAL_GPIO_Init                            0x080037fd   Thumb Code   456  stm32h7xx_hal_gpio.o(i.HAL_GPIO_Init)
    HAL_GPIO_WritePin                        0x080039f9   Thumb Code    12  stm32h7xx_hal_gpio.o(i.HAL_GPIO_WritePin)
    HAL_GetREVID                             0x08003a05   Thumb Code     8  stm32h7xx_hal.o(i.HAL_GetREVID)
    HAL_GetTick                              0x08003a11   Thumb Code     6  stm32h7xx_hal.o(i.HAL_GetTick)
    HAL_IncTick                              0x08003a1d   Thumb Code    16  stm32h7xx_hal.o(i.HAL_IncTick)
    HAL_Init                                 0x08003a35   Thumb Code    80  stm32h7xx_hal.o(i.HAL_Init)
    HAL_InitTick                             0x08003a95   Thumb Code    74  stm32h7xx_hal.o(i.HAL_InitTick)
    HAL_MPU_ConfigRegion                     0x08003aed   Thumb Code    88  stm32h7xx_hal_cortex.o(i.HAL_MPU_ConfigRegion)
    HAL_MPU_Disable                          0x08003b49   Thumb Code    38  stm32h7xx_hal_cortex.o(i.HAL_MPU_Disable)
    HAL_MPU_Enable                           0x08003b75   Thumb Code    58  stm32h7xx_hal_cortex.o(i.HAL_MPU_Enable)
    HAL_MspInit                              0x08003bb5   Thumb Code    32  stm32h7xx_hal_msp.o(i.HAL_MspInit)
    HAL_NVIC_EnableIRQ                       0x08003bd9   Thumb Code    40  stm32h7xx_hal_cortex.o(i.HAL_NVIC_EnableIRQ)
    HAL_NVIC_SetPriority                     0x08003c01   Thumb Code   122  stm32h7xx_hal_cortex.o(i.HAL_NVIC_SetPriority)
    HAL_NVIC_SetPriorityGrouping             0x08003c7d   Thumb Code    32  stm32h7xx_hal_cortex.o(i.HAL_NVIC_SetPriorityGrouping)
    HAL_PWREx_ConfigSupply                   0x08003ca5   Thumb Code    90  stm32h7xx_hal_pwr_ex.o(i.HAL_PWREx_ConfigSupply)
    HAL_RCCEx_GetD3PCLK1Freq                 0x08003d05   Thumb Code    26  stm32h7xx_hal_rcc_ex.o(i.HAL_RCCEx_GetD3PCLK1Freq)
    HAL_RCCEx_GetPLL1ClockFreq               0x08003d29   Thumb Code   536  stm32h7xx_hal_rcc_ex.o(i.HAL_RCCEx_GetPLL1ClockFreq)
    HAL_RCCEx_GetPLL2ClockFreq               0x08003f59   Thumb Code   536  stm32h7xx_hal_rcc_ex.o(i.HAL_RCCEx_GetPLL2ClockFreq)
    HAL_RCCEx_GetPLL3ClockFreq               0x08004189   Thumb Code   536  stm32h7xx_hal_rcc_ex.o(i.HAL_RCCEx_GetPLL3ClockFreq)
    HAL_RCCEx_GetPeriphCLKFreq               0x080043b9   Thumb Code  2216  stm32h7xx_hal_rcc_ex.o(i.HAL_RCCEx_GetPeriphCLKFreq)
    HAL_RCCEx_PeriphCLKConfig                0x08004c69   Thumb Code  3432  stm32h7xx_hal_rcc_ex.o(i.HAL_RCCEx_PeriphCLKConfig)
    HAL_RCC_ClockConfig                      0x080059d1   Thumb Code   774  stm32h7xx_hal_rcc.o(i.HAL_RCC_ClockConfig)
    HAL_RCC_GetHCLKFreq                      0x08005cf1   Thumb Code    60  stm32h7xx_hal_rcc.o(i.HAL_RCC_GetHCLKFreq)
    HAL_RCC_GetPCLK1Freq                     0x08005d3d   Thumb Code    26  stm32h7xx_hal_rcc.o(i.HAL_RCC_GetPCLK1Freq)
    HAL_RCC_GetPCLK2Freq                     0x08005d61   Thumb Code    26  stm32h7xx_hal_rcc.o(i.HAL_RCC_GetPCLK2Freq)
    HAL_RCC_GetSysClockFreq                  0x08005d85   Thumb Code   524  stm32h7xx_hal_rcc.o(i.HAL_RCC_GetSysClockFreq)
    HAL_RCC_OscConfig                        0x08005fb1   Thumb Code  2130  stm32h7xx_hal_rcc.o(i.HAL_RCC_OscConfig)
    HAL_SYSTICK_Config                       0x08006809   Thumb Code    52  stm32h7xx_hal_cortex.o(i.HAL_SYSTICK_Config)
    HAL_TIMEx_Break2Callback                 0x0800683d   Thumb Code     2  stm32h7xx_hal_tim_ex.o(i.HAL_TIMEx_Break2Callback)
    HAL_TIMEx_BreakCallback                  0x0800683f   Thumb Code     2  stm32h7xx_hal_tim_ex.o(i.HAL_TIMEx_BreakCallback)
    HAL_TIMEx_CommutCallback                 0x08006841   Thumb Code     2  stm32h7xx_hal_tim_ex.o(i.HAL_TIMEx_CommutCallback)
    HAL_TIMEx_MasterConfigSynchronization    0x08006845   Thumb Code   174  stm32h7xx_hal_tim_ex.o(i.HAL_TIMEx_MasterConfigSynchronization)
    HAL_TIM_Base_Init                        0x08006911   Thumb Code   110  stm32h7xx_hal_tim.o(i.HAL_TIM_Base_Init)
    HAL_TIM_Base_MspInit                     0x08006981   Thumb Code   380  tim.o(i.HAL_TIM_Base_MspInit)
    HAL_TIM_IC_CaptureCallback               0x08006b19   Thumb Code   400  tim.o(i.HAL_TIM_IC_CaptureCallback)
    HAL_TIM_IC_ConfigChannel                 0x08006cd9   Thumb Code   222  stm32h7xx_hal_tim.o(i.HAL_TIM_IC_ConfigChannel)
    HAL_TIM_IC_Init                          0x08006db7   Thumb Code   110  stm32h7xx_hal_tim.o(i.HAL_TIM_IC_Init)
    HAL_TIM_IC_MspInit                       0x08006e25   Thumb Code     2  stm32h7xx_hal_tim.o(i.HAL_TIM_IC_MspInit)
    HAL_TIM_IC_Start_IT                      0x08006e29   Thumb Code   424  stm32h7xx_hal_tim.o(i.HAL_TIM_IC_Start_IT)
    HAL_TIM_IRQHandler                       0x08006ff1   Thumb Code   440  stm32h7xx_hal_tim.o(i.HAL_TIM_IRQHandler)
    HAL_TIM_MspPostInit                      0x080071a9   Thumb Code    80  tim.o(i.HAL_TIM_MspPostInit)
    HAL_TIM_OC_DelayElapsedCallback          0x08007201   Thumb Code     2  stm32h7xx_hal_tim.o(i.HAL_TIM_OC_DelayElapsedCallback)
    HAL_TIM_PWM_ConfigChannel                0x08007203   Thumb Code   368  stm32h7xx_hal_tim.o(i.HAL_TIM_PWM_ConfigChannel)
    HAL_TIM_PWM_Init                         0x08007373   Thumb Code   110  stm32h7xx_hal_tim.o(i.HAL_TIM_PWM_Init)
    HAL_TIM_PWM_MspInit                      0x080073e1   Thumb Code    40  tim.o(i.HAL_TIM_PWM_MspInit)
    HAL_TIM_PWM_PulseFinishedCallback        0x0800740d   Thumb Code     2  stm32h7xx_hal_tim.o(i.HAL_TIM_PWM_PulseFinishedCallback)
    HAL_TIM_PWM_Start                        0x08007411   Thumb Code   314  stm32h7xx_hal_tim.o(i.HAL_TIM_PWM_Start)
    HAL_TIM_PeriodElapsedCallback            0x08007575   Thumb Code     2  stm32h7xx_hal_tim.o(i.HAL_TIM_PeriodElapsedCallback)
    HAL_TIM_SlaveConfigSynchro               0x08007577   Thumb Code   108  stm32h7xx_hal_tim.o(i.HAL_TIM_SlaveConfigSynchro)
    HAL_TIM_TriggerCallback                  0x080075e3   Thumb Code     2  stm32h7xx_hal_tim.o(i.HAL_TIM_TriggerCallback)
    HAL_UARTEx_DisableFifoMode               0x080075e5   Thumb Code    78  stm32h7xx_hal_uart_ex.o(i.HAL_UARTEx_DisableFifoMode)
    HAL_UARTEx_RxEventCallback               0x08007633   Thumb Code     2  stm32h7xx_hal_uart.o(i.HAL_UARTEx_RxEventCallback)
    HAL_UARTEx_RxFifoFullCallback            0x08007635   Thumb Code     2  stm32h7xx_hal_uart_ex.o(i.HAL_UARTEx_RxFifoFullCallback)
    HAL_UARTEx_SetRxFifoThreshold            0x08007637   Thumb Code    94  stm32h7xx_hal_uart_ex.o(i.HAL_UARTEx_SetRxFifoThreshold)
    HAL_UARTEx_SetTxFifoThreshold            0x08007695   Thumb Code    94  stm32h7xx_hal_uart_ex.o(i.HAL_UARTEx_SetTxFifoThreshold)
    HAL_UARTEx_TxFifoEmptyCallback           0x080076f3   Thumb Code     2  stm32h7xx_hal_uart_ex.o(i.HAL_UARTEx_TxFifoEmptyCallback)
    HAL_UARTEx_WakeupCallback                0x080076f5   Thumb Code     2  stm32h7xx_hal_uart_ex.o(i.HAL_UARTEx_WakeupCallback)
    HAL_UART_ErrorCallback                   0x080076f7   Thumb Code     2  stm32h7xx_hal_uart.o(i.HAL_UART_ErrorCallback)
    HAL_UART_IRQHandler                      0x080076f9   Thumb Code  1172  stm32h7xx_hal_uart.o(i.HAL_UART_IRQHandler)
    HAL_UART_Init                            0x08007b8d   Thumb Code   120  stm32h7xx_hal_uart.o(i.HAL_UART_Init)
    HAL_UART_MspInit                         0x08007c05   Thumb Code   232  usart.o(i.HAL_UART_MspInit)
    HAL_UART_Transmit_DMA                    0x08007d01   Thumb Code   148  stm32h7xx_hal_uart.o(i.HAL_UART_Transmit_DMA)
    HAL_UART_TxCpltCallback                  0x08007da1   Thumb Code     2  stm32h7xx_hal_uart.o(i.HAL_UART_TxCpltCallback)
    HAL_UART_TxHalfCpltCallback              0x08007da3   Thumb Code     2  stm32h7xx_hal_uart.o(i.HAL_UART_TxHalfCpltCallback)
    HardFault_Handler                        0x08007da5   Thumb Code     4  stm32h7xx_it.o(i.HardFault_Handler)
    MX_ADC1_Init                             0x08007ebd   Thumb Code   176  adc.o(i.MX_ADC1_Init)
    MX_DMA_Init                              0x08007f79   Thumb Code    48  dma.o(i.MX_DMA_Init)
    MX_GPIO_Init                             0x08007fad   Thumb Code   216  gpio.o(i.MX_GPIO_Init)
    MX_TIM12_Init                            0x08008091   Thumb Code   170  tim.o(i.MX_TIM12_Init)
    MX_TIM1_Init                             0x08008145   Thumb Code   172  tim.o(i.MX_TIM1_Init)
    MX_TIM2_Init                             0x080081f9   Thumb Code   118  tim.o(i.MX_TIM2_Init)
    MX_TIM3_Init                             0x08008275   Thumb Code   168  tim.o(i.MX_TIM3_Init)
    MX_USART1_UART_Init                      0x08008325   Thumb Code    98  usart.o(i.MX_USART1_UART_Init)
    MemManage_Handler                        0x08008391   Thumb Code     4  stm32h7xx_it.o(i.MemManage_Handler)
    NMI_Handler                              0x08008395   Thumb Code     4  stm32h7xx_it.o(i.NMI_Handler)
    PendSV_Handler                           0x08008399   Thumb Code     2  stm32h7xx_it.o(i.PendSV_Handler)
    PeriphCommonClock_Config                 0x0800839b   Thumb Code    40  main.o(i.PeriphCommonClock_Config)
    RCCdelay_us                              0x0800868d   Thumb Code    28  main.o(i.RCCdelay_us)
    SVC_Handler                              0x080086a9   Thumb Code     2  stm32h7xx_it.o(i.SVC_Handler)
    SysTick_Handler                          0x080086ab   Thumb Code     8  stm32h7xx_it.o(i.SysTick_Handler)
    SystemClock_Config                       0x080086b5   Thumb Code   304  main.o(i.SystemClock_Config)
    SystemInit                               0x080087f1   Thumb Code   212  system_stm32h7xx.o(i.SystemInit)
    TIM1_CC_IRQHandler                       0x080088ed   Thumb Code    10  stm32h7xx_it.o(i.TIM1_CC_IRQHandler)
    TIM1_TRG_COM_IRQHandler                  0x080088fd   Thumb Code    10  stm32h7xx_it.o(i.TIM1_TRG_COM_IRQHandler)
    TIM3_IRQHandler                          0x0800890d   Thumb Code    10  stm32h7xx_it.o(i.TIM3_IRQHandler)
    TIM8_BRK_TIM12_IRQHandler                0x0800891d   Thumb Code    10  stm32h7xx_it.o(i.TIM8_BRK_TIM12_IRQHandler)
    TIM_Base_SetConfig                       0x0800892d   Thumb Code   170  stm32h7xx_hal_tim.o(i.TIM_Base_SetConfig)
    TIM_CCxChannelCmd                        0x080089f9   Thumb Code    34  stm32h7xx_hal_tim.o(i.TIM_CCxChannelCmd)
    TIM_ETR_SetConfig                        0x08008a1b   Thumb Code    22  stm32h7xx_hal_tim.o(i.TIM_ETR_SetConfig)
    TIM_OC2_SetConfig                        0x08008add   Thumb Code   156  stm32h7xx_hal_tim.o(i.TIM_OC2_SetConfig)
    TIM_TI1_SetConfig                        0x08008ee9   Thumb Code   114  stm32h7xx_hal_tim.o(i.TIM_TI1_SetConfig)
    UART_AdvFeatureConfig                    0x080090a9   Thumb Code   248  stm32h7xx_hal_uart.o(i.UART_AdvFeatureConfig)
    UART_CheckIdleState                      0x080091a1   Thumb Code   234  stm32h7xx_hal_uart.o(i.UART_CheckIdleState)
    UART_SetConfig                           0x08009441   Thumb Code  1402  stm32h7xx_hal_uart.o(i.UART_SetConfig)
    UART_WaitOnFlagUntilTimeout              0x080099cd   Thumb Code   162  stm32h7xx_hal_uart.o(i.UART_WaitOnFlagUntilTimeout)
    USART1_IRQHandler                        0x08009a71   Thumb Code    10  stm32h7xx_it.o(i.USART1_IRQHandler)
    UsageFault_Handler                       0x08009a81   Thumb Code     4  stm32h7xx_it.o(i.UsageFault_Handler)
    __scatterload_copy                       0x08009abd   Thumb Code    14  handlers.o(i.__scatterload_copy)
    __scatterload_null                       0x08009acb   Thumb Code     2  handlers.o(i.__scatterload_null)
    __scatterload_zeroinit                   0x08009acd   Thumb Code    14  handlers.o(i.__scatterload_zeroinit)
    main                                     0x08009add   Thumb Code   592  main.o(i.main)
    UARTPrescTable                           0x08009d68   Data          24  stm32h7xx_hal_uart.o(.constdata)
    D1CorePrescTable                         0x08009d90   Data          16  system_stm32h7xx.o(.constdata)
    Region$$Table$$Base                      0x08009da0   Number         0  anon$$obj.o(Region$$Table)
    Region$$Table$$Limit                     0x08009dc0   Number         0  anon$$obj.o(Region$$Table)
    Average_Number                               0x24000000   Data           4  main.o(.data)
    G_Clk_Rise_Number                             0x24000004   Data           4  main.o(.data)
    G_Hamamatsu_Trigger_Rise_Number_U8                           0x24000008   Data           4  main.o(.data)
    G_Hamamatsu_Trigger_Rise_Number                       0x2400000c   Data           4  main.o(.data)
    adc_ans_1                                0x24000010   Data           2  main.o(.data)
    mul_int                                  0x24000014   Data           4  tim.o(.data)
    uwTick                                   0x24000018   Data           4  stm32h7xx_hal.o(.data)
    uwTickPrio                               0x2400001c   Data           4  stm32h7xx_hal.o(.data)
    uwTickFreq                               0x24000020   Data           1  stm32h7xx_hal.o(.data)
    SystemCoreClock                          0x24000024   Data           4  system_stm32h7xx.o(.data)
    SystemD2Clock                            0x24000028   Data           4  system_stm32h7xx.o(.data)
    hadc1                                    0x2400103c   Data         100  adc.o(.bss)
    adc_ans                                  0x240010a0   Data        1080  tim.o(.bss)
    adc_ans_u8                               0x240014d8   Data        2080  tim.o(.bss)
    htim1                                    0x24001cf8   Data          76  tim.o(.bss)
    htim2                                    0x24001d44   Data          76  tim.o(.bss)
    htim3                                    0x24001d90   Data          76  tim.o(.bss)
    htim12                                   0x24001ddc   Data          76  tim.o(.bss)
    huart1                                   0x24001e28   Data         148  usart.o(.bss)
    hdma_usart1_tx                           0x24001ebc   Data         120  usart.o(.bss)
    __initial_sp                             0x24002338   Data           0  startup_stm32h750xx.o(STACK)



==============================================================================

Memory Map of the image

  Image Entry point : 0x08000299

  Load Region LR_IROM1 (Base: 0x08000000, Size: 0x00009dec, Max: 0x00020000, ABSOLUTE)

    Execution Region ER_IROM1 (Exec base: 0x08000000, Load base: 0x08000000, Size: 0x00009dc0, Max: 0x00020000, ABSOLUTE)

    Exec Addr    Load Addr    Size         Type   Attr      Idx    E Section Name        Object

    0x08000000   0x08000000   0x00000298   Data   RO            3    RESET               startup_stm32h750xx.o
    0x08000298   0x08000298   0x00000000   Code   RO         5192  * .ARM.Collect$$$$00000000  mc_w.l(entry.o)
    0x08000298   0x08000298   0x00000004   Code   RO         5203    .ARM.Collect$$$$00000001  mc_w.l(entry2.o)
    0x0800029c   0x0800029c   0x00000004   Code   RO         5206    .ARM.Collect$$$$00000004  mc_w.l(entry5.o)
    0x080002a0   0x080002a0   0x00000000   Code   RO         5208    .ARM.Collect$$$$00000008  mc_w.l(entry7b.o)
    0x080002a0   0x080002a0   0x00000000   Code   RO         5210    .ARM.Collect$$$$0000000A  mc_w.l(entry8b.o)
    0x080002a0   0x080002a0   0x00000008   Code   RO         5211    .ARM.Collect$$$$0000000B  mc_w.l(entry9a.o)
    0x080002a8   0x080002a8   0x00000004   Code   RO         5218    .ARM.Collect$$$$0000000E  mc_w.l(entry12b.o)
    0x080002ac   0x080002ac   0x00000000   Code   RO         5213    .ARM.Collect$$$$0000000F  mc_w.l(entry10a.o)
    0x080002ac   0x080002ac   0x00000000   Code   RO         5215    .ARM.Collect$$$$00000011  mc_w.l(entry11a.o)
    0x080002ac   0x080002ac   0x00000004   Code   RO         5204    .ARM.Collect$$$$00002712  mc_w.l(entry2.o)
    0x080002b0   0x080002b0   0x00000024   Code   RO            4    .text               startup_stm32h750xx.o
    0x080002d4   0x080002d4   0x00000062   Code   RO         5195    .text               mc_w.l(uldiv.o)
    0x08000336   0x08000336   0x00000024   Code   RO         5197    .text               mc_w.l(memcpya.o)
    0x0800035a   0x0800035a   0x00000024   Code   RO         5199    .text               mc_w.l(memseta.o)
    0x0800037e   0x0800037e   0x0000001e   Code   RO         5219    .text               mc_w.l(llshl.o)
    0x0800039c   0x0800039c   0x00000020   Code   RO         5221    .text               mc_w.l(llushr.o)
    0x080003bc   0x080003bc   0x00000024   Code   RO         5223    .text               mc_w.l(init.o)
    0x080003e0   0x080003e0   0x00000164   Code   RO          603    i.ADC_ConfigureBoostMode  stm32h7xx_hal_adc.o
    0x08000544   0x08000544   0x000000cc   Code   RO          609    i.ADC_Enable        stm32h7xx_hal_adc.o
    0x08000610   0x08000610   0x00000010   Code   RO          461    i.ADC_IRQHandler    stm32h7xx_it.o
    0x08000620   0x08000620   0x00000004   Code   RO          462    i.BusFault_Handler  stm32h7xx_it.o
    0x08000624   0x08000624   0x00000010   Code   RO          463    i.DMA1_Stream0_IRQHandler  stm32h7xx_it.o
    0x08000634   0x08000634   0x000000ec   Code   RO         1829    i.DMA_CalcBaseAndBitshift  stm32h7xx_hal_dma.o
    0x08000720   0x08000720   0x000000c4   Code   RO         1830    i.DMA_CalcDMAMUXChannelBaseAndMask  stm32h7xx_hal_dma.o
    0x080007e4   0x080007e4   0x00000098   Code   RO         1831    i.DMA_CalcDMAMUXRequestGenBaseAndMask  stm32h7xx_hal_dma.o
    0x0800087c   0x0800087c   0x000000ae   Code   RO         1832    i.DMA_CheckFifoParam  stm32h7xx_hal_dma.o
    0x0800092a   0x0800092a   0x00000002   PAD
    0x0800092c   0x0800092c   0x00000274   Code   RO         1833    i.DMA_SetConfig     stm32h7xx_hal_dma.o
    0x08000ba0   0x08000ba0   0x00000002   Code   RO          464    i.DebugMon_Handler  stm32h7xx_it.o
    0x08000ba2   0x08000ba2   0x00000006   Code   RO           13    i.Error_Handler     main.o
    0x08000ba8   0x08000ba8   0x00000002   Code   RO          869    i.HAL_ADCEx_EndOfSamplingCallback  stm32h7xx_hal_adc_ex.o
    0x08000baa   0x08000baa   0x00000002   Code   RO          872    i.HAL_ADCEx_InjectedConvCpltCallback  stm32h7xx_hal_adc_ex.o
    0x08000bac   0x08000bac   0x00000002   Code   RO          875    i.HAL_ADCEx_InjectedQueueOverflowCallback  stm32h7xx_hal_adc_ex.o
    0x08000bae   0x08000bae   0x00000002   Code   RO          880    i.HAL_ADCEx_LevelOutOfWindow2Callback  stm32h7xx_hal_adc_ex.o
    0x08000bb0   0x08000bb0   0x00000002   Code   RO          881    i.HAL_ADCEx_LevelOutOfWindow3Callback  stm32h7xx_hal_adc_ex.o
    0x08000bb2   0x08000bb2   0x00000002   PAD
    0x08000bb4   0x08000bb4   0x00000164   Code   RO          885    i.HAL_ADCEx_MultiModeConfigChannel  stm32h7xx_hal_adc_ex.o
    0x08000d18   0x08000d18   0x00000544   Code   RO          611    i.HAL_ADC_ConfigChannel  stm32h7xx_hal_adc.o
    0x0800125c   0x0800125c   0x00000002   Code   RO          612    i.HAL_ADC_ConvCpltCallback  stm32h7xx_hal_adc.o
    0x0800125e   0x0800125e   0x00000002   Code   RO          615    i.HAL_ADC_ErrorCallback  stm32h7xx_hal_adc.o
    0x08001260   0x08001260   0x00000008   Code   RO          618    i.HAL_ADC_GetValue  stm32h7xx_hal_adc.o
    0x08001268   0x08001268   0x00000358   Code   RO          619    i.HAL_ADC_IRQHandler  stm32h7xx_hal_adc.o
    0x080015c0   0x080015c0   0x0000028c   Code   RO          620    i.HAL_ADC_Init      stm32h7xx_hal_adc.o
    0x0800184c   0x0800184c   0x00000002   Code   RO          621    i.HAL_ADC_LevelOutOfWindowCallback  stm32h7xx_hal_adc.o
    0x0800184e   0x0800184e   0x00000002   PAD
    0x08001850   0x08001850   0x000000a8   Code   RO          265    i.HAL_ADC_MspInit   adc.o
    0x080018f8   0x080018f8   0x00000164   Code   RO          624    i.HAL_ADC_PollForConversion  stm32h7xx_hal_adc.o
    0x08001a5c   0x08001a5c   0x00000134   Code   RO          626    i.HAL_ADC_Start     stm32h7xx_hal_adc.o
    0x08001b90   0x08001b90   0x000004dc   Code   RO         1834    i.HAL_DMA_Abort     stm32h7xx_hal_dma.o
    0x0800206c   0x0800206c   0x00000398   Code   RO         1835    i.HAL_DMA_Abort_IT  stm32h7xx_hal_dma.o
    0x08002404   0x08002404   0x00000af8   Code   RO         1839    i.HAL_DMA_IRQHandler  stm32h7xx_hal_dma.o
    0x08002efc   0x08002efc   0x00000520   Code   RO         1840    i.HAL_DMA_Init      stm32h7xx_hal_dma.o
    0x0800341c   0x0800341c   0x000003e0   Code   RO         1844    i.HAL_DMA_Start_IT  stm32h7xx_hal_dma.o
    0x080037fc   0x080037fc   0x000001fc   Code   RO         1682    i.HAL_GPIO_Init     stm32h7xx_hal_gpio.o
    0x080039f8   0x080039f8   0x0000000c   Code   RO         1686    i.HAL_GPIO_WritePin  stm32h7xx_hal_gpio.o
    0x08003a04   0x08003a04   0x0000000c   Code   RO         2700    i.HAL_GetREVID      stm32h7xx_hal.o
    0x08003a10   0x08003a10   0x0000000c   Code   RO         2701    i.HAL_GetTick       stm32h7xx_hal.o
    0x08003a1c   0x08003a1c   0x00000018   Code   RO         2707    i.HAL_IncTick       stm32h7xx_hal.o
    0x08003a34   0x08003a34   0x00000060   Code   RO         2708    i.HAL_Init          stm32h7xx_hal.o
    0x08003a94   0x08003a94   0x00000058   Code   RO         2709    i.HAL_InitTick      stm32h7xx_hal.o
    0x08003aec   0x08003aec   0x0000005c   Code   RO         2537    i.HAL_MPU_ConfigRegion  stm32h7xx_hal_cortex.o
    0x08003b48   0x08003b48   0x0000002c   Code   RO         2538    i.HAL_MPU_Disable   stm32h7xx_hal_cortex.o
    0x08003b74   0x08003b74   0x00000040   Code   RO         2539    i.HAL_MPU_Enable    stm32h7xx_hal_cortex.o
    0x08003bb4   0x08003bb4   0x00000024   Code   RO          579    i.HAL_MspInit       stm32h7xx_hal_msp.o
    0x08003bd8   0x08003bd8   0x00000028   Code   RO         2542    i.HAL_NVIC_EnableIRQ  stm32h7xx_hal_cortex.o
    0x08003c00   0x08003c00   0x0000007a   Code   RO         2548    i.HAL_NVIC_SetPriority  stm32h7xx_hal_cortex.o
    0x08003c7a   0x08003c7a   0x00000002   PAD
    0x08003c7c   0x08003c7c   0x00000028   Code   RO         2549    i.HAL_NVIC_SetPriorityGrouping  stm32h7xx_hal_cortex.o
    0x08003ca4   0x08003ca4   0x00000060   Code   RO         2283    i.HAL_PWREx_ConfigSupply  stm32h7xx_hal_pwr_ex.o
    0x08003d04   0x08003d04   0x00000024   Code   RO         1245    i.HAL_RCCEx_GetD3PCLK1Freq  stm32h7xx_hal_rcc_ex.o
    0x08003d28   0x08003d28   0x00000230   Code   RO         1246    i.HAL_RCCEx_GetPLL1ClockFreq  stm32h7xx_hal_rcc_ex.o
    0x08003f58   0x08003f58   0x00000230   Code   RO         1247    i.HAL_RCCEx_GetPLL2ClockFreq  stm32h7xx_hal_rcc_ex.o
    0x08004188   0x08004188   0x00000230   Code   RO         1248    i.HAL_RCCEx_GetPLL3ClockFreq  stm32h7xx_hal_rcc_ex.o
    0x080043b8   0x080043b8   0x000008b0   Code   RO         1250    i.HAL_RCCEx_GetPeriphCLKFreq  stm32h7xx_hal_rcc_ex.o
    0x08004c68   0x08004c68   0x00000d68   Code   RO         1254    i.HAL_RCCEx_PeriphCLKConfig  stm32h7xx_hal_rcc_ex.o
    0x080059d0   0x080059d0   0x00000320   Code   RO         1130    i.HAL_RCC_ClockConfig  stm32h7xx_hal_rcc.o
    0x08005cf0   0x08005cf0   0x0000004c   Code   RO         1135    i.HAL_RCC_GetHCLKFreq  stm32h7xx_hal_rcc.o
    0x08005d3c   0x08005d3c   0x00000024   Code   RO         1137    i.HAL_RCC_GetPCLK1Freq  stm32h7xx_hal_rcc.o
    0x08005d60   0x08005d60   0x00000024   Code   RO         1138    i.HAL_RCC_GetPCLK2Freq  stm32h7xx_hal_rcc.o
    0x08005d84   0x08005d84   0x0000022c   Code   RO         1139    i.HAL_RCC_GetSysClockFreq  stm32h7xx_hal_rcc.o
    0x08005fb0   0x08005fb0   0x00000858   Code   RO         1142    i.HAL_RCC_OscConfig  stm32h7xx_hal_rcc.o
    0x08006808   0x08006808   0x00000034   Code   RO         2553    i.HAL_SYSTICK_Config  stm32h7xx_hal_cortex.o
    0x0800683c   0x0800683c   0x00000002   Code   RO         4319    i.HAL_TIMEx_Break2Callback  stm32h7xx_hal_tim_ex.o
    0x0800683e   0x0800683e   0x00000002   Code   RO         4320    i.HAL_TIMEx_BreakCallback  stm32h7xx_hal_tim_ex.o
    0x08006840   0x08006840   0x00000002   Code   RO         4321    i.HAL_TIMEx_CommutCallback  stm32h7xx_hal_tim_ex.o
    0x08006842   0x08006842   0x00000002   PAD
    0x08006844   0x08006844   0x000000cc   Code   RO         4341    i.HAL_TIMEx_MasterConfigSynchronization  stm32h7xx_hal_tim_ex.o
    0x08006910   0x08006910   0x0000006e   Code   RO         3594    i.HAL_TIM_Base_Init  stm32h7xx_hal_tim.o
    0x0800697e   0x0800697e   0x00000002   PAD
    0x08006980   0x08006980   0x00000198   Code   RO          331    i.HAL_TIM_Base_MspInit  tim.o
    0x08006b18   0x08006b18   0x000001c0   Code   RO          332    i.HAL_TIM_IC_CaptureCallback  tim.o
    0x08006cd8   0x08006cd8   0x000000de   Code   RO         3630    i.HAL_TIM_IC_ConfigChannel  stm32h7xx_hal_tim.o
    0x08006db6   0x08006db6   0x0000006e   Code   RO         3633    i.HAL_TIM_IC_Init   stm32h7xx_hal_tim.o
    0x08006e24   0x08006e24   0x00000002   Code   RO         3635    i.HAL_TIM_IC_MspInit  stm32h7xx_hal_tim.o
    0x08006e26   0x08006e26   0x00000002   PAD
    0x08006e28   0x08006e28   0x000001c8   Code   RO         3638    i.HAL_TIM_IC_Start_IT  stm32h7xx_hal_tim.o
    0x08006ff0   0x08006ff0   0x000001b8   Code   RO         3642    i.HAL_TIM_IRQHandler  stm32h7xx_hal_tim.o
    0x080071a8   0x080071a8   0x00000058   Code   RO          333    i.HAL_TIM_MspPostInit  tim.o
    0x08007200   0x08007200   0x00000002   Code   RO         3645    i.HAL_TIM_OC_DelayElapsedCallback  stm32h7xx_hal_tim.o
    0x08007202   0x08007202   0x00000170   Code   RO         3666    i.HAL_TIM_PWM_ConfigChannel  stm32h7xx_hal_tim.o
    0x08007372   0x08007372   0x0000006e   Code   RO         3669    i.HAL_TIM_PWM_Init  stm32h7xx_hal_tim.o
    0x080073e0   0x080073e0   0x0000002c   Code   RO          335    i.HAL_TIM_PWM_MspInit  tim.o
    0x0800740c   0x0800740c   0x00000002   Code   RO         3672    i.HAL_TIM_PWM_PulseFinishedCallback  stm32h7xx_hal_tim.o
    0x0800740e   0x0800740e   0x00000002   PAD
    0x08007410   0x08007410   0x00000164   Code   RO         3674    i.HAL_TIM_PWM_Start  stm32h7xx_hal_tim.o
    0x08007574   0x08007574   0x00000002   Code   RO         3680    i.HAL_TIM_PeriodElapsedCallback  stm32h7xx_hal_tim.o
    0x08007576   0x08007576   0x0000006c   Code   RO         3683    i.HAL_TIM_SlaveConfigSynchro  stm32h7xx_hal_tim.o
    0x080075e2   0x080075e2   0x00000002   Code   RO         3685    i.HAL_TIM_TriggerCallback  stm32h7xx_hal_tim.o
    0x080075e4   0x080075e4   0x0000004e   Code   RO         5035    i.HAL_UARTEx_DisableFifoMode  stm32h7xx_hal_uart_ex.o
    0x08007632   0x08007632   0x00000002   Code   RO         4619    i.HAL_UARTEx_RxEventCallback  stm32h7xx_hal_uart.o
    0x08007634   0x08007634   0x00000002   Code   RO         5043    i.HAL_UARTEx_RxFifoFullCallback  stm32h7xx_hal_uart_ex.o
    0x08007636   0x08007636   0x0000005e   Code   RO         5044    i.HAL_UARTEx_SetRxFifoThreshold  stm32h7xx_hal_uart_ex.o
    0x08007694   0x08007694   0x0000005e   Code   RO         5045    i.HAL_UARTEx_SetTxFifoThreshold  stm32h7xx_hal_uart_ex.o
    0x080076f2   0x080076f2   0x00000002   Code   RO         5047    i.HAL_UARTEx_TxFifoEmptyCallback  stm32h7xx_hal_uart_ex.o
    0x080076f4   0x080076f4   0x00000002   Code   RO         5048    i.HAL_UARTEx_WakeupCallback  stm32h7xx_hal_uart_ex.o
    0x080076f6   0x080076f6   0x00000002   Code   RO         4635    i.HAL_UART_ErrorCallback  stm32h7xx_hal_uart.o
    0x080076f8   0x080076f8   0x00000494   Code   RO         4638    i.HAL_UART_IRQHandler  stm32h7xx_hal_uart.o
    0x08007b8c   0x08007b8c   0x00000078   Code   RO         4639    i.HAL_UART_Init     stm32h7xx_hal_uart.o
    0x08007c04   0x08007c04   0x000000fc   Code   RO          420    i.HAL_UART_MspInit  usart.o
    0x08007d00   0x08007d00   0x000000a0   Code   RO         4649    i.HAL_UART_Transmit_DMA  stm32h7xx_hal_uart.o
    0x08007da0   0x08007da0   0x00000002   Code   RO         4651    i.HAL_UART_TxCpltCallback  stm32h7xx_hal_uart.o
    0x08007da2   0x08007da2   0x00000002   Code   RO         4652    i.HAL_UART_TxHalfCpltCallback  stm32h7xx_hal_uart.o
    0x08007da4   0x08007da4   0x00000004   Code   RO          465    i.HardFault_Handler  stm32h7xx_it.o
    0x08007da8   0x08007da8   0x00000010   Code   RO          632    i.LL_ADC_Enable     stm32h7xx_hal_adc.o
    0x08007db8   0x08007db8   0x0000000a   Code   RO          633    i.LL_ADC_GetMultiDMATransfer  stm32h7xx_hal_adc.o
    0x08007dc2   0x08007dc2   0x0000000a   Code   RO          634    i.LL_ADC_GetMultimode  stm32h7xx_hal_adc.o
    0x08007dcc   0x08007dcc   0x0000000a   Code   RO          635    i.LL_ADC_INJ_IsConversionOngoing  stm32h7xx_hal_adc.o
    0x08007dd6   0x08007dd6   0x0000000a   Code   RO          637    i.LL_ADC_IsEnabled  stm32h7xx_hal_adc.o
    0x08007de0   0x08007de0   0x0000000a   Code   RO          898    i.LL_ADC_IsEnabled  stm32h7xx_hal_adc_ex.o
    0x08007dea   0x08007dea   0x0000000a   Code   RO          638    i.LL_ADC_IsInternalRegulatorEnabled  stm32h7xx_hal_adc.o
    0x08007df4   0x08007df4   0x0000000a   Code   RO          639    i.LL_ADC_REG_IsConversionOngoing  stm32h7xx_hal_adc.o
    0x08007dfe   0x08007dfe   0x0000000a   Code   RO          899    i.LL_ADC_REG_IsConversionOngoing  stm32h7xx_hal_adc_ex.o
    0x08007e08   0x08007e08   0x00000012   Code   RO          640    i.LL_ADC_REG_IsTriggerSourceSWStart  stm32h7xx_hal_adc.o
    0x08007e1a   0x08007e1a   0x00000002   PAD
    0x08007e1c   0x08007e1c   0x00000010   Code   RO          641    i.LL_ADC_REG_StartConversion  stm32h7xx_hal_adc.o
    0x08007e2c   0x08007e2c   0x00000028   Code   RO          643    i.LL_ADC_SetChannelSamplingTime  stm32h7xx_hal_adc.o
    0x08007e54   0x08007e54   0x0000000c   Code   RO          644    i.LL_ADC_SetCommonPathInternalCh  stm32h7xx_hal_adc.o
    0x08007e60   0x08007e60   0x0000005c   Code   RO           14    i.MPU_Config        main.o
    0x08007ebc   0x08007ebc   0x000000bc   Code   RO          266    i.MX_ADC1_Init      adc.o
    0x08007f78   0x08007f78   0x00000034   Code   RO          306    i.MX_DMA_Init       dma.o
    0x08007fac   0x08007fac   0x000000e4   Code   RO          232    i.MX_GPIO_Init      gpio.o
    0x08008090   0x08008090   0x000000b4   Code   RO          336    i.MX_TIM12_Init     tim.o
    0x08008144   0x08008144   0x000000b4   Code   RO          337    i.MX_TIM1_Init      tim.o
    0x080081f8   0x080081f8   0x0000007c   Code   RO          338    i.MX_TIM2_Init      tim.o
    0x08008274   0x08008274   0x000000b0   Code   RO          339    i.MX_TIM3_Init      tim.o
    0x08008324   0x08008324   0x0000006c   Code   RO          421    i.MX_USART1_UART_Init  usart.o
    0x08008390   0x08008390   0x00000004   Code   RO          466    i.MemManage_Handler  stm32h7xx_it.o
    0x08008394   0x08008394   0x00000004   Code   RO          467    i.NMI_Handler       stm32h7xx_it.o
    0x08008398   0x08008398   0x00000002   Code   RO          468    i.PendSV_Handler    stm32h7xx_it.o
    0x0800839a   0x0800839a   0x00000028   Code   RO           15    i.PeriphCommonClock_Config  main.o
    0x080083c2   0x080083c2   0x00000002   PAD
    0x080083c4   0x080083c4   0x00000164   Code   RO         1257    i.RCCEx_PLL2_Config  stm32h7xx_hal_rcc_ex.o
    0x08008528   0x08008528   0x00000164   Code   RO         1258    i.RCCEx_PLL3_Config  stm32h7xx_hal_rcc_ex.o
    0x0800868c   0x0800868c   0x0000001c   Code   RO           16    i.RCCdelay_us       main.o
    0x080086a8   0x080086a8   0x00000002   Code   RO          469    i.SVC_Handler       stm32h7xx_it.o
    0x080086aa   0x080086aa   0x00000008   Code   RO          470    i.SysTick_Handler   stm32h7xx_it.o
    0x080086b2   0x080086b2   0x00000002   PAD
    0x080086b4   0x080086b4   0x0000013c   Code   RO           17    i.SystemClock_Config  main.o
    0x080087f0   0x080087f0   0x000000fc   Code   RO         5159    i.SystemInit        system_stm32h7xx.o
    0x080088ec   0x080088ec   0x00000010   Code   RO          471    i.TIM1_CC_IRQHandler  stm32h7xx_it.o
    0x080088fc   0x080088fc   0x00000010   Code   RO          472    i.TIM1_TRG_COM_IRQHandler  stm32h7xx_it.o
    0x0800890c   0x0800890c   0x00000010   Code   RO          473    i.TIM3_IRQHandler   stm32h7xx_it.o
    0x0800891c   0x0800891c   0x00000010   Code   RO          474    i.TIM8_BRK_TIM12_IRQHandler  stm32h7xx_it.o
    0x0800892c   0x0800892c   0x000000cc   Code   RO         3687    i.TIM_Base_SetConfig  stm32h7xx_hal_tim.o
    0x080089f8   0x080089f8   0x00000022   Code   RO         3688    i.TIM_CCxChannelCmd  stm32h7xx_hal_tim.o
    0x08008a1a   0x08008a1a   0x00000016   Code   RO         3698    i.TIM_ETR_SetConfig  stm32h7xx_hal_tim.o
    0x08008a30   0x08008a30   0x000000ac   Code   RO         3700    i.TIM_OC1_SetConfig  stm32h7xx_hal_tim.o
    0x08008adc   0x08008adc   0x000000b4   Code   RO         3701    i.TIM_OC2_SetConfig  stm32h7xx_hal_tim.o
    0x08008b90   0x08008b90   0x000000b4   Code   RO         3702    i.TIM_OC3_SetConfig  stm32h7xx_hal_tim.o
    0x08008c44   0x08008c44   0x00000074   Code   RO         3703    i.TIM_OC4_SetConfig  stm32h7xx_hal_tim.o
    0x08008cb8   0x08008cb8   0x00000070   Code   RO         3704    i.TIM_OC5_SetConfig  stm32h7xx_hal_tim.o
    0x08008d28   0x08008d28   0x00000070   Code   RO         3705    i.TIM_OC6_SetConfig  stm32h7xx_hal_tim.o
    0x08008d98   0x08008d98   0x00000128   Code   RO         3706    i.TIM_SlaveTimer_SetConfig  stm32h7xx_hal_tim.o
    0x08008ec0   0x08008ec0   0x00000026   Code   RO         3707    i.TIM_TI1_ConfigInputStage  stm32h7xx_hal_tim.o
    0x08008ee6   0x08008ee6   0x00000002   PAD
    0x08008ee8   0x08008ee8   0x00000090   Code   RO         3708    i.TIM_TI1_SetConfig  stm32h7xx_hal_tim.o
    0x08008f78   0x08008f78   0x00000028   Code   RO         3709    i.TIM_TI2_ConfigInputStage  stm32h7xx_hal_tim.o
    0x08008fa0   0x08008fa0   0x0000003a   Code   RO         3710    i.TIM_TI2_SetConfig  stm32h7xx_hal_tim.o
    0x08008fda   0x08008fda   0x00000038   Code   RO         3711    i.TIM_TI3_SetConfig  stm32h7xx_hal_tim.o
    0x08009012   0x08009012   0x0000003c   Code   RO         3712    i.TIM_TI4_SetConfig  stm32h7xx_hal_tim.o
    0x0800904e   0x0800904e   0x00000002   PAD
    0x08009050   0x08009050   0x00000058   Code   RO         5049    i.UARTEx_SetNbDataToProcess  stm32h7xx_hal_uart_ex.o
    0x080090a8   0x080090a8   0x000000f8   Code   RO         4653    i.UART_AdvFeatureConfig  stm32h7xx_hal_uart.o
    0x080091a0   0x080091a0   0x000000ea   Code   RO         4654    i.UART_CheckIdleState  stm32h7xx_hal_uart.o
    0x0800928a   0x0800928a   0x00000018   Code   RO         4655    i.UART_DMAAbortOnError  stm32h7xx_hal_uart.o
    0x080092a2   0x080092a2   0x0000005e   Code   RO         4656    i.UART_DMAError     stm32h7xx_hal_uart.o
    0x08009300   0x08009300   0x00000054   Code   RO         4661    i.UART_DMATransmitCplt  stm32h7xx_hal_uart.o
    0x08009354   0x08009354   0x0000000e   Code   RO         4663    i.UART_DMATxHalfCplt  stm32h7xx_hal_uart.o
    0x08009362   0x08009362   0x00000002   PAD
    0x08009364   0x08009364   0x0000006c   Code   RO         4665    i.UART_EndRxTransfer  stm32h7xx_hal_uart.o
    0x080093d0   0x080093d0   0x00000030   Code   RO         4666    i.UART_EndTransmit_IT  stm32h7xx_hal_uart.o
    0x08009400   0x08009400   0x00000040   Code   RO         4667    i.UART_EndTxTransfer  stm32h7xx_hal_uart.o
    0x08009440   0x08009440   0x0000058c   Code   RO         4672    i.UART_SetConfig    stm32h7xx_hal_uart.o
    0x080099cc   0x080099cc   0x000000a2   Code   RO         4679    i.UART_WaitOnFlagUntilTimeout  stm32h7xx_hal_uart.o
    0x08009a6e   0x08009a6e   0x00000002   PAD
    0x08009a70   0x08009a70   0x00000010   Code   RO          475    i.USART1_IRQHandler  stm32h7xx_it.o
    0x08009a80   0x08009a80   0x00000004   Code   RO          476    i.UsageFault_Handler  stm32h7xx_it.o
    0x08009a84   0x08009a84   0x00000010   Code   RO         2555    i.__NVIC_GetPriorityGrouping  stm32h7xx_hal_cortex.o
    0x08009a94   0x08009a94   0x00000028   Code   RO         2556    i.__NVIC_SetPriority  stm32h7xx_hal_cortex.o
    0x08009abc   0x08009abc   0x0000000e   Code   RO         5227    i.__scatterload_copy  mc_w.l(handlers.o)
    0x08009aca   0x08009aca   0x00000002   Code   RO         5228    i.__scatterload_null  mc_w.l(handlers.o)
    0x08009acc   0x08009acc   0x0000000e   Code   RO         5229    i.__scatterload_zeroinit  mc_w.l(handlers.o)
    0x08009ada   0x08009ada   0x00000002   PAD
    0x08009adc   0x08009adc   0x00000284   Code   RO           20    i.main              main.o
    0x08009d60   0x08009d60   0x00000008   Data   RO         1846    .constdata          stm32h7xx_hal_dma.o
    0x08009d68   0x08009d68   0x00000018   Data   RO         4680    .constdata          stm32h7xx_hal_uart.o
    0x08009d80   0x08009d80   0x00000010   Data   RO         5051    .constdata          stm32h7xx_hal_uart_ex.o
    0x08009d90   0x08009d90   0x00000010   Data   RO         5160    .constdata          system_stm32h7xx.o
    0x08009da0   0x08009da0   0x00000020   Data   RO         5225    Region$$Table       anon$$obj.o


    Execution Region RW_IRAM1 (Exec base: 0x24000000, Load base: 0x08009dc0, Size: 0x00002338, Max: 0x00020000, ABSOLUTE)

    Exec Addr    Load Addr    Size         Type   Attr      Idx    E Section Name        Object

    0x24000000   0x08009dc0   0x00000012   Data   RW           22    .data               main.o
    0x24000012   0x08009dd2   0x00000002   PAD
    0x24000014   0x08009dd4   0x00000004   Data   RW          341    .data               tim.o
    0x24000018   0x08009dd8   0x00000009   Data   RW         2730    .data               stm32h7xx_hal.o
    0x24000021   0x08009de1   0x00000003   PAD
    0x24000024   0x08009de4   0x00000008   Data   RW         5161    .data               system_stm32h7xx.o
    0x2400002c        -       0x00001010   Zero   RW           21    .bss                main.o
    0x2400103c        -       0x00000064   Zero   RW          267    .bss                adc.o
    0x240010a0        -       0x00000d88   Zero   RW          340    .bss                tim.o
    0x24001e28        -       0x0000010c   Zero   RW          422    .bss                usart.o
    0x24001f34   0x08009dec   0x00000004   PAD
    0x24001f38        -       0x00000400   Zero   RW            1    STACK               startup_stm32h750xx.o


==============================================================================

Image component sizes


      Code (inc. data)   RO Data    RW Data    ZI Data      Debug   Object Name

       356         24          0          0        100       2165   adc.o
        52          4          0          0          0        962   dma.o
       228         12          0          0          0       1219   gpio.o
      1126         64          0         18       4112    1365966   main.o
        36          8        664          0       1024        864   startup_stm32h750xx.o
       232         48          0          9          0      23092   stm32h7xx_hal.o
      4256        246          0          0          0      80303   stm32h7xx_hal_adc.o
       386         20          0          0          0      66420   stm32h7xx_hal_adc_ex.o
       510         38          0          0          0      42745   stm32h7xx_hal_cortex.o
      8662        168          8          0          0      13766   stm32h7xx_hal_dma.o
       520         52          0          0          0       2348   stm32h7xx_hal_gpio.o
        36          4          0          0          0       1014   stm32h7xx_hal_msp.o
        96          6          0          0          0        813   stm32h7xx_hal_pwr_ex.o
      3640        114          0          0          0       7296   stm32h7xx_hal_rcc.o
      8084        186          0          0          0      11299   stm32h7xx_hal_rcc_ex.o
      4114        306          0          0          0      24842   stm32h7xx_hal_tim.o
       210         30          0          0          0       3460   stm32h7xx_hal_tim_ex.o
      3960        160         24          0          0      35586   stm32h7xx_hal_uart.o
       360         10         16          0          0       5870   stm32h7xx_hal_uart_ex.o
       146         42          0          0          0       8350   stm32h7xx_it.o
       252         40         16          8          0       1530   system_stm32h7xx.o
      1648        120          0          4       3464       6923   tim.o
       360         30          0          0        268       2173   usart.o

    ----------------------------------------------------------------------
     39300       1732        760         44       8972    1709006   Object Totals
         0          0         32          0          0          0   (incl. Generated)
        30          0          0          5          4          0   (incl. Padding)

    ----------------------------------------------------------------------

      Code (inc. data)   RO Data    RW Data    ZI Data      Debug   Library Member Name

         0          0          0          0          0          0   entry.o
         0          0          0          0          0          0   entry10a.o
         0          0          0          0          0          0   entry11a.o
         4          0          0          0          0          0   entry12b.o
         8          4          0          0          0          0   entry2.o
         4          0          0          0          0          0   entry5.o
         0          0          0          0          0          0   entry7b.o
         0          0          0          0          0          0   entry8b.o
         8          4          0          0          0          0   entry9a.o
        30          0          0          0          0          0   handlers.o
        36          8          0          0          0         68   init.o
        30          0          0          0          0         68   llshl.o
        32          0          0          0          0         68   llushr.o
        36          0          0          0          0         68   memcpya.o
        36          0          0          0          0        108   memseta.o
        98          0          0          0          0         92   uldiv.o

    ----------------------------------------------------------------------
       324         16          0          0          0        472   Library Totals
         2          0          0          0          0          0   (incl. Padding)

    ----------------------------------------------------------------------

      Code (inc. data)   RO Data    RW Data    ZI Data      Debug   Library Name

       322         16          0          0          0        472   mc_w.l

    ----------------------------------------------------------------------
       324         16          0          0          0        472   Library Totals

    ----------------------------------------------------------------------

==============================================================================


      Code (inc. data)   RO Data    RW Data    ZI Data      Debug   

     39624       1748        760         44       8972    1693526   Grand Totals
     39624       1748        760         44       8972    1693526   ELF Image Totals
     39624       1748        760         44          0          0   ROM Totals

==============================================================================

    Total RO  Size (Code + RO Data)                40384 (  39.44kB)
    Total RW  Size (RW Data + ZI Data)              9016 (   8.80kB)
    Total ROM Size (Code + RO Data + RW Data)      40428 (  39.48kB)

==============================================================================

